2026-05-14 18:55:30,395 INFO homedepot_us_sitemap: Starting Home Depot sitemap scraper with limit 100000
2026-05-14 18:55:30,395 INFO homedepot_us_sitemap: Using BrightData residential proxy for all requests
2026-05-14 18:55:30,395 INFO homedepot_us_sitemap: Step 1: Fetching category URLs...
2026-05-14 18:55:30,395 INFO homedepot_us_sitemap: Fetching category: https://www.homedepot.com/s/tools/power-tools
2026-05-14 18:55:30,395 INFO homedepot_us_sitemap: Attempt 1/5 for https://www.homedepot.com/s/tools/power-tools
2026-05-14 18:55:36,123 WARNING homedepot_us_sitemap: Access denied for https://www.homedepot.com/s/tools/power-tools (403), retrying...
2026-05-14 18:55:40,127 INFO homedepot_us_sitemap: Attempt 2/5 for https://www.homedepot.com/s/tools/power-tools
2026-05-14 18:55:47,174 WARNING homedepot_us_sitemap: Access denied for https://www.homedepot.com/s/tools/power-tools (403), retrying...
2026-05-14 18:55:55,176 INFO homedepot_us_sitemap: Attempt 3/5 for https://www.homedepot.com/s/tools/power-tools
2026-05-14 18:56:02,317 WARNING homedepot_us_sitemap: Access denied for https://www.homedepot.com/s/tools/power-tools (403), retrying...
2026-05-14 18:56:14,323 INFO homedepot_us_sitemap: Attempt 4/5 for https://www.homedepot.com/s/tools/power-tools
2026-05-14 18:56:24,230 WARNING homedepot_us_sitemap: Access denied for https://www.homedepot.com/s/tools/power-tools (403), retrying...
2026-05-14 18:56:40,231 INFO homedepot_us_sitemap: Attempt 5/5 for https://www.homedepot.com/s/tools/power-tools
2026-05-14 18:56:54,865 WARNING homedepot_us_sitemap: Access denied for https://www.homedepot.com/s/tools/power-tools (403), retrying...
2026-05-14 18:57:14,868 WARNING homedepot_us_sitemap: Failed to fetch category https://www.homedepot.com/s/tools/power-tools after retries
2026-05-14 18:57:17,871 INFO homedepot_us_sitemap: Fetching category: https://www.homedepot.com/s/tools/cordless-drills
2026-05-14 18:57:17,871 INFO homedepot_us_sitemap: Attempt 1/5 for https://www.homedepot.com/s/tools/cordless-drills
2026-05-14 18:57:21,367 WARNING homedepot_us_sitemap: Access denied for https://www.homedepot.com/s/tools/cordless-drills (403), retrying...
2026-05-14 18:57:25,371 INFO homedepot_us_sitemap: Attempt 2/5 for https://www.homedepot.com/s/tools/cordless-drills
2026-05-14 18:57:31,371 WARNING homedepot_us_sitemap: Access denied for https://www.homedepot.com/s/tools/cordless-drills (403), retrying...
2026-05-14 18:57:39,373 INFO homedepot_us_sitemap: Attempt 3/5 for https://www.homedepot.com/s/tools/cordless-drills
2026-05-14 18:57:45,962 WARNING homedepot_us_sitemap: Access denied for https://www.homedepot.com/s/tools/cordless-drills (403), retrying...
2026-05-14 18:57:57,967 INFO homedepot_us_sitemap: Attempt 4/5 for https://www.homedepot.com/s/tools/cordless-drills
2026-05-14 18:58:07,550 WARNING homedepot_us_sitemap: Access denied for https://www.homedepot.com/s/tools/cordless-drills (403), retrying...
2026-05-14 18:58:23,552 INFO homedepot_us_sitemap: Attempt 5/5 for https://www.homedepot.com/s/tools/cordless-drills
2026-05-14 18:58:42,185 WARNING homedepot_us_sitemap: Access denied for https://www.homedepot.com/s/tools/cordless-drills (403), retrying...
2026-05-14 18:59:02,187 WARNING homedepot_us_sitemap: Failed to fetch category https://www.homedepot.com/s/tools/cordless-drills after retries
2026-05-14 18:59:05,188 INFO homedepot_us_sitemap: Fetching category: https://www.homedepot.com/s/tools/circular-saws
2026-05-14 18:59:05,188 INFO homedepot_us_sitemap: Attempt 1/5 for https://www.homedepot.com/s/tools/circular-saws
2026-05-14 18:59:08,628 WARNING homedepot_us_sitemap: Access denied for https://www.homedepot.com/s/tools/circular-saws (403), retrying...
2026-05-14 18:59:12,632 INFO homedepot_us_sitemap: Attempt 2/5 for https://www.homedepot.com/s/tools/circular-saws
2026-05-14 18:59:18,494 WARNING homedepot_us_sitemap: Access denied for https://www.homedepot.com/s/tools/circular-saws (403), retrying...
2026-05-14 18:59:26,495 INFO homedepot_us_sitemap: Attempt 3/5 for https://www.homedepot.com/s/tools/circular-saws
2026-05-14 18:59:36,221 WARNING homedepot_us_sitemap: Access denied for https://www.homedepot.com/s/tools/circular-saws (403), retrying...
2026-05-14 18:59:48,227 INFO homedepot_us_sitemap: Attempt 4/5 for https://www.homedepot.com/s/tools/circular-saws
2026-05-14 18:59:57,209 WARNING homedepot_us_sitemap: Access denied for https://www.homedepot.com/s/tools/circular-saws (403), retrying...
2026-05-14 19:00:13,210 INFO homedepot_us_sitemap: Attempt 5/5 for https://www.homedepot.com/s/tools/circular-saws
2026-05-14 19:00:26,456 WARNING homedepot_us_sitemap: Access denied for https://www.homedepot.com/s/tools/circular-saws (403), retrying...
2026-05-14 19:00:46,462 WARNING homedepot_us_sitemap: Failed to fetch category https://www.homedepot.com/s/tools/circular-saws after retries
2026-05-14 19:00:49,463 INFO homedepot_us_sitemap: Fetching category: https://www.homedepot.com/s/tools/hand-tools
2026-05-14 19:00:49,463 INFO homedepot_us_sitemap: Attempt 1/5 for https://www.homedepot.com/s/tools/hand-tools
2026-05-14 19:00:54,231 WARNING homedepot_us_sitemap: Access denied for https://www.homedepot.com/s/tools/hand-tools (403), retrying...
2026-05-14 19:00:58,235 INFO homedepot_us_sitemap: Attempt 2/5 for https://www.homedepot.com/s/tools/hand-tools
2026-05-14 19:01:04,604 WARNING homedepot_us_sitemap: Access denied for https://www.homedepot.com/s/tools/hand-tools (403), retrying...
2026-05-14 19:01:12,606 INFO homedepot_us_sitemap: Attempt 3/5 for https://www.homedepot.com/s/tools/hand-tools
2026-05-14 19:01:20,248 WARNING homedepot_us_sitemap: Access denied for https://www.homedepot.com/s/tools/hand-tools (403), retrying...
2026-05-14 19:01:32,251 INFO homedepot_us_sitemap: Attempt 4/5 for https://www.homedepot.com/s/tools/hand-tools
2026-05-14 19:01:41,445 WARNING homedepot_us_sitemap: Access denied for https://www.homedepot.com/s/tools/hand-tools (403), retrying...
2026-05-14 19:01:57,447 INFO homedepot_us_sitemap: Attempt 5/5 for https://www.homedepot.com/s/tools/hand-tools
2026-05-14 19:02:11,300 WARNING homedepot_us_sitemap: Access denied for https://www.homedepot.com/s/tools/hand-tools (403), retrying...
2026-05-14 19:02:31,303 WARNING homedepot_us_sitemap: Failed to fetch category https://www.homedepot.com/s/tools/hand-tools after retries
2026-05-14 19:02:34,304 INFO homedepot_us_sitemap: Fetching category: https://www.homedepot.com/s/tools/screwdrivers
2026-05-14 19:02:34,304 INFO homedepot_us_sitemap: Attempt 1/5 for https://www.homedepot.com/s/tools/screwdrivers
2026-05-14 19:02:36,951 WARNING homedepot_us_sitemap: Access denied for https://www.homedepot.com/s/tools/screwdrivers (403), retrying...
2026-05-14 19:02:40,955 INFO homedepot_us_sitemap: Attempt 2/5 for https://www.homedepot.com/s/tools/screwdrivers
2026-05-14 19:02:46,194 WARNING homedepot_us_sitemap: Access denied for https://www.homedepot.com/s/tools/screwdrivers (403), retrying...
2026-05-14 19:02:54,196 INFO homedepot_us_sitemap: Attempt 3/5 for https://www.homedepot.com/s/tools/screwdrivers
2026-05-14 19:03:03,483 WARNING homedepot_us_sitemap: Access denied for https://www.homedepot.com/s/tools/screwdrivers (403), retrying...
2026-05-14 19:03:15,487 INFO homedepot_us_sitemap: Attempt 4/5 for https://www.homedepot.com/s/tools/screwdrivers
2026-05-14 19:03:27,627 WARNING homedepot_us_sitemap: Access denied for https://www.homedepot.com/s/tools/screwdrivers (403), retrying...
2026-05-14 19:03:43,631 INFO homedepot_us_sitemap: Attempt 5/5 for https://www.homedepot.com/s/tools/screwdrivers
2026-05-14 19:03:54,935 WARNING homedepot_us_sitemap: Access denied for https://www.homedepot.com/s/tools/screwdrivers (403), retrying...
2026-05-14 19:04:14,941 WARNING homedepot_us_sitemap: Failed to fetch category https://www.homedepot.com/s/tools/screwdrivers after retries
2026-05-14 19:04:17,942 INFO homedepot_us_sitemap: Fetching category: https://www.homedepot.com/s/tools/hammers
2026-05-14 19:04:17,942 INFO homedepot_us_sitemap: Attempt 1/5 for https://www.homedepot.com/s/tools/hammers
2026-05-14 19:04:28,879 WARNING homedepot_us_sitemap: Access denied for https://www.homedepot.com/s/tools/hammers (403), retrying...
2026-05-14 19:04:32,883 INFO homedepot_us_sitemap: Attempt 2/5 for https://www.homedepot.com/s/tools/hammers
2026-05-14 19:04:38,974 WARNING homedepot_us_sitemap: Access denied for https://www.homedepot.com/s/tools/hammers (403), retrying...
2026-05-14 19:04:46,978 INFO homedepot_us_sitemap: Attempt 3/5 for https://www.homedepot.com/s/tools/hammers
2026-05-14 19:04:55,961 WARNING homedepot_us_sitemap: Access denied for https://www.homedepot.com/s/tools/hammers (403), retrying...
2026-05-14 19:05:07,967 INFO homedepot_us_sitemap: Attempt 4/5 for https://www.homedepot.com/s/tools/hammers
2026-05-14 19:05:17,332 WARNING homedepot_us_sitemap: Access denied for https://www.homedepot.com/s/tools/hammers (403), retrying...
2026-05-14 19:05:33,335 INFO homedepot_us_sitemap: Attempt 5/5 for https://www.homedepot.com/s/tools/hammers
