would-trash [catalog-skipped+D:skipped] 0.01GB data/shopify-discovery/makeupcityshop-com/products.jsonl
would-trash [catalog-skipped+D:skipped] 0.00GB data/shopify-discovery/getdigital-de/products.jsonl
would-trash [catalog-skipped+D:skipped] 0.00GB data/shopify-discovery/dreo-com/products.jsonl
would-trash [catalog-skipped+D:skipped] 0.01GB data/shopify-discovery/sasitrends-com/products.jsonl
would-trash [catalog-skipped+D:skipped] 0.00GB data/shopify-discovery/buly1803-com/products.jsonl
would-trash [catalog-skipped+D:skipped] 0.00GB data/shopify-discovery/amiclubwear-com/products.jsonl
would-trash [catalog-skipped+D:skipped] 0.00GB data/shopify-discovery/arkivmusic-com/products.jsonl
would-trash [catalog-skipped+D:skipped] 0.00GB data/shopify-discovery/im8health-com/products.jsonl
would-trash [catalog-skipped+D:skipped] 0.00GB data/shopify-discovery/neibacshop-com/products.jsonl
would-trash [catalog-skipped+D:skipped] 0.00GB data/shopify-discovery/deyga-in/products.jsonl
would-trash [catalog-skipped+D:skipped] 0.00GB data/shopify-discovery/matkatus-com/products.jsonl
would-trash [catalog-skipped+D:skipped] 0.00GB data/shopify-discovery/bellamihair-com/products.jsonl
would-trash [catalog-skipped+D:skipped] 0.00GB data/shopify-discovery/axorhelmets-com/products.jsonl
would-trash [catalog-skipped+D:skipped] 0.00GB data/shopify-discovery/asitisnutrition-com/products.jsonl
would-trash [catalog-skipped+D:skipped] 0.00GB data/shopify-discovery/spccstore-com/products.jsonl
would-trash [catalog-skipped+D:skipped] 0.00GB data/shopify-discovery/haylou-com/products.jsonl
would-trash [catalog-skipped+D:skipped] 0.00GB data/shopify-discovery/herbiotics-com-pk/products.jsonl
would-trash [catalog-skipped+D:skipped] 0.00GB data/shopify-discovery/sassyclassy-de/products.jsonl
would-trash [catalog-skipped+D:skipped] 0.00GB data/shopify-discovery/hobbii-se/products.jsonl
would-trash [catalog-skipped+D:skipped] 0.01GB data/shopify-discovery/zapdress-com/products.jsonl
would-trash [catalog-skipped+D:skipped] 0.00GB data/shopify-discovery/discoverpacifico-com/products.jsonl
would-trash [catalog-skipped+D:skipped] 0.00GB data/shopify-discovery/blnts-com/products.jsonl
would-trash [catalog-skipped+D:skipped] 0.01GB data/shopify-discovery/rzcreweurope-com/products.jsonl
would-trash [catalog-skipped+D:skipped] 0.00GB data/shopify-discovery/in2detailing-co-uk/products.jsonl
would-trash [catalog-skipped+D:skipped] 0.00GB data/shopify-discovery/rockstarenergy-com/products.jsonl
would-trash [catalog-skipped+D:skipped] 0.00GB data/shopify-discovery/mova-tech/products.jsonl
would-trash [catalog-skipped+D:skipped] 0.00GB data/shopify-discovery/afroyla-com/products.jsonl
would-trash [catalog-skipped+D:skipped] 0.00GB data/shopify-discovery/eauto-co-in/products.jsonl
would-trash [catalog-skipped+D:skipped] 0.00GB data/shopify-discovery/fabrics-cl/products.jsonl
would-trash [catalog-skipped+D:skipped] 0.00GB data/shopify-discovery/eraldo-com/products.jsonl
would-trash [catalog-skipped+D:skipped] 0.00GB data/shopify-discovery/fixderma-com/products.jsonl
would-trash [catalog-skipped+D:skipped] 0.00GB data/shopify-discovery/engwe-com/products.jsonl
would-trash [catalog-skipped+D:skipped] 0.00GB data/shopify-discovery/johnhardy-com/products.jsonl
would-trash [catalog-skipped+D:skipped] 0.01GB data/shopify-discovery/decathlon-com-ar/products.jsonl
would-trash [catalog-skipped+D:skipped] 0.00GB data/shopify-discovery/cuadra-com-mx/products.jsonl
would-trash [catalog-skipped+D:skipped] 0.00GB data/shopify-discovery/quay-com/products.jsonl
would-trash [catalog-skipped+D:skipped] 0.00GB data/shopify-discovery/burtsbeesbaby-com/products.jsonl
would-trash [catalog-skipped+D:skipped] 0.01GB data/shopify-discovery/oversoyed-com/products.jsonl
would-trash [catalog-skipped+D:skipped] 0.00GB data/shopify-discovery/thuma-co/products.jsonl
would-trash [catalog-skipped+D:skipped] 0.00GB data/shopify-discovery/lamptwist-com/products.jsonl
would-trash [catalog-skipped+D:skipped] 0.00GB data/shopify-discovery/vastramay-com/products.jsonl
would-trash [catalog-skipped+D:skipped] 0.00GB data/shopify-discovery/wholelattelove-com/products.jsonl
would-trash [catalog-skipped+D:skipped] 0.01GB data/shopify-discovery/morebeer-com/products.jsonl
would-trash [catalog-skipped+D:skipped] 0.01GB data/shopify-discovery/weshoes-co-il/products.jsonl
would-trash [catalog-skipped+D:skipped] 0.00GB data/shopify-discovery/radpowerbikes-com/products.jsonl
would-trash [catalog-skipped+D:skipped] 0.00GB data/shopify-discovery/rmsbeauty-com/products.jsonl
would-trash [catalog-skipped+D:skipped] 0.00GB data/shopify-discovery/slamcity-com/products.jsonl
would-trash [catalog-skipped+D:skipped] 0.00GB data/shopify-discovery/ordernation-com/products.jsonl
would-trash [catalog-skipped+D:skipped] 0.00GB data/shopify-discovery/teckinhome-com/products.jsonl
would-trash [catalog-skipped+D:skipped] 0.01GB data/shopify-discovery/animes-pro-com/products.jsonl
would-trash [catalog-skipped+D:skipped] 0.00GB data/shopify-discovery/mesmerizeindia-com/products.jsonl
would-trash [catalog-skipped+D:skipped] 0.00GB data/shopify-discovery/reebok-com-ar/products.jsonl
would-trash [catalog-skipped+D:skipped] 0.00GB data/shopify-discovery/furorjeans-com/products.jsonl
would-trash [catalog-skipped+D:skipped] 0.00GB data/shopify-discovery/365mashbir-co-il/products.jsonl
would-trash [catalog-skipped+D:skipped] 0.00GB data/shopify-discovery/dutchgrown-eu/products.jsonl
would-trash [catalog-skipped+D:skipped] 0.01GB data/shopify-discovery/virtualmuebles-com/products.jsonl
would-trash [catalog-skipped+D:skipped] 0.00GB data/shopify-discovery/sharkninja-com-tr/products.jsonl
would-trash [catalog-skipped+D:skipped] 0.00GB data/shopify-discovery/rsvpdesign-co-uk/products.jsonl
would-trash [catalog-skipped+D:skipped] 0.00GB data/shopify-discovery/showmeyourmumu-com/products.jsonl
would-trash [catalog-skipped+D:skipped] 0.00GB data/shopify-discovery/khadims-com/products.jsonl
would-trash [catalog-skipped+D:skipped] 0.00GB data/shopify-discovery/shopthegreatescape-com/products.jsonl
would-trash [catalog-skipped+D:skipped] 0.00GB data/shopify-discovery/dakine-com/products.jsonl
would-trash [catalog-skipped+D:skipped] 0.00GB data/shopify-discovery/canapuff-com/products.jsonl
would-trash [catalog-skipped+D:skipped] 0.00GB data/shopify-discovery/2segypt-com/products.jsonl
would-trash [catalog-skipped+D:skipped] 0.00GB data/shopify-discovery/westinghouse-com/products.jsonl
would-trash [catalog-skipped+D:skipped] 0.00GB data/shopify-discovery/ballerinafarm-com/products.jsonl
would-trash [catalog-skipped+D:skipped] 0.00GB data/shopify-discovery/explodingkittens-com/products.jsonl
would-trash [catalog-skipped+D:skipped] 0.00GB data/shopify-discovery/eco-worthy-com/products.jsonl
would-trash [catalog-skipped+D:skipped] 0.00GB data/shopify-discovery/paintscratch-com/products.jsonl
would-trash [catalog-skipped+D:skipped] 0.00GB data/shopify-discovery/myfreebird-com/products.jsonl
would-trash [catalog-skipped+D:skipped] 0.00GB data/shopify-discovery/foxhome-co-il/products.jsonl
would-trash [catalog-skipped+D:skipped] 0.00GB data/shopify-discovery/toucheprive-com/products.jsonl
would-trash [catalog-skipped+D:skipped] 0.00GB data/shopify-discovery/foom-id/products.jsonl
would-trash [catalog-skipped+D:skipped] 0.00GB data/shopify-discovery/johnnie-o-com/products.jsonl
would-trash [catalog-skipped+D:skipped] 0.00GB data/shopify-discovery/maletasgreenwich-com/products.jsonl
would-trash [catalog-skipped+D:skipped] 0.00GB data/shopify-discovery/janeausten-co-uk/products.jsonl
would-trash [catalog-skipped+D:skipped] 0.01GB data/shopify-discovery/waterdropfilter-com/products.jsonl
would-trash [catalog-skipped+D:skipped] 0.00GB data/shopify-discovery/licocosmetics-com/products.jsonl
would-trash [catalog-skipped+D:skipped] 0.00GB data/shopify-discovery/tonipons-com/products.jsonl
would-trash [catalog-skipped+D:skipped] 0.00GB data/shopify-discovery/northernbrewer-com/products.jsonl
would-trash [catalog-skipped+D:skipped] 0.00GB data/shopify-discovery/lucabarra-it/products.jsonl
would-trash [catalog-skipped+D:skipped] 0.00GB data/shopify-discovery/natori-com/products.jsonl
would-trash [catalog-skipped+D:skipped] 0.00GB data/shopify-discovery/aninebing-com/products.jsonl
would-trash [catalog-skipped+D:skipped] 0.00GB data/shopify-discovery/steaklocker-com/products.jsonl
would-trash [catalog-skipped+D:skipped] 0.00GB data/shopify-discovery/peepso-com/products.jsonl
would-trash [catalog-skipped+D:skipped] 0.00GB data/shopify-discovery/demoniacult-com/products.jsonl
would-trash [catalog-skipped+D:skipped] 0.00GB data/shopify-discovery/vxe-com/products.jsonl
would-trash [catalog-skipped+D:skipped] 0.00GB data/shopify-discovery/summerfridays-com/products.jsonl
would-trash [catalog-skipped+D:skipped] 0.00GB data/shopify-discovery/montirex-com/products.jsonl
would-trash [catalog-skipped+D:skipped] 0.00GB data/shopify-discovery/sedgars-com/products.jsonl
would-trash [catalog-skipped+D:skipped] 0.00GB data/shopify-discovery/towerrecords-com/products.jsonl
would-trash [catalog-skipped+D:skipped] 0.00GB data/shopify-discovery/niviasports-com/products.jsonl
would-trash [catalog-skipped+D:skipped] 0.00GB data/shopify-discovery/foodiesinheels-com/products.jsonl
would-trash [catalog-skipped+D:skipped] 0.00GB data/shopify-discovery/numberartist-com/products.jsonl
would-trash [catalog-skipped+D:skipped] 0.00GB data/shopify-discovery/vogoluxy-com/products.jsonl
would-trash [catalog-skipped+D:skipped] 0.00GB data/shopify-discovery/muranojoias-com-br/products.jsonl
would-trash [catalog-skipped+D:skipped] 0.00GB data/shopify-discovery/sportamore-com/products.jsonl
would-trash [catalog-skipped+D:skipped] 0.00GB data/shopify-discovery/heatholders-com/products.jsonl
would-trash [catalog-skipped+D:skipped] 0.00GB data/shopify-discovery/repetto-com/products.jsonl
would-trash [catalog-skipped+D:skipped] 0.00GB data/shopify-discovery/blueland-com/products.jsonl
would-trash [catalog-skipped+D:skipped] 0.00GB data/shopify-discovery/kleankanteen-com/products.jsonl
would-trash [catalog-skipped+D:skipped] 0.00GB data/shopify-discovery/comme-avant-bio/products.jsonl
would-trash [catalog-skipped+D:skipped] 0.00GB data/shopify-discovery/banarasee-in/products.jsonl
would-trash [catalog-skipped+D:skipped] 0.00GB data/shopify-discovery/netrition-com/products.jsonl
would-trash [catalog-skipped+D:skipped] 0.00GB data/shopify-discovery/jlab-com/products.jsonl
would-trash [catalog-skipped+D:skipped] 0.00GB data/shopify-discovery/1stphorm-com/products.jsonl
would-trash [catalog-skipped+D:skipped] 0.00GB data/shopify-discovery/funnyfuzzy-com/products.jsonl
would-trash [catalog-skipped+D:skipped] 0.00GB data/shopify-discovery/boardriders-co-jp/products.jsonl
would-trash [catalog-skipped+D:skipped] 0.00GB data/shopify-discovery/nebuleusebijoux-com/products.jsonl
would-trash [catalog-skipped+D:skipped] 0.00GB data/shopify-discovery/funeral-com/products.jsonl
would-trash [catalog-skipped+D:skipped] 0.00GB data/shopify-discovery/beadablebliss-com/products.jsonl
would-trash [catalog-skipped+D:skipped] 0.00GB data/shopify-discovery/thefryecompany-com/products.jsonl
would-trash [catalog-skipped+D:skipped] 0.00GB data/shopify-discovery/statelinetack-com/products.jsonl
would-trash [catalog-skipped+D:skipped] 0.00GB data/shopify-discovery/vuzix-com/products.jsonl
would-trash [catalog-skipped+D:skipped] 0.00GB data/shopify-discovery/levoilestores-com/products.jsonl
would-trash [catalog-skipped+D:skipped] 0.00GB data/shopify-discovery/arenacommerce-com/products.jsonl
would-trash [catalog-skipped+D:skipped] 0.00GB data/shopify-discovery/mayahenryjewelers-com/products.jsonl
would-trash [catalog-skipped+D:skipped] 0.00GB data/shopify-discovery/dissh-com/products.jsonl
would-trash [catalog-skipped+D:skipped] 0.00GB data/shopify-discovery/hotelcollection-com/products.jsonl
would-trash [catalog-skipped+D:skipped] 0.00GB data/shopify-discovery/sodastream-pl/products.jsonl
would-trash [catalog-skipped+D:skipped] 0.00GB data/shopify-discovery/hushpuppies-cl/products.jsonl
would-trash [catalog-skipped+D:skipped] 0.00GB data/shopify-discovery/newrock-com/products.jsonl
would-trash [catalog-skipped+D:skipped] 0.00GB data/shopify-discovery/ever-pretty-fr/products.jsonl
would-trash [catalog-skipped+D:skipped] 0.00GB data/shopify-discovery/jenniferjohn-charleston-com/products.jsonl
would-trash [catalog-skipped+D:skipped] 0.00GB data/shopify-discovery/brilliant-xyz/products.jsonl
would-trash [catalog-skipped+D:skipped] 0.00GB data/shopify-discovery/culturesforhealth-com/products.jsonl
would-trash [catalog-skipped+D:skipped] 0.00GB data/shopify-discovery/kabegamiyahonpo-com/products.jsonl
would-trash [catalog-skipped+D:skipped] 0.00GB data/shopify-discovery/aeropress-com/products.jsonl
would-trash [catalog-skipped+D:skipped] 0.00GB data/shopify-discovery/boxraw-com/products.jsonl
would-trash [catalog-skipped+D:skipped] 0.00GB data/shopify-discovery/shopflamingo-com/products.jsonl
would-trash [catalog-skipped+D:skipped] 0.00GB data/shopify-discovery/viktor-rolf-com/products.jsonl
would-trash [catalog-skipped+D:skipped] 0.00GB data/shopify-discovery/arrocha-com/products.jsonl
would-trash [catalog-skipped+D:skipped] 0.01GB data/shopify-discovery/wrapcart-com/products.jsonl
would-trash [catalog-skipped+D:skipped] 0.00GB data/shopify-discovery/theflightwall-com/products.jsonl
would-trash [catalog-skipped+D:skipped] 0.00GB data/shopify-discovery/jennikayne-com/products.jsonl
would-trash [catalog-skipped+D:skipped] 0.00GB data/shopify-discovery/cosmoslayers-in/products.jsonl
would-trash [catalog-skipped+D:skipped] 0.00GB data/shopify-discovery/aetrex-com/products.jsonl
would-trash [catalog-skipped+D:skipped] 0.00GB data/shopify-discovery/bylmo-com/products.jsonl
would-trash [catalog-skipped+D:skipped] 0.00GB data/shopify-discovery/glamorise-com/products.jsonl
would-trash [catalog-skipped+D:skipped] 0.00GB data/shopify-discovery/chinyere-pk/products.jsonl
would-trash [catalog-skipped+D:skipped] 0.00GB data/shopify-discovery/bikes-com/products.jsonl
would-trash [catalog-skipped+D:skipped] 0.00GB data/shopify-discovery/lavar-app/products.jsonl
would-trash [catalog-skipped+D:skipped] 0.00GB data/shopify-discovery/oxva-com/products.jsonl
would-trash [catalog-skipped+D:skipped] 0.00GB data/shopify-discovery/thinktankphoto-com/products.jsonl
would-trash [catalog-skipped+D:skipped] 0.00GB data/shopify-discovery/vincecamuto-com/products.jsonl
would-trash [catalog-skipped+D:skipped] 0.00GB data/shopify-discovery/renuar-co-il/products.jsonl
would-trash [catalog-skipped+D:skipped] 0.00GB data/shopify-discovery/cuyana-com/products.jsonl
would-trash [catalog-skipped+D:skipped] 0.00GB data/shopify-discovery/vans-cl/products.jsonl
would-trash [catalog-skipped+D:skipped] 0.00GB data/shopify-discovery/mmlafleur-com/products.jsonl
would-trash [catalog-skipped+D:skipped] 0.00GB data/shopify-discovery/wedgwood-com/products.jsonl
would-trash [catalog-skipped+D:skipped] 0.00GB data/shopify-discovery/milanicosmetics-com/products.jsonl
would-trash [catalog-skipped+D:skipped] 0.00GB data/shopify-discovery/pinkpalmpuff-com/products.jsonl
would-trash [catalog-skipped+D:skipped] 0.00GB data/shopify-discovery/cozyhomefurniture-com/products.jsonl
would-trash [catalog-skipped+D:skipped] 0.00GB data/shopify-discovery/gameonfamily-com/products.jsonl
would-trash [catalog-skipped+D:skipped] 0.00GB data/shopify-discovery/perfumepalace-in/products.jsonl
would-trash [catalog-skipped+D:skipped] 0.00GB data/shopify-discovery/voomisupply-com/products.jsonl
would-trash [catalog-skipped+D:skipped] 0.00GB data/shopify-discovery/zeb-be/products.jsonl
would-trash [catalog-skipped+D:skipped] 0.00GB data/shopify-discovery/shoplovestitch-com/products.jsonl
would-trash [catalog-skipped+D:skipped] 0.00GB data/shopify-discovery/revell-de/products.jsonl
would-trash [catalog-skipped+D:skipped] 0.00GB data/shopify-discovery/bellross-com/products.jsonl
would-trash [catalog-skipped+D:skipped] 0.00GB data/shopify-discovery/trubeehoney-com/products.jsonl
would-trash [catalog-skipped+D:skipped] 0.00GB data/shopify-discovery/everydaydose-com/products.jsonl
would-trash [catalog-skipped+D:skipped] 0.00GB data/shopify-discovery/pampili-com-br/products.jsonl
would-trash [catalog-skipped+D:skipped] 0.00GB data/shopify-discovery/dunns-co-za/products.jsonl
would-trash [catalog-skipped+D:skipped] 0.00GB data/shopify-discovery/honeybirdette-com/products.jsonl
would-trash [catalog-skipped+D:skipped] 0.00GB data/shopify-discovery/aubainerie-com/products.jsonl
would-trash [catalog-skipped+D:skipped] 0.00GB data/shopify-discovery/soundbrenner-com/products.jsonl
would-trash [catalog-skipped+D:skipped] 0.00GB data/shopify-discovery/frombalitous-com/products.jsonl
would-trash [catalog-skipped+D:skipped] 0.00GB data/shopify-discovery/bblunt-com/products.jsonl
would-trash [catalog-skipped+D:skipped] 0.00GB data/shopify-discovery/shopcsb-com/products.jsonl
would-trash [catalog-skipped+D:skipped] 0.00GB data/shopify-discovery/branchline-com-au/products.jsonl
would-trash [catalog-skipped+D:skipped] 0.00GB data/shopify-discovery/stevemadden-com-mx/products.jsonl
would-trash [catalog-skipped+D:skipped] 0.00GB data/shopify-discovery/athleticbrewing-com/products.jsonl
would-trash [catalog-skipped+D:skipped] 0.00GB data/shopify-discovery/eirehobbies-com/products.jsonl
would-trash [catalog-skipped+D:skipped] 0.00GB data/shopify-discovery/zuiki-it/products.jsonl
would-trash [catalog-skipped+D:skipped] 0.00GB data/shopify-discovery/goodbuygear-com/products.jsonl
would-trash [catalog-skipped+D:skipped] 0.00GB data/shopify-discovery/apssupply-nl/products.jsonl
would-trash [catalog-skipped+D:skipped] 0.00GB data/shopify-discovery/provenwinnersdirect-com/products.jsonl
would-trash [catalog-skipped+D:skipped] 0.00GB data/shopify-discovery/shilav-co-il/products.jsonl
would-trash [catalog-skipped+D:skipped] 0.00GB data/shopify-discovery/secretbottleshop-co-uk/products.jsonl
would-trash [catalog-skipped+D:skipped] 0.00GB data/shopify-discovery/firstwefeast-com/products.jsonl
would-trash [catalog-skipped+D:skipped] 0.00GB data/shopify-discovery/2xu-com/products.jsonl
would-trash [catalog-skipped+D:skipped] 0.00GB data/shopify-discovery/stiiizy-com/products.jsonl
would-trash [catalog-skipped+D:skipped] 0.00GB data/shopify-discovery/nassaunationalcable-com/products.jsonl
would-trash [catalog-skipped+D:skipped] 0.00GB data/shopify-discovery/normareed-ca/products.jsonl
would-trash [catalog-skipped+D:skipped] 0.00GB data/shopify-discovery/livingproof-com/products.jsonl
would-trash [catalog-skipped+D:skipped] 0.01GB data/shopify-discovery/gayathrisarees-com/products.jsonl
would-trash [catalog-skipped+D:skipped] 0.00GB data/shopify-discovery/twinkly-com/products.jsonl
would-trash [catalog-skipped+D:skipped] 0.00GB data/shopify-discovery/motifz-com-pk/products.jsonl
would-trash [catalog-skipped+D:skipped] 0.00GB data/shopify-discovery/porchlightbooks-com/products.jsonl
would-trash [catalog-skipped+D:skipped] 0.00GB data/shopify-discovery/andplants-jp/products.jsonl
would-trash [catalog-skipped+D:skipped] 0.00GB data/shopify-discovery/nature-heart-de/products.jsonl
would-trash [catalog-skipped+D:skipped] 0.00GB data/shopify-discovery/primary-com/products.jsonl
would-trash [catalog-skipped+D:skipped] 0.00GB data/shopify-discovery/thefrankieshop-com/products.jsonl
would-trash [catalog-skipped+D:skipped] 0.00GB data/shopify-discovery/adelaidegunshop-com-au/products.jsonl
would-trash [catalog-skipped+D:skipped] 0.00GB data/shopify-discovery/justherbs-in/products.jsonl
would-trash [catalog-skipped+D:skipped] 0.00GB data/shopify-discovery/nutridome-pl/products.jsonl
would-trash [catalog-skipped+D:skipped] 0.01GB data/shopify-discovery/artprinta-com/products.jsonl
would-trash [catalog-skipped+D:skipped] 0.00GB data/shopify-discovery/laprairie-com/products.jsonl
would-trash [catalog-skipped+D:skipped] 0.00GB data/shopify-discovery/wearmsw-com/products.jsonl
cap: MAX_FILES reached
--- files=200 freed=0.36GB catalogChecked=0 lowMatchKept=0 r2Missed=6 apply=0
