would-trash [catalog-skipped+D:skipped] 0.00GB data/sunnies_studios_ph_20260619_155131.ndjson
would-trash [catalog-skipped+D:skipped] 0.00GB data/skechers_sg_20260619_120905.ndjson
would-trash [catalog-skipped+D:skipped] 0.00GB data/sociolla_id_bulk_20260619_034759.ndjson
would-trash [catalog-skipped+D:skipped] 0.00GB data/levi_sg_20260619.ndjson
would-trash [catalog-skipped+D:skipped] 0.02GB data/robinsons_sg_resume_20260619_132953.ndjson
would-trash [catalog-skipped+D:skipped] 0.01GB data/penshoppe_ph_20260619_155448.ndjson
would-trash [catalog-skipped+D:skipped] 0.00GB data/skechers_my_20260619_120917.ndjson
would-trash [catalog-skipped+D:skipped] 0.09GB data/robinsons_sg_full_20260619.ndjson
would-trash [catalog-skipped+D:skipped] 0.03GB data/italist_products.dedup.ndjson
would-trash [catalog-skipped+D:skipped] 0.00GB data/guardian_my_20260619_064629.ndjson
would-trash [catalog-skipped+D:skipped] 0.01GB data/nitori_all_20260619.ndjson
would-trash [catalog-skipped+D:skipped] 0.01GB data/og_sg_20260619_141317.ndjson
would-trash [catalog-skipped+D:skipped] 0.01GB data/skechers_th_20260619_120940.ndjson
would-trash [catalog-skipped+D:skipped] 0.00GB data/skechers_hk_20260619_121002.ndjson
would-trash [catalog-skipped+D:skipped] 0.00GB data/nitori_ph_20260619_111348.ndjson
would-trash [catalog-skipped+D:skipped] 0.07GB data/popular_sg_full_20260619.ndjson
would-trash [catalog-skipped+D:skipped] 0.04GB data/metro_sg_20260619_141114.ndjson
would-trash [catalog-skipped+D:skipped] 0.01GB data/adidas_urls.jsonl
would-trash [catalog-skipped+D:skipped] 0.01GB data/power_mac_center_ph_20260619_155504.ndjson
would-trash [catalog-skipped+D:skipped] 0.00GB data/guardian_sg_20260619_101946.ndjson
would-trash [catalog-skipped+D:skipped] 0.01GB data/national_bookstore_ph_20260619_155459.ndjson
would-trash [catalog-skipped+D:skipped] 0.00GB data/nitori_th_20260619_111303.ndjson
would-trash [catalog-skipped+D:skipped] 0.01GB data/sm_home_ph_20260619_155454.ndjson
would-trash [catalog-skipped+D:skipped] 0.01GB data/skechers_all_20260619.ndjson
would-trash [catalog-skipped+D:skipped] 0.00GB data/paperdolls_ph_20260619_155128.ndjson
would-trash [catalog-skipped+D:skipped] 0.00GB data/sunnies_face_ph_20260619_155132.ndjson
would-trash [catalog-skipped+D:skipped] 0.11GB data/rustans_ph_20260619_132738.ndjson
would-trash [catalog-skipped+D:skipped] 0.01GB data/pazzion_sg_20260619_154127.ndjson
would-trash [catalog-skipped+D:skipped] 0.00GB data/guardian_my_transform_test.ndjson
would-trash [catalog-skipped+D:skipped] 0.00GB data/fitflop_sg_20260619.ndjson
would-trash [catalog-skipped+D:skipped] 0.00GB data/nitori_sg_20260619_111030.ndjson
would-trash [catalog-skipped+D:skipped] 0.03GB data/popular_sg_resume_20260619_141557.ndjson
would-trash [catalog-skipped+D:skipped] 0.07GB data/robinsons_sg_20260619_132435.ndjson
would-trash [catalog-skipped+D:skipped] 0.00GB data/timex_ph_20260619_155509.ndjson
would-trash [catalog-skipped+D:skipped] 0.04GB data/popular_sg_20260619_141350.ndjson
would-trash [catalog-skipped+D:skipped] 0.00GB data/guardian_my_20260619_064421.ndjson
would-trash [catalog-skipped+D:skipped] 0.00GB data/nitori_hk_20260619_111325.ndjson
would-trash [catalog-skipped+D:skipped] 0.00GB data/nitori_id_20260619_111336.ndjson
would-trash [catalog-skipped+D:skipped] 0.00GB data/plains_&_prints_ph_20260619_155129.ndjson
would-trash [catalog-skipped+D:skipped] 0.00GB data/guardian_sg_transform_test.ndjson
would-trash [catalog-skipped+D:skipped] 0.00GB data/kultura_filipino_ph_20260619_155451.ndjson
would-trash [catalog-skipped+D:skipped] 0.00GB data/kiddypalace_sg_20260619_141131.ndjson
--- files=42 freed=0.63GB catalogChecked=0 lowMatchKept=0 r2Missed=0 apply=0
