would-trash [catalog-skipped+D:skipped] 0.00GB data/shopify-discovery/vlisco-com/products.jsonl
would-trash [catalog-skipped+D:skipped] 0.00GB data/shopify-discovery/zagbijoux-fr/products.jsonl
would-trash [catalog-skipped+D:skipped] 0.00GB data/shopify-discovery/imagineonline-store/products.jsonl
would-trash [catalog-skipped+D:skipped] 0.00GB data/shopify-discovery/tenthousandvillages-com/products.jsonl
would-trash [catalog-skipped+D:skipped] 0.00GB data/shopify-discovery/victoriabeckhambeauty-com/products.jsonl
would-trash [catalog-skipped+D:skipped] 0.00GB data/shopify-discovery/golfclubs4cash-co-uk/products.jsonl
would-trash [catalog-skipped+D:skipped] 0.00GB data/shopify-discovery/hydrafacial-com/products.jsonl
would-trash [catalog-skipped+D:skipped] 0.00GB data/shopify-discovery/totalcards-net/products.jsonl
would-trash [catalog-skipped+D:skipped] 0.00GB data/shopify-discovery/dorelan-com/products.jsonl
would-trash [catalog-skipped+D:skipped] 0.00GB data/shopify-discovery/villoid-no/products.jsonl
would-trash [catalog-skipped+D:skipped] 0.00GB data/shopify-discovery/maxwarehouse-com/products.jsonl
would-trash [catalog-skipped+D:skipped] 0.00GB data/shopify-discovery/cpdwineliquor-com/products.jsonl
would-trash [catalog-skipped+D:skipped] 0.00GB data/shopify-discovery/qrioh-com/products.jsonl
would-trash [catalog-skipped+D:skipped] 0.00GB data/shopify-discovery/felco-com/products.jsonl
would-trash [catalog-skipped+D:skipped] 0.00GB data/shopify-discovery/qcy-com/products.jsonl
would-trash [catalog-skipped+D:skipped] 0.00GB data/shopify-discovery/polaroideyewear-com/products.jsonl
would-trash [catalog-skipped+D:skipped] 0.00GB data/shopify-discovery/drvaidyas-com/products.jsonl
would-trash [catalog-skipped+D:skipped] 0.00GB data/shopify-discovery/mysecretcase-com/products.jsonl
would-trash [catalog-skipped+D:skipped] 0.00GB data/shopify-discovery/garneau-com/products.jsonl
would-trash [catalog-skipped+D:skipped] 0.00GB data/shopify-discovery/vhita-com-br/products.jsonl
would-trash [catalog-skipped+D:skipped] 0.00GB data/shopify-discovery/goodnessme-ca/products.jsonl
would-trash [catalog-skipped+D:skipped] 0.00GB data/shopify-discovery/melin-com/products.jsonl
would-trash [catalog-skipped+D:skipped] 0.00GB data/shopify-discovery/kitchencenter-cl/products.jsonl
would-trash [catalog-skipped+D:skipped] 0.00GB data/shopify-discovery/disturbia-nl/products.jsonl
would-trash [catalog-skipped+D:skipped] 0.00GB data/shopify-discovery/pinoyhyper-com/products.jsonl
would-trash [catalog-skipped+D:skipped] 0.00GB data/shopify-discovery/pax-com/products.jsonl
would-trash [catalog-skipped+D:skipped] 0.00GB data/shopify-discovery/pand-co/products.jsonl
would-trash [catalog-skipped+D:skipped] 0.00GB data/shopify-discovery/midnighthour-com/products.jsonl
would-trash [catalog-skipped+D:skipped] 0.00GB data/shopify-discovery/wellversed-in/products.jsonl
would-trash [catalog-skipped+D:skipped] 0.00GB data/shopify-discovery/chefiq-com/products.jsonl
would-trash [catalog-skipped+D:skipped] 0.00GB data/shopify-discovery/cross-com/products.jsonl
would-trash [catalog-skipped+D:skipped] 0.00GB data/shopify-discovery/parkeofficial-com/products.jsonl
would-trash [catalog-skipped+D:skipped] 0.00GB data/shopify-discovery/mtnaustralia-com-au/products.jsonl
would-trash [catalog-skipped+D:skipped] 0.00GB data/shopify-discovery/urbanmonkey-com/products.jsonl
would-trash [catalog-skipped+D:skipped] 0.00GB data/shopify-discovery/tajmi-com/products.jsonl
would-trash [catalog-skipped+D:skipped] 0.00GB data/shopify-discovery/hibobbie-com/products.jsonl
would-trash [catalog-skipped+D:skipped] 0.00GB data/shopify-discovery/jenny-bird-com/products.jsonl
would-trash [catalog-skipped+D:skipped] 0.00GB data/shopify-discovery/livemomentous-com/products.jsonl
would-trash [catalog-skipped+D:skipped] 0.00GB data/shopify-discovery/eveshop-com-tr/products.jsonl
would-trash [catalog-skipped+D:skipped] 0.00GB data/shopify-discovery/zanducare-com/products.jsonl
would-trash [catalog-skipped+D:skipped] 0.00GB data/shopify-discovery/lauravita-com/products.jsonl
would-trash [catalog-skipped+D:skipped] 0.00GB data/shopify-discovery/superkicks-in/products.jsonl
would-trash [catalog-skipped+D:skipped] 0.00GB data/shopify-discovery/hiyahealth-com/products.jsonl
would-trash [catalog-skipped+D:skipped] 0.00GB data/shopify-discovery/cln-com-ph/products.jsonl
would-trash [catalog-skipped+D:skipped] 0.00GB data/shopify-discovery/muddymats-com/products.jsonl
would-trash [catalog-skipped+D:skipped] 0.00GB data/shopify-discovery/turtleboxaudio-com/products.jsonl
would-trash [catalog-skipped+D:skipped] 0.00GB data/shopify-discovery/easy-clothes-com/products.jsonl
would-trash [catalog-skipped+D:skipped] 0.00GB data/shopify-discovery/shop-by-bar-com/products.jsonl
would-trash [catalog-skipped+D:skipped] 0.00GB data/shopify-discovery/pimax-com/products.jsonl
would-trash [catalog-skipped+D:skipped] 0.00GB data/shopify-discovery/magnoliabakery-com/products.jsonl
would-trash [catalog-skipped+D:skipped] 0.00GB data/shopify-discovery/adorebypriyanka-com/products.jsonl
would-trash [catalog-skipped+D:skipped] 0.00GB data/shopify-discovery/hareruya2-com/products.jsonl
would-trash [catalog-skipped+D:skipped] 0.00GB data/shopify-discovery/ashdeco-com/products.jsonl
would-trash [catalog-skipped+D:skipped] 0.00GB data/shopify-discovery/kaushalyaartjewellery-com/products.jsonl
would-trash [catalog-skipped+D:skipped] 0.00GB data/shopify-discovery/66north-com/products.jsonl
would-trash [catalog-skipped+D:skipped] 0.00GB data/shopify-discovery/platanomelon-com/products.jsonl
would-trash [catalog-skipped+D:skipped] 0.00GB data/shopify-discovery/only-in/products.jsonl
would-trash [catalog-skipped+D:skipped] 0.00GB data/shopify-discovery/niceonline-com/products.jsonl
would-trash [catalog-skipped+D:skipped] 0.00GB data/shopify-discovery/xtrawine-com/products.jsonl
would-trash [catalog-skipped+D:skipped] 0.00GB data/shopify-discovery/wearego-com/products.jsonl
would-trash [catalog-skipped+D:skipped] 0.00GB data/shopify-discovery/compumarts-com/products.jsonl
would-trash [catalog-skipped+D:skipped] 0.00GB data/shopify-discovery/astrthelabel-com/products.jsonl
would-trash [catalog-skipped+D:skipped] 0.00GB data/shopify-discovery/iplanet-one/products.jsonl
would-trash [catalog-skipped+D:skipped] 0.00GB data/shopify-discovery/thetiebar-com/products.jsonl
would-trash [catalog-skipped+D:skipped] 0.00GB data/shopify-discovery/htbazar-com/products.jsonl
would-trash [catalog-skipped+D:skipped] 0.00GB data/shopify-discovery/thegiveawayguys-co-uk/products.jsonl
would-trash [catalog-skipped+D:skipped] 0.00GB data/shopify-discovery/corkcicle-com/products.jsonl
would-trash [catalog-skipped+D:skipped] 0.00GB data/shopify-discovery/furniturecity-com/products.jsonl
would-trash [catalog-skipped+D:skipped] 0.00GB data/shopify-discovery/shomiofficial-com/products.jsonl
would-trash [catalog-skipped+D:skipped] 0.00GB data/shopify-discovery/seatosummit-com/products.jsonl
would-trash [catalog-skipped+D:skipped] 0.00GB data/shopify-discovery/gherardini-com/products.jsonl
would-trash [catalog-skipped+D:skipped] 0.00GB data/shopify-discovery/plenitudedistribuidora-com-br/products.jsonl
would-trash [catalog-skipped+D:skipped] 0.00GB data/shopify-discovery/thesatanictemple-com/products.jsonl
would-trash [catalog-skipped+D:skipped] 0.00GB data/shopify-discovery/jurawatches-co-uk/products.jsonl
would-trash [catalog-skipped+D:skipped] 0.00GB data/shopify-discovery/arzopa-com/products.jsonl
would-trash [catalog-skipped+D:skipped] 0.00GB data/shopify-discovery/duralex-com/products.jsonl
would-trash [catalog-skipped+D:skipped] 0.00GB data/shopify-discovery/colorwowhair-com/products.jsonl
would-trash [catalog-skipped+D:skipped] 0.00GB data/shopify-discovery/mcgeeandco-com/products.jsonl
would-trash [catalog-skipped+D:skipped] 0.00GB data/shopify-discovery/bando-com/products.jsonl
would-trash [catalog-skipped+D:skipped] 0.00GB data/shopify-discovery/cosmeticconnection-co-za/products.jsonl
would-trash [catalog-skipped+D:skipped] 0.00GB data/shopify-discovery/kso-dk/products.jsonl
would-trash [catalog-skipped+D:skipped] 0.00GB data/shopify-discovery/snuzone-com/products.jsonl
would-trash [catalog-skipped+D:skipped] 0.00GB data/shopify-discovery/ringconcierge-com/products.jsonl
would-trash [catalog-skipped+D:skipped] 0.00GB data/shopify-discovery/blueowl-us/products.jsonl
would-trash [catalog-skipped+D:skipped] 0.00GB data/shopify-discovery/alltheanime-com/products.jsonl
would-trash [catalog-skipped+D:skipped] 0.00GB data/shopify-discovery/motherdenim-com/products.jsonl
would-trash [catalog-skipped+D:skipped] 0.00GB data/shopify-discovery/merci-merci-com/products.jsonl
would-trash [catalog-skipped+D:skipped] 0.00GB data/shopify-discovery/khazanay-pk/products.jsonl
would-trash [catalog-skipped+D:skipped] 0.00GB data/shopify-discovery/ceramicstore-eu/products.jsonl
would-trash [catalog-skipped+D:skipped] 0.00GB data/shopify-discovery/mcphee-com/products.jsonl
would-trash [catalog-skipped+D:skipped] 0.00GB data/shopify-discovery/swell-com/products.jsonl
would-trash [catalog-skipped+D:skipped] 0.00GB data/shopify-discovery/repfitness-com/products.jsonl
would-trash [catalog-skipped+D:skipped] 0.00GB data/shopify-discovery/lescent-com-br/products.jsonl
would-trash [catalog-skipped+D:skipped] 0.00GB data/shopify-discovery/pamelascott-com/products.jsonl
would-trash [catalog-skipped+D:skipped] 0.00GB data/shopify-discovery/unitedfurnitureoutlet-com/products.jsonl
would-trash [catalog-skipped+D:skipped] 0.00GB data/shopify-discovery/bekkers-decor-com/products.jsonl
would-trash [catalog-skipped+D:skipped] 0.00GB data/shopify-discovery/nerogiardini-it/products.jsonl
would-trash [catalog-skipped+D:skipped] 0.00GB data/shopify-discovery/newtonbaby-com/products.jsonl
would-trash [catalog-skipped+D:skipped] 0.00GB data/shopify-discovery/yarn-com/products.jsonl
would-trash [catalog-skipped+D:skipped] 0.00GB data/shopify-discovery/letseatit-com-br/products.jsonl
would-trash [catalog-skipped+D:skipped] 0.00GB data/shopify-discovery/unihertz-com/products.jsonl
would-trash [catalog-skipped+D:skipped] 0.00GB data/shopify-discovery/protym-pl/products.jsonl
would-trash [catalog-skipped+D:skipped] 0.00GB data/shopify-discovery/europagricultproduct-com/products.jsonl
would-trash [catalog-skipped+D:skipped] 0.00GB data/shopify-discovery/onestone-com/products.jsonl
would-trash [catalog-skipped+D:skipped] 0.00GB data/shopify-discovery/audienhearing-com/products.jsonl
would-trash [catalog-skipped+D:skipped] 0.00GB data/shopify-discovery/fantasiasmiguel-com/products.jsonl
would-trash [catalog-skipped+D:skipped] 0.00GB data/shopify-discovery/nakednutrition-com/products.jsonl
would-trash [catalog-skipped+D:skipped] 0.00GB data/shopify-discovery/arcteryx-jp/products.jsonl
would-trash [catalog-skipped+D:skipped] 0.00GB data/shopify-discovery/4thandreckless-com/products.jsonl
would-trash [catalog-skipped+D:skipped] 0.00GB data/shopify-discovery/cocorico-store/products.jsonl
would-trash [catalog-skipped+D:skipped] 0.00GB data/shopify-discovery/theloadedteashop-com/products.jsonl
would-trash [catalog-skipped+D:skipped] 0.00GB data/shopify-discovery/libertyshoesonline-com/products.jsonl
would-trash [catalog-skipped+D:skipped] 0.00GB data/shopify-discovery/ndonline-com/products.jsonl
would-trash [catalog-skipped+D:skipped] 0.00GB data/shopify-discovery/ff-md/products.jsonl
would-trash [catalog-skipped+D:skipped] 0.00GB data/shopify-discovery/toynk-com/products.jsonl
would-trash [catalog-skipped+D:skipped] 0.00GB data/shopify-discovery/trinaturk-com/products.jsonl
would-trash [catalog-skipped+D:skipped] 0.00GB data/shopify-discovery/waterdrop-com/products.jsonl
would-trash [catalog-skipped+D:skipped] 0.00GB data/shopify-discovery/govalos-com/products.jsonl
would-trash [catalog-skipped+D:skipped] 0.00GB data/shopify-discovery/philosophy-com/products.jsonl
would-trash [catalog-skipped+D:skipped] 0.00GB data/shopify-discovery/oseamalibu-com/products.jsonl
would-trash [catalog-skipped+D:skipped] 0.00GB data/shopify-discovery/ihatestevensinger-com/products.jsonl
would-trash [catalog-skipped+D:skipped] 0.00GB data/shopify-discovery/skinit-com/products.jsonl
would-trash [catalog-skipped+D:skipped] 0.00GB data/shopify-discovery/lucchese-com/products.jsonl
would-trash [catalog-skipped+D:skipped] 0.00GB data/shopify-discovery/pmcjewellery-com/products.jsonl
would-trash [catalog-skipped+D:skipped] 0.00GB data/shopify-discovery/kissusa-com/products.jsonl
would-trash [catalog-skipped+D:skipped] 0.00GB data/shopify-discovery/autopartsandbatteries-com-au/products.jsonl
would-trash [catalog-skipped+D:skipped] 0.00GB data/shopify-discovery/filafarm-de/products.jsonl
would-trash [catalog-skipped+D:skipped] 0.00GB data/shopify-discovery/st-dupont-com/products.jsonl
would-trash [catalog-skipped+D:skipped] 0.00GB data/shopify-discovery/thecraze-in/products.jsonl
would-trash [catalog-skipped+D:skipped] 0.00GB data/shopify-discovery/gerberchildrenswear-com/products.jsonl
would-trash [catalog-skipped+D:skipped] 0.00GB data/shopify-discovery/psd-com/products.jsonl
would-trash [catalog-skipped+D:skipped] 0.00GB data/shopify-discovery/dekcolife-com/products.jsonl
would-trash [catalog-skipped+D:skipped] 0.00GB data/shopify-discovery/mythinkcar-com/products.jsonl
would-trash [catalog-skipped+D:skipped] 0.00GB data/shopify-discovery/anime-store-jp/products.jsonl
would-trash [catalog-skipped+D:skipped] 0.00GB data/shopify-discovery/4tharq-com/products.jsonl
would-trash [catalog-skipped+D:skipped] 0.00GB data/shopify-discovery/ideou-com/products.jsonl
would-trash [catalog-skipped+D:skipped] 0.00GB data/shopify-discovery/kinkly-com/products.jsonl
would-trash [catalog-skipped+D:skipped] 0.00GB data/shopify-discovery/productosdelujo-cl/products.jsonl
would-trash [catalog-skipped+D:skipped] 0.00GB data/shopify-discovery/arcticmonkeys-com/products.jsonl
would-trash [catalog-skipped+D:skipped] 0.00GB data/shopify-discovery/carvedesigns-com/products.jsonl
would-trash [catalog-skipped+D:skipped] 0.00GB data/shopify-discovery/tameson-com/products.jsonl
would-trash [catalog-skipped+D:skipped] 0.00GB data/shopify-discovery/outerbloom-com/products.jsonl
would-trash [catalog-skipped+D:skipped] 0.00GB data/shopify-discovery/davisnet-com/products.jsonl
would-trash [catalog-skipped+D:skipped] 0.00GB data/shopify-discovery/keenfootwear-jp/products.jsonl
would-trash [catalog-skipped+D:skipped] 0.00GB data/shopify-discovery/houseofchikankari-in/products.jsonl
would-trash [catalog-skipped+D:skipped] 0.00GB data/shopify-discovery/jimmybeanswool-com/products.jsonl
would-trash [catalog-skipped+D:skipped] 0.00GB data/shopify-discovery/mac-center-com/products.jsonl
would-trash [catalog-skipped+D:skipped] 0.00GB data/shopify-discovery/harpercollins-com-au/products.jsonl
would-trash [catalog-skipped+D:skipped] 0.00GB data/shopify-discovery/striderite-com/products.jsonl
would-trash [catalog-skipped+D:skipped] 0.00GB data/shopify-discovery/perryellis-com/products.jsonl
would-trash [catalog-skipped+D:skipped] 0.00GB data/shopify-discovery/renpho-com/products.jsonl
would-trash [catalog-skipped+D:skipped] 0.00GB data/shopify-discovery/nakedandfamousdenim-com/products.jsonl
would-trash [catalog-skipped+D:skipped] 0.00GB data/shopify-discovery/owletcare-com/products.jsonl
would-trash [catalog-skipped+D:skipped] 0.00GB data/shopify-discovery/ulike-com/products.jsonl
would-trash [catalog-skipped+D:skipped] 0.00GB data/shopify-discovery/tyr-com/products.jsonl
would-trash [catalog-skipped+D:skipped] 0.00GB data/shopify-discovery/bakerpublishinggroup-com/products.jsonl
would-trash [catalog-skipped+D:skipped] 0.00GB data/shopify-discovery/veimia-com/products.jsonl
would-trash [catalog-skipped+D:skipped] 0.00GB data/shopify-discovery/renattandgo-com/products.jsonl
would-trash [catalog-skipped+D:skipped] 0.00GB data/shopify-discovery/kekale-fi/products.jsonl
would-trash [catalog-skipped+D:skipped] 0.00GB data/shopify-discovery/gef-co/products.jsonl
would-trash [catalog-skipped+D:skipped] 0.00GB data/shopify-discovery/tilleyshomefurnishings-com/products.jsonl
would-trash [catalog-skipped+D:skipped] 0.00GB data/shopify-discovery/carpuride-com/products.jsonl
would-trash [catalog-skipped+D:skipped] 0.00GB data/shopify-discovery/bydeeaus-com/products.jsonl
would-trash [catalog-skipped+D:skipped] 0.00GB data/shopify-discovery/sokoglam-com/products.jsonl
would-trash [catalog-skipped+D:skipped] 0.00GB data/shopify-discovery/pastimesports-ca/products.jsonl
would-trash [catalog-skipped+D:skipped] 0.00GB data/shopify-discovery/taylorstitch-com/products.jsonl
would-trash [catalog-skipped+D:skipped] 0.00GB data/shopify-discovery/thryft-asia/products.jsonl
would-trash [catalog-skipped+D:skipped] 0.00GB data/shopify-discovery/margauxny-com/products.jsonl
would-trash [catalog-skipped+D:skipped] 0.00GB data/shopify-discovery/showmeyourmumu-com/products.jsonl
would-trash [catalog-skipped+D:skipped] 0.00GB data/shopify-discovery/khadims-com/products.jsonl
would-trash [catalog-skipped+D:skipped] 0.00GB data/shopify-discovery/shopthegreatescape-com/products.jsonl
would-trash [catalog-skipped+D:skipped] 0.00GB data/shopify-discovery/dakine-com/products.jsonl
would-trash [catalog-skipped+D:skipped] 0.00GB data/shopify-discovery/canapuff-com/products.jsonl
would-trash [catalog-skipped+D:skipped] 0.00GB data/shopify-discovery/2segypt-com/products.jsonl
would-trash [catalog-skipped+D:skipped] 0.00GB data/shopify-discovery/westinghouse-com/products.jsonl
would-trash [catalog-skipped+D:skipped] 0.00GB data/shopify-discovery/eco-worthy-com/products.jsonl
would-trash [catalog-skipped+D:skipped] 0.00GB data/shopify-discovery/paintscratch-com/products.jsonl
would-trash [catalog-skipped+D:skipped] 0.00GB data/shopify-discovery/foxhome-co-il/products.jsonl
would-trash [catalog-skipped+D:skipped] 0.00GB data/shopify-discovery/toucheprive-com/products.jsonl
would-trash [catalog-skipped+D:skipped] 0.00GB data/shopify-discovery/foom-id/products.jsonl
would-trash [catalog-skipped+D:skipped] 0.00GB data/shopify-discovery/maletasgreenwich-com/products.jsonl
would-trash [catalog-skipped+D:skipped] 0.00GB data/shopify-discovery/janeausten-co-uk/products.jsonl
would-trash [catalog-skipped+D:skipped] 0.00GB data/shopify-discovery/licocosmetics-com/products.jsonl
would-trash [catalog-skipped+D:skipped] 0.00GB data/shopify-discovery/northernbrewer-com/products.jsonl
would-trash [catalog-skipped+D:skipped] 0.00GB data/shopify-discovery/lucabarra-it/products.jsonl
would-trash [catalog-skipped+D:skipped] 0.00GB data/shopify-discovery/natori-com/products.jsonl
would-trash [catalog-skipped+D:skipped] 0.00GB data/shopify-discovery/aninebing-com/products.jsonl
would-trash [catalog-skipped+D:skipped] 0.00GB data/shopify-discovery/steaklocker-com/products.jsonl
would-trash [catalog-skipped+D:skipped] 0.00GB data/shopify-discovery/peepso-com/products.jsonl
would-trash [catalog-skipped+D:skipped] 0.00GB data/shopify-discovery/demoniacult-com/products.jsonl
would-trash [catalog-skipped+D:skipped] 0.00GB data/shopify-discovery/montirex-com/products.jsonl
would-trash [catalog-skipped+D:skipped] 0.00GB data/shopify-discovery/sedgars-com/products.jsonl
would-trash [catalog-skipped+D:skipped] 0.00GB data/shopify-discovery/niviasports-com/products.jsonl
would-trash [catalog-skipped+D:skipped] 0.00GB data/shopify-discovery/foodiesinheels-com/products.jsonl
would-trash [catalog-skipped+D:skipped] 0.00GB data/shopify-discovery/numberartist-com/products.jsonl
would-trash [catalog-skipped+D:skipped] 0.00GB data/shopify-discovery/vogoluxy-com/products.jsonl
would-trash [catalog-skipped+D:skipped] 0.00GB data/shopify-discovery/muranojoias-com-br/products.jsonl
would-trash [catalog-skipped+D:skipped] 0.00GB data/shopify-discovery/sportamore-com/products.jsonl
would-trash [catalog-skipped+D:skipped] 0.00GB data/shopify-discovery/heatholders-com/products.jsonl
would-trash [catalog-skipped+D:skipped] 0.00GB data/shopify-discovery/repetto-com/products.jsonl
cap: MAX_FILES reached
--- files=200 freed=0.24GB catalogChecked=0 lowMatchKept=0 r2Missed=3 apply=0
