would-trash [catalog-skipped+D:skipped] 0.00GB data/shopify-discovery/im8health-com/products.jsonl
would-trash [catalog-skipped+D:skipped] 0.00GB data/shopify-discovery/deyga-in/products.jsonl
would-trash [catalog-skipped+D:skipped] 0.00GB data/shopify-discovery/in2detailing-co-uk/products.jsonl
would-trash [catalog-skipped+D:skipped] 0.00GB data/shopify-discovery/rockstarenergy-com/products.jsonl
would-trash [catalog-skipped+D:skipped] 0.00GB data/shopify-discovery/eauto-co-in/products.jsonl
would-trash [catalog-skipped+D:skipped] 0.00GB data/shopify-discovery/fabrics-cl/products.jsonl
would-trash [catalog-skipped+D:skipped] 0.00GB data/shopify-discovery/johnhardy-com/products.jsonl
would-trash [catalog-skipped+D:skipped] 0.00GB data/shopify-discovery/cuadra-com-mx/products.jsonl
would-trash [catalog-skipped+D:skipped] 0.00GB data/shopify-discovery/burtsbeesbaby-com/products.jsonl
would-trash [catalog-skipped+D:skipped] 0.01GB data/shopify-discovery/oversoyed-com/products.jsonl
would-trash [catalog-skipped+D:skipped] 0.01GB data/shopify-discovery/animes-pro-com/products.jsonl
would-trash [catalog-skipped+D:skipped] 0.00GB data/shopify-discovery/rsvpdesign-co-uk/products.jsonl
would-trash [catalog-skipped+D:skipped] 0.00GB data/shopify-discovery/showmeyourmumu-com/products.jsonl
would-trash [catalog-skipped+D:skipped] 0.00GB data/shopify-discovery/khadims-com/products.jsonl
would-trash [catalog-skipped+D:skipped] 0.00GB data/shopify-discovery/shopthegreatescape-com/products.jsonl
would-trash [catalog-skipped+D:skipped] 0.00GB data/shopify-discovery/dakine-com/products.jsonl
would-trash [catalog-skipped+D:skipped] 0.00GB data/shopify-discovery/canapuff-com/products.jsonl
would-trash [catalog-skipped+D:skipped] 0.00GB data/shopify-discovery/2segypt-com/products.jsonl
would-trash [catalog-skipped+D:skipped] 0.00GB data/shopify-discovery/westinghouse-com/products.jsonl
would-trash [catalog-skipped+D:skipped] 0.00GB data/shopify-discovery/ballerinafarm-com/products.jsonl
would-trash [catalog-skipped+D:skipped] 0.00GB data/shopify-discovery/explodingkittens-com/products.jsonl
would-trash [catalog-skipped+D:skipped] 0.00GB data/shopify-discovery/eco-worthy-com/products.jsonl
would-trash [catalog-skipped+D:skipped] 0.00GB data/shopify-discovery/paintscratch-com/products.jsonl
would-trash [catalog-skipped+D:skipped] 0.00GB data/shopify-discovery/foxhome-co-il/products.jsonl
would-trash [catalog-skipped+D:skipped] 0.00GB data/shopify-discovery/toucheprive-com/products.jsonl
would-trash [catalog-skipped+D:skipped] 0.00GB data/shopify-discovery/foom-id/products.jsonl
would-trash [catalog-skipped+D:skipped] 0.00GB data/shopify-discovery/johnnie-o-com/products.jsonl
would-trash [catalog-skipped+D:skipped] 0.00GB data/shopify-discovery/maletasgreenwich-com/products.jsonl
would-trash [catalog-skipped+D:skipped] 0.00GB data/shopify-discovery/janeausten-co-uk/products.jsonl
would-trash [catalog-skipped+D:skipped] 0.01GB data/shopify-discovery/waterdropfilter-com/products.jsonl
would-trash [catalog-skipped+D:skipped] 0.00GB data/shopify-discovery/licocosmetics-com/products.jsonl
would-trash [catalog-skipped+D:skipped] 0.00GB data/shopify-discovery/tonipons-com/products.jsonl
would-trash [catalog-skipped+D:skipped] 0.00GB data/shopify-discovery/northernbrewer-com/products.jsonl
would-trash [catalog-skipped+D:skipped] 0.00GB data/shopify-discovery/lucabarra-it/products.jsonl
would-trash [catalog-skipped+D:skipped] 0.00GB data/shopify-discovery/natori-com/products.jsonl
would-trash [catalog-skipped+D:skipped] 0.00GB data/shopify-discovery/aninebing-com/products.jsonl
would-trash [catalog-skipped+D:skipped] 0.00GB data/shopify-discovery/steaklocker-com/products.jsonl
would-trash [catalog-skipped+D:skipped] 0.00GB data/shopify-discovery/peepso-com/products.jsonl
would-trash [catalog-skipped+D:skipped] 0.00GB data/shopify-discovery/demoniacult-com/products.jsonl
would-trash [catalog-skipped+D:skipped] 0.00GB data/shopify-discovery/vxe-com/products.jsonl
would-trash [catalog-skipped+D:skipped] 0.00GB data/shopify-discovery/summerfridays-com/products.jsonl
would-trash [catalog-skipped+D:skipped] 0.00GB data/shopify-discovery/montirex-com/products.jsonl
would-trash [catalog-skipped+D:skipped] 0.00GB data/shopify-discovery/sedgars-com/products.jsonl
would-trash [catalog-skipped+D:skipped] 0.00GB data/shopify-discovery/niviasports-com/products.jsonl
would-trash [catalog-skipped+D:skipped] 0.00GB data/shopify-discovery/foodiesinheels-com/products.jsonl
would-trash [catalog-skipped+D:skipped] 0.00GB data/shopify-discovery/numberartist-com/products.jsonl
would-trash [catalog-skipped+D:skipped] 0.00GB data/shopify-discovery/vogoluxy-com/products.jsonl
would-trash [catalog-skipped+D:skipped] 0.00GB data/shopify-discovery/muranojoias-com-br/products.jsonl
would-trash [catalog-skipped+D:skipped] 0.00GB data/shopify-discovery/sportamore-com/products.jsonl
would-trash [catalog-skipped+D:skipped] 0.00GB data/shopify-discovery/heatholders-com/products.jsonl
would-trash [catalog-skipped+D:skipped] 0.00GB data/shopify-discovery/repetto-com/products.jsonl
would-trash [catalog-skipped+D:skipped] 0.00GB data/shopify-discovery/kleankanteen-com/products.jsonl
would-trash [catalog-skipped+D:skipped] 0.00GB data/shopify-discovery/comme-avant-bio/products.jsonl
would-trash [catalog-skipped+D:skipped] 0.00GB data/shopify-discovery/banarasee-in/products.jsonl
would-trash [catalog-skipped+D:skipped] 0.00GB data/shopify-discovery/jlab-com/products.jsonl
would-trash [catalog-skipped+D:skipped] 0.00GB data/shopify-discovery/1stphorm-com/products.jsonl
would-trash [catalog-skipped+D:skipped] 0.00GB data/shopify-discovery/funnyfuzzy-com/products.jsonl
would-trash [catalog-skipped+D:skipped] 0.00GB data/shopify-discovery/boardriders-co-jp/products.jsonl
would-trash [catalog-skipped+D:skipped] 0.00GB data/shopify-discovery/nebuleusebijoux-com/products.jsonl
would-trash [catalog-skipped+D:skipped] 0.00GB data/shopify-discovery/funeral-com/products.jsonl
would-trash [catalog-skipped+D:skipped] 0.00GB data/shopify-discovery/beadablebliss-com/products.jsonl
would-trash [catalog-skipped+D:skipped] 0.00GB data/shopify-discovery/thefryecompany-com/products.jsonl
would-trash [catalog-skipped+D:skipped] 0.00GB data/shopify-discovery/statelinetack-com/products.jsonl
would-trash [catalog-skipped+D:skipped] 0.00GB data/shopify-discovery/vuzix-com/products.jsonl
would-trash [catalog-skipped+D:skipped] 0.00GB data/shopify-discovery/levoilestores-com/products.jsonl
would-trash [catalog-skipped+D:skipped] 0.00GB data/shopify-discovery/arenacommerce-com/products.jsonl
would-trash [catalog-skipped+D:skipped] 0.00GB data/shopify-discovery/mayahenryjewelers-com/products.jsonl
would-trash [catalog-skipped+D:skipped] 0.00GB data/shopify-discovery/dissh-com/products.jsonl
would-trash [catalog-skipped+D:skipped] 0.00GB data/shopify-discovery/hotelcollection-com/products.jsonl
would-trash [catalog-skipped+D:skipped] 0.00GB data/shopify-discovery/sodastream-pl/products.jsonl
would-trash [catalog-skipped+D:skipped] 0.00GB data/shopify-discovery/newrock-com/products.jsonl
would-trash [catalog-skipped+D:skipped] 0.00GB data/shopify-discovery/ever-pretty-fr/products.jsonl
would-trash [catalog-skipped+D:skipped] 0.00GB data/shopify-discovery/culturesforhealth-com/products.jsonl
would-trash [catalog-skipped+D:skipped] 0.00GB data/shopify-discovery/kabegamiyahonpo-com/products.jsonl
would-trash [catalog-skipped+D:skipped] 0.00GB data/shopify-discovery/aeropress-com/products.jsonl
would-trash [catalog-skipped+D:skipped] 0.00GB data/shopify-discovery/boxraw-com/products.jsonl
would-trash [catalog-skipped+D:skipped] 0.00GB data/shopify-discovery/shopflamingo-com/products.jsonl
would-trash [catalog-skipped+D:skipped] 0.00GB data/shopify-discovery/viktor-rolf-com/products.jsonl
would-trash [catalog-skipped+D:skipped] 0.00GB data/shopify-discovery/arrocha-com/products.jsonl
would-trash [catalog-skipped+D:skipped] 0.01GB data/shopify-discovery/wrapcart-com/products.jsonl
would-trash [catalog-skipped+D:skipped] 0.00GB data/shopify-discovery/theflightwall-com/products.jsonl
would-trash [catalog-skipped+D:skipped] 0.00GB data/shopify-discovery/jennikayne-com/products.jsonl
would-trash [catalog-skipped+D:skipped] 0.00GB data/shopify-discovery/cosmoslayers-in/products.jsonl
would-trash [catalog-skipped+D:skipped] 0.00GB data/shopify-discovery/aetrex-com/products.jsonl
would-trash [catalog-skipped+D:skipped] 0.00GB data/shopify-discovery/bylmo-com/products.jsonl
would-trash [catalog-skipped+D:skipped] 0.00GB data/shopify-discovery/glamorise-com/products.jsonl
would-trash [catalog-skipped+D:skipped] 0.00GB data/shopify-discovery/chinyere-pk/products.jsonl
would-trash [catalog-skipped+D:skipped] 0.00GB data/shopify-discovery/bikes-com/products.jsonl
would-trash [catalog-skipped+D:skipped] 0.00GB data/shopify-discovery/lavar-app/products.jsonl
would-trash [catalog-skipped+D:skipped] 0.00GB data/shopify-discovery/oxva-com/products.jsonl
would-trash [catalog-skipped+D:skipped] 0.00GB data/shopify-discovery/thinktankphoto-com/products.jsonl
would-trash [catalog-skipped+D:skipped] 0.00GB data/shopify-discovery/vincecamuto-com/products.jsonl
would-trash [catalog-skipped+D:skipped] 0.00GB data/shopify-discovery/renuar-co-il/products.jsonl
would-trash [catalog-skipped+D:skipped] 0.00GB data/shopify-discovery/cuyana-com/products.jsonl
would-trash [catalog-skipped+D:skipped] 0.00GB data/shopify-discovery/vans-cl/products.jsonl
would-trash [catalog-skipped+D:skipped] 0.00GB data/shopify-discovery/mmlafleur-com/products.jsonl
would-trash [catalog-skipped+D:skipped] 0.00GB data/shopify-discovery/wedgwood-com/products.jsonl
would-trash [catalog-skipped+D:skipped] 0.00GB data/shopify-discovery/milanicosmetics-com/products.jsonl
would-trash [catalog-skipped+D:skipped] 0.00GB data/shopify-discovery/pinkpalmpuff-com/products.jsonl
would-trash [catalog-skipped+D:skipped] 0.00GB data/shopify-discovery/gameonfamily-com/products.jsonl
would-trash [catalog-skipped+D:skipped] 0.00GB data/shopify-discovery/perfumepalace-in/products.jsonl
would-trash [catalog-skipped+D:skipped] 0.00GB data/shopify-discovery/voomisupply-com/products.jsonl
would-trash [catalog-skipped+D:skipped] 0.00GB data/shopify-discovery/zeb-be/products.jsonl
would-trash [catalog-skipped+D:skipped] 0.00GB data/shopify-discovery/shoplovestitch-com/products.jsonl
would-trash [catalog-skipped+D:skipped] 0.00GB data/shopify-discovery/bellross-com/products.jsonl
would-trash [catalog-skipped+D:skipped] 0.00GB data/shopify-discovery/everydaydose-com/products.jsonl
would-trash [catalog-skipped+D:skipped] 0.00GB data/shopify-discovery/pampili-com-br/products.jsonl
would-trash [catalog-skipped+D:skipped] 0.00GB data/shopify-discovery/dunns-co-za/products.jsonl
would-trash [catalog-skipped+D:skipped] 0.00GB data/shopify-discovery/honeybirdette-com/products.jsonl
would-trash [catalog-skipped+D:skipped] 0.00GB data/shopify-discovery/aubainerie-com/products.jsonl
would-trash [catalog-skipped+D:skipped] 0.00GB data/shopify-discovery/soundbrenner-com/products.jsonl
would-trash [catalog-skipped+D:skipped] 0.00GB data/shopify-discovery/frombalitous-com/products.jsonl
would-trash [catalog-skipped+D:skipped] 0.00GB data/shopify-discovery/bblunt-com/products.jsonl
would-trash [catalog-skipped+D:skipped] 0.00GB data/shopify-discovery/shopcsb-com/products.jsonl
would-trash [catalog-skipped+D:skipped] 0.00GB data/shopify-discovery/stevemadden-com-mx/products.jsonl
would-trash [catalog-skipped+D:skipped] 0.00GB data/shopify-discovery/eirehobbies-com/products.jsonl
would-trash [catalog-skipped+D:skipped] 0.00GB data/shopify-discovery/zuiki-it/products.jsonl
would-trash [catalog-skipped+D:skipped] 0.00GB data/shopify-discovery/goodbuygear-com/products.jsonl
would-trash [catalog-skipped+D:skipped] 0.00GB data/shopify-discovery/apssupply-nl/products.jsonl
would-trash [catalog-skipped+D:skipped] 0.00GB data/shopify-discovery/provenwinnersdirect-com/products.jsonl
would-trash [catalog-skipped+D:skipped] 0.00GB data/shopify-discovery/secretbottleshop-co-uk/products.jsonl
would-trash [catalog-skipped+D:skipped] 0.00GB data/shopify-discovery/firstwefeast-com/products.jsonl
would-trash [catalog-skipped+D:skipped] 0.00GB data/shopify-discovery/2xu-com/products.jsonl
would-trash [catalog-skipped+D:skipped] 0.00GB data/shopify-discovery/stiiizy-com/products.jsonl
would-trash [catalog-skipped+D:skipped] 0.00GB data/shopify-discovery/nassaunationalcable-com/products.jsonl
would-trash [catalog-skipped+D:skipped] 0.00GB data/shopify-discovery/normareed-ca/products.jsonl
would-trash [catalog-skipped+D:skipped] 0.01GB data/shopify-discovery/gayathrisarees-com/products.jsonl
would-trash [catalog-skipped+D:skipped] 0.00GB data/shopify-discovery/twinkly-com/products.jsonl
would-trash [catalog-skipped+D:skipped] 0.00GB data/shopify-discovery/porchlightbooks-com/products.jsonl
would-trash [catalog-skipped+D:skipped] 0.00GB data/shopify-discovery/andplants-jp/products.jsonl
would-trash [catalog-skipped+D:skipped] 0.00GB data/shopify-discovery/nature-heart-de/products.jsonl
would-trash [catalog-skipped+D:skipped] 0.00GB data/shopify-discovery/thefrankieshop-com/products.jsonl
would-trash [catalog-skipped+D:skipped] 0.00GB data/shopify-discovery/adelaidegunshop-com-au/products.jsonl
would-trash [catalog-skipped+D:skipped] 0.00GB data/shopify-discovery/justherbs-in/products.jsonl
would-trash [catalog-skipped+D:skipped] 0.00GB data/shopify-discovery/nutridome-pl/products.jsonl
would-trash [catalog-skipped+D:skipped] 0.01GB data/shopify-discovery/artprinta-com/products.jsonl
would-trash [catalog-skipped+D:skipped] 0.00GB data/shopify-discovery/laprairie-com/products.jsonl
would-trash [catalog-skipped+D:skipped] 0.00GB data/shopify-discovery/wearmsw-com/products.jsonl
would-trash [catalog-skipped+D:skipped] 0.00GB data/shopify-discovery/arhamcommerce-com/products.jsonl
would-trash [catalog-skipped+D:skipped] 0.00GB data/shopify-discovery/prezzoconveniente2-eu/products.jsonl
would-trash [catalog-skipped+D:skipped] 0.00GB data/shopify-discovery/birdygrey-com/products.jsonl
would-trash [catalog-skipped+D:skipped] 0.00GB data/shopify-discovery/supergreenshemp-com/products.jsonl
would-trash [catalog-skipped+D:skipped] 0.00GB data/shopify-discovery/kusmitea-com/products.jsonl
would-trash [catalog-skipped+D:skipped] 0.00GB data/shopify-discovery/shrus-com/products.jsonl
would-trash [catalog-skipped+D:skipped] 0.00GB data/shopify-discovery/tatasimplybetter-com/products.jsonl
would-trash [catalog-skipped+D:skipped] 0.00GB data/shopify-discovery/lilabeauty-com-au/products.jsonl
would-trash [catalog-skipped+D:skipped] 0.00GB data/shopify-discovery/banyanbotanicals-com/products.jsonl
would-trash [catalog-skipped+D:skipped] 0.00GB data/shopify-discovery/cudetoate-ro/products.jsonl
would-trash [catalog-skipped+D:skipped] 0.00GB data/shopify-discovery/petrolicious-com/products.jsonl
would-trash [catalog-skipped+D:skipped] 0.00GB data/shopify-discovery/sleepycat-in/products.jsonl
would-trash [catalog-skipped+D:skipped] 0.00GB data/shopify-discovery/lovepop-com/products.jsonl
would-trash [catalog-skipped+D:skipped] 0.00GB data/shopify-discovery/merchtable-com/products.jsonl
would-trash [catalog-skipped+D:skipped] 0.00GB data/shopify-discovery/goli-com/products.jsonl
would-trash [catalog-skipped+D:skipped] 0.00GB data/shopify-discovery/pepcell-com/products.jsonl
would-trash [catalog-skipped+D:skipped] 0.00GB data/shopify-discovery/rejuvacare-com/products.jsonl
would-trash [catalog-skipped+D:skipped] 0.00GB data/shopify-discovery/tidbyt-com/products.jsonl
would-trash [catalog-skipped+D:skipped] 0.00GB data/shopify-discovery/kemimoto-com/products.jsonl
would-trash [catalog-skipped+D:skipped] 0.00GB data/shopify-discovery/the-are-com/products.jsonl
would-trash [catalog-skipped+D:skipped] 0.01GB data/shopify-discovery/trendingcustom-com/products.jsonl
would-trash [catalog-skipped+D:skipped] 0.00GB data/shopify-discovery/42lolita-com/products.jsonl
would-trash [catalog-skipped+D:skipped] 0.00GB data/shopify-discovery/organicindia-com/products.jsonl
would-trash [catalog-skipped+D:skipped] 0.00GB data/shopify-discovery/seikousa-com/products.jsonl
would-trash [catalog-skipped+D:skipped] 0.00GB data/shopify-discovery/carraigdonn-com/products.jsonl
would-trash [catalog-skipped+D:skipped] 0.00GB data/shopify-discovery/maximo-moto-com/products.jsonl
would-trash [catalog-skipped+D:skipped] 0.00GB data/shopify-discovery/coofandy-com/products.jsonl
would-trash [catalog-skipped+D:skipped] 0.00GB data/shopify-discovery/ayr-com/products.jsonl
would-trash [catalog-skipped+D:skipped] 0.00GB data/shopify-discovery/mackweldon-com/products.jsonl
would-trash [catalog-skipped+D:skipped] 0.00GB data/shopify-discovery/cdsvinyljapan-com/products.jsonl
would-trash [catalog-skipped+D:skipped] 0.00GB data/shopify-discovery/12thtribe-com/products.jsonl
would-trash [catalog-skipped+D:skipped] 0.00GB data/shopify-discovery/partifyusa-com/products.jsonl
would-trash [catalog-skipped+D:skipped] 0.00GB data/shopify-discovery/atlascoffeeclub-com/products.jsonl
would-trash [catalog-skipped+D:skipped] 0.01GB data/shopify-discovery/tactical-medicine-com/products.jsonl
would-trash [catalog-skipped+D:skipped] 0.00GB data/shopify-discovery/warn-com/products.jsonl
would-trash [catalog-skipped+D:skipped] 0.00GB data/shopify-discovery/toycollectorsindia-com/products.jsonl
would-trash [catalog-skipped+D:skipped] 0.00GB data/shopify-discovery/republicoftea-com/products.jsonl
would-trash [catalog-skipped+D:skipped] 0.00GB data/shopify-discovery/therootbrands-com/products.jsonl
would-trash [catalog-skipped+D:skipped] 0.00GB data/shopify-discovery/intersport-dk/products.jsonl
would-trash [catalog-skipped+D:skipped] 0.00GB data/shopify-discovery/aloha-com/products.jsonl
would-trash [catalog-skipped+D:skipped] 0.00GB data/shopify-discovery/broadswordwargaming-com/products.jsonl
would-trash [catalog-skipped+D:skipped] 0.00GB data/shopify-discovery/candywarehouse-com/products.jsonl
would-trash [catalog-skipped+D:skipped] 0.00GB data/shopify-discovery/trehouse-com/products.jsonl
would-trash [catalog-skipped+D:skipped] 0.00GB data/shopify-discovery/sakerplus-com/products.jsonl
would-trash [catalog-skipped+D:skipped] 0.00GB data/shopify-discovery/mengotomars-com/products.jsonl
would-trash [catalog-skipped+D:skipped] 0.00GB data/shopify-discovery/oxytech-au/products.jsonl
would-trash [catalog-skipped+D:skipped] 0.00GB data/shopify-discovery/vegamour-com/products.jsonl
would-trash [catalog-skipped+D:skipped] 0.00GB data/shopify-discovery/kent-co-in/products.jsonl
would-trash [catalog-skipped+D:skipped] 0.00GB data/shopify-discovery/twobrothersindiashop-com/products.jsonl
would-trash [catalog-skipped+D:skipped] 0.00GB data/shopify-discovery/deathwishcoffee-com/products.jsonl
would-trash [catalog-skipped+D:skipped] 0.00GB data/shopify-discovery/veromoda-in/products.jsonl
would-trash [catalog-skipped+D:skipped] 0.00GB data/shopify-discovery/fahertybrand-com/products.jsonl
would-trash [catalog-skipped+D:skipped] 0.00GB data/shopify-discovery/footlocker-co-il/products.jsonl
would-trash [catalog-skipped+D:skipped] 0.00GB data/shopify-discovery/tombihn-com/products.jsonl
would-trash [catalog-skipped+D:skipped] 0.00GB data/shopify-discovery/wafuu-com/products.jsonl
would-trash [catalog-skipped+D:skipped] 0.00GB data/shopify-discovery/mokobara-com/products.jsonl
would-trash [catalog-skipped+D:skipped] 0.00GB data/shopify-discovery/balardi-com/products.jsonl
would-trash [catalog-skipped+D:skipped] 0.00GB data/shopify-discovery/relaxofootwear-com/products.jsonl
would-trash [catalog-skipped+D:skipped] 0.00GB data/shopify-discovery/silca-cc/products.jsonl
would-trash [catalog-skipped+D:skipped] 0.00GB data/shopify-discovery/adapthealth-com/products.jsonl
would-trash [catalog-skipped+D:skipped] 0.00GB data/shopify-discovery/pospaper-com/products.jsonl
would-trash [catalog-skipped+D:skipped] 0.00GB data/shopify-discovery/party-expert-com/products.jsonl
cap: MAX_FILES reached
--- files=200 freed=0.30GB catalogChecked=0 lowMatchKept=0 r2Missed=6 apply=0
