would-trash [catalog-skipped+D:skipped] 0.00GB data/homedepot_products.jsonl
would-trash [catalog-skipped+D:skipped] 0.00GB data/shopify-discovery/breadshophnl-myshopify-com/products.jsonl
would-trash [catalog-skipped+D:skipped] 0.00GB data/shopify-discovery/ac0987-b1-myshopify-com/products.jsonl
would-trash [catalog-skipped+D:skipped] 0.00GB data/shopify-discovery/ac8b67-3-myshopify-com/products.jsonl
would-trash [catalog-skipped+D:skipped] 0.00GB data/shopify-discovery/brits-clothiers-myshopify-com/products.jsonl
would-trash [catalog-skipped+D:skipped] 0.00GB data/shopify-discovery/breedr-shop-myshopify-com/products.jsonl
would-trash [catalog-skipped+D:skipped] 0.00GB data/shopify-discovery/lecil-lashes-myshopify-com/products.jsonl
would-trash [catalog-skipped+D:skipped] 0.00GB data/shopify-discovery/minisforum-com/products.jsonl
would-trash [catalog-skipped+D:skipped] 0.00GB data/shopify-discovery/chanterellecouture-myshopify-com/products.jsonl
would-trash [catalog-skipped+D:skipped] 0.00GB data/shopify-discovery/helen-may-artist-myshopify-com/products.jsonl
would-trash [catalog-skipped+D:skipped] 0.00GB data/shopify-discovery/fincommander-myshopify-com/products.jsonl
would-trash [catalog-skipped+D:skipped] 0.00GB data/shopify-discovery/abpg-online-store-myshopify-com/products.jsonl
would-trash [catalog-skipped+D:skipped] 0.00GB data/shopify-discovery/financiallylitacademy-myshopify-com/products.jsonl
would-trash [catalog-skipped+D:skipped] 0.00GB data/shopify-discovery/henry-radio-myshopify-com/products.jsonl
would-trash [catalog-skipped+D:skipped] 0.00GB data/shopify-discovery/mous-co/products.jsonl
would-trash [catalog-skipped+D:skipped] 0.00GB data/shopify-discovery/aboutvivi-myshopify-com/products.jsonl
would-trash [catalog-skipped+D:skipped] 0.00GB data/shopify-discovery/hbcu1837co-myshopify-com/products.jsonl
would-trash [catalog-skipped+D:skipped] 0.00GB data/shopify-discovery/bespoketshirtmakers-myshopify-com/products.jsonl
would-trash [catalog-skipped+D:skipped] 0.00GB data/shopify-discovery/breakfast-in-london-dinner-in-paris-myshopify-com/products.jsonl
would-trash [catalog-skipped+D:skipped] 0.00GB data/shopify-discovery/leigha-marina-myshopify-com/products.jsonl
would-trash [catalog-skipped+D:skipped] 0.00GB data/shopify-discovery/bellsburg-myshopify-com/products.jsonl
would-trash [catalog-skipped+D:skipped] 0.00GB data/shopify-discovery/bummer-in-myshopify-com/products.jsonl
would-trash [catalog-skipped+D:skipped] 0.00GB data/shopify-discovery/breezybags-myshopify-com/products.jsonl
would-trash [catalog-skipped+D:skipped] 0.00GB data/shopify-discovery/darty-pt/products.jsonl
would-trash [catalog-skipped+D:skipped] 0.00GB data/shopify-discovery/acmepools-myshopify-com/products.jsonl
would-trash [catalog-skipped+D:skipped] 0.00GB data/shopify-discovery/ecomartists-myshopify-com/products.jsonl
would-trash [catalog-skipped+D:skipped] 0.00GB data/shopify-discovery/devious-drawings-myshopify-com/products.jsonl
would-trash [catalog-skipped+D:skipped] 0.00GB data/shopify-discovery/edge80one-myshopify-com/products.jsonl
would-trash [catalog-skipped+D:skipped] 0.00GB data/shopify-discovery/celticspirit-myshopify-com/products.jsonl
would-trash [catalog-skipped+D:skipped] 0.00GB data/shopify-discovery/edifying-answers-myshopify-com/products.jsonl
would-trash [catalog-skipped+D:skipped] 0.00GB data/shopify-discovery/paramountshop-com/products.jsonl
would-trash [catalog-skipped+D:skipped] 0.00GB data/shopify-discovery/fiera-cosmetics-myshopify-com/products.jsonl
would-trash [catalog-skipped+D:skipped] 0.00GB data/shopify-discovery/aceva-nutrition-myshopify-com/products.jsonl
would-trash [catalog-skipped+D:skipped] 0.00GB data/shopify-discovery/abountifulkitchen-myshopify-com/products.jsonl
would-trash [catalog-skipped+D:skipped] 0.00GB data/shopify-discovery/90f29c-2-myshopify-com/products.jsonl
would-trash [catalog-skipped+D:skipped] 0.00GB data/shopify-discovery/echo-ridge-golf-myshopify-com/products.jsonl
would-trash [catalog-skipped+D:skipped] 0.00GB data/shopify-discovery/acae11-myshopify-com/products.jsonl
would-trash [catalog-skipped+D:skipped] 0.00GB data/shopify-discovery/edaf9f-cb-myshopify-com/products.jsonl
would-trash [catalog-skipped+D:skipped] 0.00GB data/shopify-discovery/berzerk-studio-store-myshopify-com/products.jsonl
would-trash [catalog-skipped+D:skipped] 0.00GB data/shopify-discovery/bris-sweet-treats-llc-myshopify-com/products.jsonl
would-trash [catalog-skipped+D:skipped] 0.00GB data/shopify-discovery/aboutvintage-eu-myshopify-com/products.jsonl
would-trash [catalog-skipped+D:skipped] 0.00GB data/shopify-discovery/leaps-and-bounds-linton-myshopify-com/products.jsonl
would-trash [catalog-skipped+D:skipped] 0.00GB data/shopify-discovery/acne-solutions-nyc-myshopify-com/products.jsonl
would-trash [catalog-skipped+D:skipped] 0.00GB data/shopify-discovery/legacysips-myshopify-com/products.jsonl
would-trash [catalog-skipped+D:skipped] 0.00GB data/shopify-discovery/lecrea-online-myshopify-com/products.jsonl
would-trash [catalog-skipped+D:skipped] 0.00GB data/shopify-discovery/hearth-home-technologies-myshopify-com/products.jsonl
would-trash [catalog-skipped+D:skipped] 0.00GB data/shopify-discovery/buyeuropean-com-myshopify-com/products.jsonl
would-trash [catalog-skipped+D:skipped] 0.00GB data/shopify-discovery/hello-maypole-myshopify-com/products.jsonl
would-trash [catalog-skipped+D:skipped] 0.00GB data/homedepot_products_w1.jsonl
would-trash [catalog-skipped+D:skipped] 0.20GB data/google_shopping_products.jsonl
would-trash [catalog-skipped+D:skipped] 0.00GB data/homedepot_products_w3.jsonl
would-trash [catalog-skipped+D:skipped] 0.00GB data/_trash_archives/2026-06-18.tar.gz
would-trash [catalog-skipped+D:skipped] 0.18GB data/shopify_wave_e_products.jsonl
would-trash [catalog-skipped+D:skipped] 0.00GB data/homedepot_products_merged.jsonl
would-trash [catalog-skipped+D:skipped] 0.00GB data/lazada_ph_products_backup.ndjson
would-trash [catalog-skipped+D:skipped] 0.00GB data/homedepot_products_w2.jsonl
would-trash [catalog-skipped+D:skipped] 0.00GB data/etsy_us/products_20260610_192021.ndjson
would-trash [catalog-skipped+D:skipped] 0.00GB data/etsy_us/products_20260610_193655.ndjson
would-trash [catalog-skipped+D:skipped] 0.00GB data/etsy_us/products_20260610_190938.ndjson
would-trash [catalog-skipped+D:skipped] 0.00GB data/etsy_us/products_20260616_062524.ndjson
would-trash [catalog-skipped+D:skipped] 0.00GB data/etsy_us/products_20260610_191045.ndjson
would-trash [catalog-skipped+D:skipped] 0.00GB data/etsy_us/products_20260610_192448.ndjson
would-trash [catalog-skipped+D:skipped] 0.00GB data/etsy_us/products_20260607_045838.ndjson
would-trash [catalog-skipped+D:skipped] 0.00GB data/etsy_us/products_20260610_211751.ndjson
would-trash [catalog-skipped+D:skipped] 0.00GB data/cc_shopify_merchants_hunt2.jsonl
would-trash [catalog-skipped+D:skipped] 0.00GB data/homedepot_products_w0.jsonl
--- files=66 freed=0.41GB catalogChecked=0 lowMatchKept=0 r2Missed=1 apply=0
