would-trash [catalog-skipped+D:skipped] 0.00GB data/woo_magma_discover/mgra/burga_sg_mgra.ndjson
would-trash [catalog-skipped+D:skipped] 0.00GB data/woo_magma_discover/mgra/siamrath_co_th_mgra.ndjson
would-trash [catalog-skipped+D:skipped] 0.00GB data/woo_magma_discover/mgra/orioncode_sg_mgra.ndjson
would-trash [catalog-skipped+D:skipped] 0.00GB data/woo_magma_discover/mgra/iseas_edu_sg_mgra.ndjson
would-trash [catalog-skipped+D:skipped] 0.00GB data/woo_magma_discover/mgra/maribank_com_sg_mgra.ndjson
would-trash [catalog-skipped+D:skipped] 0.00GB data/woo_magma_discover/mgra/lazada_com_my_mgra.ndjson
would-trash [catalog-skipped+D:skipped] 0.00GB data/woo_magma_discover/mgra/cellarbration_com_sg_mgra.ndjson
would-trash [catalog-skipped+D:skipped] 0.00GB data/woo_magma_discover/mgra/1826_sg_mgra.ndjson
would-trash [catalog-skipped+D:skipped] 0.00GB data/woo_magma_discover/mgra/courts_com_sg_mgra.ndjson
would-trash [catalog-skipped+D:skipped] 0.00GB data/woo_magma_discover/mgra/promise_co_th_mgra.ndjson
would-trash [catalog-skipped+D:skipped] 0.00GB data/woo_magma_discover/mgra/chordtabs_in_th_mgra.ndjson
would-trash [catalog-skipped+D:skipped] 0.00GB data/woo_magma_discover/mgra/minichart_com_sg_mgra.ndjson
would-trash [catalog-skipped+D:skipped] 0.00GB data/woo_magma_discover/mgra/springnews_co_th_mgra.ndjson
would-trash [catalog-skipped+D:skipped] 0.00GB data/woo_magma_discover/mgra/bangchak_co_th_mgra.ndjson
would-trash [catalog-skipped+D:skipped] 0.00GB data/woo_magma_discover/mgra/farangmart_co_th_mgra.ndjson
would-trash [catalog-skipped+D:skipped] 0.00GB data/woo_magma_discover/mgra/silverbullion_com_sg_mgra.ndjson
would-trash [catalog-skipped+D:skipped] 0.00GB data/woo_magma_discover/mgra/g2000_com_sg_mgra.ndjson
would-trash [catalog-skipped+D:skipped] 0.00GB data/woo_magma_discover/mgra/anext_com_sg_mgra.ndjson
would-trash [catalog-skipped+D:skipped] 0.00GB data/woo_magma_discover/mgra/tnews_co_th_mgra.ndjson
would-trash [catalog-skipped+D:skipped] 0.00GB data/woo_magma_discover/mgra/imatrix_com_sg_mgra.ndjson
would-trash [catalog-skipped+D:skipped] 0.00GB data/woo_magma_discover/mgra/dementia_org_sg_mgra.ndjson
would-trash [catalog-skipped+D:skipped] 0.00GB data/woo_magma_discover/mgra/lazada_co_th_mgra.ndjson
would-trash [catalog-skipped+D:skipped] 0.00GB data/woo_magma_discover/mgra/hci_edu_sg_mgra.ndjson
would-trash [catalog-skipped+D:skipped] 0.00GB data/woo_magma_discover/mgra/bizfile_gov_sg_mgra.ndjson
would-trash [catalog-skipped+D:skipped] 0.00GB data/woo_magma_discover/mgra/proen_co_th_mgra.ndjson
would-trash [catalog-skipped+D:skipped] 0.00GB data/woo_magma_discover/mgra/nyp_edu_sg_mgra.ndjson
would-trash [catalog-skipped+D:skipped] 0.00GB data/woo_magma_discover/mgra/thesun_my_mgra.ndjson
would-trash [catalog-skipped+D:skipped] 0.00GB data/woo_magma_discover/mgra/uitm_edu_my_mgra.ndjson
would-trash [catalog-skipped+D:skipped] 0.00GB data/woo_magma_discover/mgra/renthub_in_th_mgra.ndjson
would-trash [catalog-skipped+D:skipped] 0.00GB data/woo_magma_discover/mgra/ku_ac_th_mgra.ndjson
would-trash [catalog-skipped+D:skipped] 0.00GB data/woo_magma_discover/mgra/nectec_or_th_mgra.ndjson
would-trash [catalog-skipped+D:skipped] 0.00GB data/woo_magma_discover/mgra/upsi_edu_my_mgra.ndjson
would-trash [catalog-skipped+D:skipped] 0.00GB data/woo_magma_discover/mgra/underarmour_com_sg_mgra.ndjson
would-trash [catalog-skipped+D:skipped] 0.00GB data/woo_magma_discover/mgra/fwd_co_th_mgra.ndjson
would-trash [catalog-skipped+D:skipped] 0.00GB data/woo_magma_discover/mgra/cris_sg_mgra.ndjson
would-trash [catalog-skipped+D:skipped] 0.00GB data/woo_magma_discover/mgra/maribank_sg_mgra.ndjson
would-trash [catalog-skipped+D:skipped] 0.00GB data/woo_magma_discover/mgra/sutd_edu_sg_mgra.ndjson
would-trash [catalog-skipped+D:skipped] 0.00GB data/woo_magma_discover/mgra/govbenefits_gov_sg_mgra.ndjson
would-trash [catalog-skipped+D:skipped] 0.00GB data/woo_magma_discover/mgra/creaworld_com_sg_mgra.ndjson
would-trash [catalog-skipped+D:skipped] 0.00GB data/woo_magma_discover/mgra/chi_sg_mgra.ndjson
would-trash [catalog-skipped+D:skipped] 0.00GB data/woo_magma_discover/mgra/underarmour_co_th_mgra.ndjson
would-trash [catalog-skipped+D:skipped] 0.00GB data/woo_magma_discover/mgra/lazada_sg_mgra.ndjson
would-trash [catalog-skipped+D:skipped] 0.00GB data/woo_magma_discover/mgra/primarycarepages_sg_mgra.ndjson
would-trash [catalog-skipped+D:skipped] 0.00GB data/woo_magma_discover/woo/anual_sg_woo.ndjson
would-trash [catalog-skipped+D:skipped] 0.00GB data/woo_magma_discover/woo/litemobile_com_sg_woo.ndjson
would-trash [catalog-skipped+D:skipped] 0.00GB data/woo_magma_discover/woo/nets_com_sg_woo.ndjson
would-trash [catalog-skipped+D:skipped] 0.00GB data/woo_magma_discover/woo/thesmartinvestor_com_sg_woo.ndjson
would-trash [catalog-skipped+D:skipped] 0.00GB data/woo_magma_discover/woo/thefrostedchick_com_sg_woo.ndjson
would-trash [catalog-skipped+D:skipped] 0.00GB data/woo_magma_discover/woo/senq_com_my_woo.ndjson
would-trash [catalog-skipped+D:skipped] 0.00GB data/woo_magma_discover/woo/tracking_my_woo.ndjson
would-trash [catalog-skipped+D:skipped] 0.00GB data/woo_magma_discover/woo/kosmo_com_my_woo.ndjson
would-trash [catalog-skipped+D:skipped] 0.00GB data/woo_magma_discover/woo/otsi_sg_woo.ndjson
would-trash [catalog-skipped+D:skipped] 0.00GB data/woo_magma_discover/woo/watchexchange_sg_woo.ndjson
would-trash [catalog-skipped+D:skipped] 0.00GB data/woo_magma_discover/woo/ns_co_th_woo.ndjson
would-trash [catalog-skipped+D:skipped] 0.00GB data/woo_magma_discover/woo/mistermobile_com_sg_woo.ndjson
would-trash [catalog-skipped+D:skipped] 0.00GB data/woo_magma_discover/woo/autoline24_sg_woo.ndjson
would-trash [catalog-skipped+D:skipped] 0.00GB data/woo_magma_discover/woo/utusan_com_my_woo.ndjson
would-trash [catalog-skipped+D:skipped] 0.00GB data/woo_magma_discover/woo/senheng_com_my_woo.ndjson
would-trash [catalog-skipped+D:skipped] 0.02GB data/gs_ingest_dedup.jsonl
would-trash [catalog-skipped+D:skipped] 0.74GB data/google_shopping_products.jsonl
would-trash [catalog-skipped+D:skipped] 0.00GB data/_trash_archives/2026-06-18.tar.gz
would-trash [catalog-skipped+D:skipped] 0.17GB data/gs_ingest_merged.jsonl
--- files=62 freed=0.94GB catalogChecked=0 lowMatchKept=0 r2Missed=20 apply=0
