FairPrice SG Scraper starting... (mode: scrape-only)
Store ID: 165
Target products: 1200000
Output: data/fairprice_scrape/products_20260515_170545.jsonl
Discovered 969 category slugs
1/969 international-selections
[International Selections] count=2826 pages=50
2/969 china-1
[China] count=272 pages=14
3/969 rice-and-noodles-1
[Rice & Noodles] count=32 pages=2
4/969 frozen-food-2
[Frozen Food] count=69 pages=4
5/969 cooking-ingredients
[Cooking Ingredients] count=74 pages=4
6/969 snacks-and-confectionery-1
[Snacks & Confectionery] count=27 pages=2
7/969 drinks-10
[Drinks] count=45 pages=3
8/969 beer,-wine--spirits-5
[Beer, Wine & Spirits] count=26 pages=2
9/969 fruits--vegetables-6
[Fruits & Vegetables] count=2 pages=1
10/969 australia-7
[Australia] count=286 pages=15
11/969 beauty--personal-care-3
[Beauty & Personal Care] count=13 pages=1
12/969 dairy,-chilled--eggs-2
[Dairy, Chilled & Eggs] count=4 pages=1
13/969 beer,-wine--spirits-2
[Beer, Wine & Spirits] count=149 pages=8
14/969 food-cupboard-3
[Food Cupboard] count=27 pages=2
15/969 health-and-wellness-4
[Health & Wellness] count=40 pages=2
16/969 household-9
[Household] count=3 pages=1
17/969 snacks--confectionery-2
[Snacks & Confectionery] count=6 pages=1
18/969 usa-3
[USA] count=546 pages=28
19/969 food-cupboard-12
[Food Cupboard] count=71 pages=4
20/969 frozen-37
[Frozen] count=37 pages=2
21/969 health-and-wellness-3
[Health & Wellness] count=9 pages=1
22/969 household-6
[Household] count=117 pages=6
23/969 rice,-noodles--cooking-ingredients-6
[Rice, Noodles & Cooking Ingredients] count=109 pages=6
24/969 beauty-and-personal-care-1
[Beauty & Personal Care] count=48 pages=3
25/969 uk
[UK] count=72 pages=4
26/969 household-11
[Household] count=27 pages=2
27/969 snacks-and-confectionery-2
[Snacks & Confectionery] count=38 pages=2
28/969 malaysia
[Malaysia] count=215 pages=11
29/969 beauty-and-personal-care
[Beauty & Personal Care] count=1 pages=1
30/969 drinks-16
[Drinks] count=28 pages=2
31/969 rice-noodles-and-cooking-ingredients-2
[Rice, Noodles & Cooking Ingredients] count=11 pages=1
32/969 snacks-and-confectionery-3
[Snacks & Confectionery] count=175 pages=9
33/969 south-korea
[South Korea] count=541 pages=28
34/969 bakery-11
[Bakery] count=5 pages=1
35/969 drinks-21
[Drinks] count=47 pages=3
36/969 beer,-wine--spirits-8
[Beer, Wine & Spirits] count=42 pages=3
37/969 household-8
[Household] count=45 pages=3
38/969 rice-noodles-and-cooking-ingredients-4
[Rice, Noodles & Cooking Ingredients] count=75 pages=4
39/969 snacks-and-confectionery-4
[Snacks & Confectionery] count=71 pages=4
40/969 frozen-32
[Chilled & Frozen] count=32 pages=2
41/969 lotte-1
[Lotte] count=245 pages=13
42/969 japan-18
[Japan] count=894 pages=45
43/969 beauty--personal-care-6
[Beauty & Personal Care] count=195 pages=10
44/969 dairy-chilled-and-eggs-2
[Dairy, Chilled & Eggs] count=47 pages=3
45/969 drinks-11
[Drinks] count=122 pages=7
46/969 beer,-wine--spirits-7
[Beer, Wine & Spirits] count=42 pages=3
47/969 food-cupboard-14
[Food Cupboard] count=83 pages=5
48/969 frozen-40
[Frozen] count=4 pages=1
49/969 household-7
[Household] count=98 pages=5
50/969 rice,-noodles--cooking-ingredients-7
[Rice, Noodles & Cooking Ingredients] count=154 pages=8
51/969 snacks--confectionery-3
[Snacks & Confectionery] count=148 pages=8
52/969 baby-child-toys
[Baby, Child & Toys] count=4873 pages=50
53/969 infant-formula--1
[Infant Formula] count=59 pages=3
54/969 stage-1-1
[Stage 1] count=38 pages=2
55/969 stage-2-3
[Stage 2] count=21 pages=2
56/969 milk-powder
[Milk Powder] count=150 pages=8
57/969 maternal-lactating-milk
[Maternal & Lactating Milk] count=4 pages=1
58/969 stage-3
[Stage 3] count=72 pages=4
59/969 stage-4-above
[Stage 4 & Above] count=74 pages=4
60/969 food
[Baby & Toddler Food] count=642 pages=33
61/969 organic-baby-food
[Organic Baby Food] count=93 pages=5
62/969 baby--toddler-cereals
[Baby & Toddler Cereals] count=48 pages=3
63/969 baby--toddler-meals
[Baby & Toddler Meals] count=186 pages=10
64/969 toddler-ready-to-drink-milk
[Toddler Ready to Drink Milk] count=9 pages=1
65/969 baby--toddler-juices
[Baby & Toddler Juices] count=79 pages=4
66/969 baby--toddler-snacks
[Baby & Toddler Snacks] count=263 pages=14
67/969 nursing-feeding-1
[Nursing & Feeding] count=1274 pages=50
68/969 wipes---accessories
[Baby Wipes] count=126 pages=7
69/969 bibs-washcloths
[Bibs & Washcloths] count=42 pages=3
70/969 bottles-cups
[Bottles & Cups] count=240 pages=12
71/969 bottle-care-cleaning
[Bottle Care & Cleaning] count=24 pages=2
72/969 bottle-nipples---accessories-
[Bottle Nipples & Accessories] count=84 pages=5
73/969 breast-pumps
[Breast Pumps] count=14 pages=1
74/969 breast-pump-accessories
[Breast Pump Accessories] count=32 pages=2
75/969 food-storage-containers
[Food Storage & Containers] count=205 pages=11
76/969 formula-dispensers-mixers
[Formula Dispensers & Mixers] count=18 pages=1
77/969 nursing-covers
[Nursing Covers] count=12 pages=1
78/969 pacifiers-teethers
[Pacifiers & Teethers] count=151 pages=8
79/969 utensils
[Utensils] count=238 pages=12
80/969 warmers-sterilizers
[Warmers & Sterilizers] count=39 pages=2
81/969 nursing-pillows
[Nursing Pillows] count=140 pages=7
82/969 breast-pads,-shells--nipple-shields
[Breast Pads, Shells & Nipple Shields] count=35 pages=2
83/969 baby-toiletries---health
[Baby Toiletries & Health] count=993 pages=50
84/969 baby-bath-tubs
[Baby Bath Tubs] count=16 pages=1
85/969 baby-grooming
[Baby Grooming] count=35 pages=2
86/969 baby-oils
[Baby Oils] count=8 pages=1
87/969 baby-powder
[Baby Powder] count=17 pages=1
88/969 bath---shower
[Bath & Shower] count=211 pages=11
89/969 bath-toys
[Bath Toys] count=14 pages=1
90/969 cotton-wools---tips-
[Cotton Wools & Tips] count=17 pages=1
91/969 creams---moisturizers
[Creams & Moisturizers] count=103 pages=6
92/969 hair-care
[Hair Care] count=60 pages=3
93/969 oral-care
[Oral Care] count=234 pages=12
94/969 potty-training
[Potty Training] count=21 pages=2
95/969 towels
[Towels] count=127 pages=7
96/969 baby-nasal-care
[Baby Nasal Care] count=13 pages=1
97/969 baby-laundry---cleaning
[Baby Laundry & Cleaning] count=93 pages=5
98/969 cleaning---sterilisers
[Cleaning & Sterilisers] count=37 pages=2
99/969 laundry--1
[Laundry] count=56 pages=3
100/969 toys---play
[Toys & Play] count=727 pages=37
101/969 learning---education--1
[Learning & Education] count=371 pages=19
102/969 science-kits
[Science Kits] count=76 pages=4
103/969 pretend-play
[Pretend Play] count=80 pages=4
104/969 craft-toys
[Craft Toys] count=74 pages=4
105/969 dolls--soft-toys
[Dolls & Soft Toys] count=45 pages=3
106/969 children-puzzles
[Children Puzzles] count=19 pages=1
107/969 musical-toys
[Musical Toys] count=62 pages=4
108/969 diapers-3074457345616687146-1
[Diapers] count=401 pages=21
109/969 diaper-bags
[Diaper Bags] count=2 pages=1
110/969 pants
[Diaper Pants] count=40 pages=2
111/969 newborn
[Newborn Diapers] count=37 pages=2
112/969 size-s
[Size S Diapers] count=32 pages=2
113/969 size-m
[Size M Diapers] count=83 pages=5
114/969 size-l
[Size L Diapers] count=81 pages=5
115/969 size-xl-above
[Size XL & Above Diapers] count=129 pages=7
116/969 diaper-bins
[Diaper Bins] count=1 pages=1
117/969 baby-furniture
[Baby Furniture] count=206 pages=11
118/969 cribs--beds---playpens
[Cribs, Beds & Playpens] count=23 pages=2
119/969 floor-mats
[Floor Mats] count=36 pages=2
120/969 high-chairs
[High Chairs] count=18 pages=1
121/969 mattresses---bedding-sheets
[Mattresses & Bedding Sheets] count=129 pages=7
122/969 baby-clothing---accessories
[Baby Clothing & Accessories] count=169 pages=9
123/969 baby-fashion-accessories
[Baby Fashion Accessories] count=74 pages=4
124/969 baby-footwear
[Baby Footwear] count=74 pages=4
125/969 baby-sleepwear
[Baby Sleepwear] count=1 pages=1
126/969 baby-swimwear
[Baby Swimwear] count=10 pages=1
127/969 baby-swaddle
[Baby Swaddle] count=10 pages=1
128/969 maternity-for-moms
[Maternity for Mums] count=32 pages=2
129/969 intimate
[Intimate] count=1 pages=1
130/969 moms-accessories
[Mom Accessories] count=2 pages=1
131/969 lactation-support
[Lactation Support] count=6 pages=1
132/969 maternity-skincare
[Maternity Skincare] count=15 pages=1
133/969 nursing-accessories
[Nursing Accessories] count=8 pages=1
134/969 baby-gear
[Baby Gear] count=73 pages=4
135/969 baby-car-accessories
[Baby Car Accessories] count=7 pages=1
136/969 car-seat
[Car Seat] count=8 pages=1
137/969 strollers
[Strollers] count=21 pages=2
138/969 strollers-accessories
[Strollers Accessories] count=25 pages=2
139/969 walkers
[Walkers] count=12 pages=1
140/969 baby-safety--1
[Baby Safety] count=54 pages=3
141/969 baby-monitor
[Baby Monitor] count=1 pages=1
142/969 corner-guards--door-locks
[Corner Guards & Door Locks] count=8 pages=1
143/969 night-lights
[Night Lights] count=42 pages=3
144/969 safety-gates
[Safety Gates] count=3 pages=1
145/969 bakery
[Bakery] count=316 pages=16
146/969 breads--1
[Breads] count=316 pages=16
147/969 bakery-breakfast
[Bakery Breakfast] count=12 pages=1
148/969 bakery-snacks
[Bakery Snacks] count=20 pages=1
149/969 bakery-sweet-treats
[Bakery Sweet Treats] count=100 pages=5
150/969 bread-slice
[Bread Slice] count=38 pages=2
151/969 bread-whole
[Bread Whole] count=6 pages=1
152/969 buns--rolls
[Buns & Rolls] count=14 pages=1
153/969 cake-whole
[Cake Whole] count=56 pages=3
154/969 garlic-bread--pizza-bases
[Garlic Bread & Pizza Bases] count=4 pages=1
155/969 wraps,-naans--flatbreads
[Wraps, Naans & Flatbreads] count=66 pages=4
156/969 beauty--personal-care
[Beauty & Personal Care] count=7883 pages=50
157/969 hair-care-2
[Hair Care] count=1864 pages=50
158/969 shampoo
[Shampoo] count=648 pages=33
159/969 conditioners
[Conditioners] count=260 pages=13
160/969 hair-colour
[Hair Colour] count=288 pages=15
161/969 hair-styling-1
[Hair Styling] count=250 pages=13
162/969 hair-accessories
[Hair Accessories] count=79 pages=4
163/969 tonics--treatments
[Tonics & Treatments] count=341 pages=18
164/969 bath--body
[Bath & Body] count=1902 pages=50
165/969 body-wash
[Body Wash] count=646 pages=33
166/969 bar-soap
[Bar Soap] count=136 pages=7
167/969 scrubs--exfoliators
[Scrubs & Exfoliators] count=73 pages=4
168/969 body-lotions-1
[Body Lotions] count=326 pages=17
169/969 deodorants
[Deodorants] count=342 pages=18
170/969 perfumes
[Perfumes] count=345 pages=18
171/969 body-powder
[Body Powder] count=34 pages=2
172/969 facial-care
[Facial Care] count=1370 pages=50
173/969 cleansers--exfoliators
[Cleansers & Exfoliators] count=418 pages=21
174/969 toners-1
[Toners] count=114 pages=6
175/969 moisturisers
[Moisturisers] count=236 pages=12
176/969 sunscreens
[Sunscreens] count=126 pages=7
177/969 serums
[Serums] count=180 pages=9
178/969 lip-care
[Lip Care] count=74 pages=4
179/969 acne-1
[Acne] count=46 pages=3
180/969 eye-creams
[Eye Creams] count=41 pages=3
181/969 face--eye-masks
[Face & Eye Masks] count=140 pages=7
182/969 oral-care-1
[Oral Care] count=817 pages=41
183/969 toothpaste
[Toothpaste] count=265 pages=14
184/969 toothbrush
[Toothbrush] count=302 pages=16
185/969 mouthwash
[Mouthwash] count=119 pages=6
186/969 dental-aid
[Dental Aid] count=133 pages=7
187/969 hand---foot-care
[Hand & Foot Care] count=391 pages=20
188/969 hand-soap
[Hand Soap] count=282 pages=15
189/969 hand-sanitizer
[Hand Sanitizer] count=43 pages=3
190/969 hand-cream
[Hand Cream] count=25 pages=2
191/969 hand--foot-mask
[Hand & Foot Mask] count=12 pages=1
192/969 foot-cream---powder
[Foot Cream & Powder] count=29 pages=2
193/969 feminine-care
[Feminine Care] count=364 pages=19
194/969 sanitary-pads
[Sanitary Pads] count=213 pages=11
195/969 maternity-pads
[Maternity Pads] count=2 pages=1
196/969 tampons
[Tampons] count=11 pages=1
197/969 menstrual-cups
[Menstrual Cups] count=1 pages=1
198/969 panty-liners
[Panty Liners] count=58 pages=3
199/969 feminine-wash
[Feminine Wash] count=55 pages=3
200/969 disposable-underwear
[Disposable Underwear] count=24 pages=2
201/969 hair-removal-2
[Hair Removal] count=241 pages=13
202/969 shavers
[Shavers] count=182 pages=10
203/969 shaving-foam--gel
[Shaving Foam & Gel] count=36 pages=2
204/969 tweezers
[Tweezers] count=16 pages=1
205/969 wax-strips-1
[Wax Strips] count=7 pages=1
206/969 nail-care
[Nail Care] count=147 pages=8
207/969 nail-polish
[Nail Polish] count=83 pages=5
208/969 nail-polish-remover
[Nail Polish Remover] count=5 pages=1
209/969 nail-stickers
[Nail Stickers] count=5 pages=1
210/969 manicure--pedicure-tools
[Manicure & Pedicure Tools] count=28 pages=2
211/969 nail--cuticle-clippers
[Nail & Cuticle Clippers] count=26 pages=2
212/969 makeup
[Makeup] count=619 pages=31
213/969 primer
[Primer] count=5 pages=1
214/969 foundation--concealer
[Foundation & Concealer] count=92 pages=5
215/969 mineral-powder
[Mineral Powder] count=6 pages=1
216/969 contours--highlighters
[Contours & Highlighters] count=49 pages=3
217/969 eyeliner
[Eyeliner] count=54 pages=3
218/969 eyeshadow
[Eyeshadow] count=47 pages=3
219/969 eyebrow-pencil
[Eyebrow Pencil] count=33 pages=2
220/969 mascara--false-eyelashes
[Mascara & False Eyelashes] count=17 pages=1
221/969 lipstick--gloss
[Lipstick & Gloss] count=151 pages=8
222/969 setting-spray
[Setting Spray] count=8 pages=1
223/969 makeup-removers
[Makeup Removers] count=88 pages=5
224/969 makeup-accessories
[Makeup Accessories] count=69 pages=4
225/969 beauty-appliances
[Beauty Appliances] count=117 pages=6
226/969 hair-dryers
[Hair Dryers] count=85 pages=5
227/969 hair-straighteners
[Hair Straighteners] count=31 pages=2
228/969 derma-care
[Derma Care] count=56 pages=3
229/969 derma-skincare-1
[Derma Skincare] count=56 pages=3
230/969 dairy-chilled-eggs
[Dairy, Chilled & Eggs] count=1045 pages=50
231/969 eggs
[Eggs] count=59 pages=3
232/969 fresh-eggs
[Fresh Eggs] count=46 pages=3
233/969 preserved-eggs
[Preserved Eggs] count=13 pages=1
234/969 fresh-milk--1
[Fresh Milk] count=129 pages=7
235/969 cultured-milk
[Cultured Milk] count=25 pages=2
236/969 flavoured-milk
[Flavoured Milk] count=32 pages=2
237/969 fresh-milk
[Fresh Milk] count=43 pages=3
238/969 soy-milk
[Soy Milk] count=29 pages=2
239/969 uht-milk--1
[UHT Milk] count=375 pages=19
240/969 flavoured-uht-milk
[Flavoured UHT Milk] count=182 pages=10
241/969 soy-uht-milk
[Soy UHT Milk] count=67 pages=4
242/969 uht-milk
[UHT Milk] count=126 pages=7
243/969 cheese
[Cheese] count=174 pages=9
244/969 blocks
[Cheese Blocks] count=41 pages=3
245/969 cheese-spreads
[Cheese Spreads] count=25 pages=2
246/969 natural-others
[Natural Cheese] count=54 pages=3
247/969 shredded-grated
[Shredded & Grated Cheese] count=16 pages=1
248/969 sliced
[Sliced Cheese] count=38 pages=2
249/969 butter--margarine---spreads
[Butter, Margarine & Spreads] count=56 pages=3
250/969 butter
[Butter] count=40 pages=2
251/969 margarine---spreads
[Margarine & Spreads] count=16 pages=1
252/969 cream
[Cream] count=21 pages=2
253/969 cooking---thickened-creams
[Cooking & Thickened Creams] count=13 pages=1
254/969 whipping-creams
[Whipping Creams] count=8 pages=1
255/969 yoghurt
[Yoghurt] count=143 pages=8
256/969 flavoured-yoghurt
[Flavoured Yoghurt] count=72 pages=4
257/969 greek-yoghurt
[Greek Yoghurt] count=51 pages=3
258/969 natural-yoghurt
[Natural Yoghurt] count=14 pages=1
259/969 yoghurt-drinks
[Yoghurt Drinks] count=6 pages=1
260/969 cultured--yoghurt-drinks
[Cultured & Yoghurt Drinks] count=1 pages=1
261/969 delicatessen
[Delicatessen] count=229 pages=12
262/969 ham-salami
[Ham & Salami] count=63 pages=4
263/969 roasted-meat
[Roasted Meat] count=8 pages=1
264/969 sausages-bacon
[Sausages & Bacon] count=158 pages=8
265/969 chilled-food
[Chilled Food] count=174 pages=9
266/969 beancurd-tofu
[Beancurd & Tofu] count=33 pages=2
267/969 fish-balls-fish-cakes
[Fish Balls & Fish Cakes] count=16 pages=1
268/969 kimchi
[Kimchi] count=15 pages=1
269/969 meat-balls
[Meat Balls] count=4 pages=1
270/969 noodles--rice-cakes---pasta
[Noodles, Rice Cake & Pasta] count=52 pages=3
271/969 smoked-salmon
[Smoked Salmon] count=15 pages=1
272/969 chilled-dim-sum
[Chilled Dim Sum] count=54 pages=3
273/969 chilled-beverages
[Chilled Beverages] count=26 pages=2
274/969 juices
[Juices] count=26 pages=2
275/969 chilled-dessert
[Chilled Desserts] count=34 pages=2
276/969 puddings-jellies
[Puddings & Jellies] count=34 pages=2
277/969 drinks
[Drinks] count=3435 pages=50
278/969 coffee
[Coffee] count=725 pages=37
279/969 capsules-pods
[Capsules & Pods] count=131 pages=7
280/969 coffee-filters
[Coffee Filters] count=33 pages=2
281/969 condensed-milk---creamers
[Condensed Milk & Creamers] count=21 pages=2
282/969 ground-coffee---beans
[Ground Coffee & Beans] count=187 pages=10
283/969 ready-to-drink
[Ice Coffee] count=56 pages=3
284/969 instant-coffee
[Instant Coffee] count=281 pages=15
285/969 drip-coffee
[Drip Coffee] count=16 pages=1
286/969 tea
[Tea] count=976 pages=49
287/969 black-tea
[Black Tea] count=88 pages=5
288/969 fruit-flower-herbal
[Fruit, Flower & Herbal] count=374 pages=19
289/969 green-tea
[Green Tea] count=113 pages=6
290/969 iced-tea
[Ice Tea] count=258 pages=13
291/969 kombucha
[Kombucha] count=98 pages=5
292/969 milk-tea
[Milk Tea] count=45 pages=3
293/969 juices--1
[Juices] count=286 pages=15
294/969 apple-juice
[Apple Juice] count=24 pages=2
295/969 berries
[Berry Juice] count=24 pages=2
296/969 chilled-juice
[Chilled Juice] count=22 pages=2
297/969 coconut-water
[Coconut Water] count=60 pages=3
298/969 cranberry---pomegranate
[Cranberry & Pomegranate Juice] count=10 pages=1
299/969 grape-juice
[Grape Juice] count=20 pages=1
300/969 lemon---lime
[Lemon & Lime Juice] count=17 pages=1
301/969 mixed-juice
[Mixed Juice] count=59 pages=3
302/969 orange-juice
[Orange Juice] count=19 pages=1
303/969 tomato---vegetable-juice
[Tomato & Vegetable Juice] count=14 pages=1
304/969 tropical-juice
[Tropical Juice] count=18 pages=1
305/969 beverages
[Beverages] count=976 pages=49
306/969 adult-milk-powder
[Adult Milk Powder] count=125 pages=7
307/969 asian-drinks
[Asian Drinks] count=95 pages=5
308/969 carbonated
[Carbonated Drinks] count=196 pages=10
309/969 carton
[Carton Drinks] count=202 pages=11
310/969 chocolate-malted
[Chocolate & Malted] count=89 pages=5
311/969 cider-drinking-vinegar
[Drinking Vinegar] count=45 pages=3
312/969 cordials---syrups
[Cordials & Syrups] count=188 pages=10
313/969 energy-isotonic-drinks
[Energy & Isotonic Drinks] count=86 pages=5
314/969 water
[Water] count=229 pages=12
315/969 alkaline-water
[Alkaline Water] count=6 pages=1
316/969 cooling-water
[Cooling Water] count=11 pages=1
317/969 flavoured-water
[Flavoured Water] count=14 pages=1
318/969 mineral-water
[Mineral Water] count=48 pages=3
319/969 sparkling-water
[Sparkling Water] count=137 pages=7
320/969 still-water
[Still Water] count=18 pages=1
321/969 drink-mixers
[Drink Mixers] count=21 pages=2
322/969 ginger-ale
[Ginger Ale] count=3 pages=1
323/969 soda-water
[Soda Water] count=9 pages=1
324/969 tonic-water
[Tonic Water] count=9 pages=1
325/969 beer-wine-spirits
[Beer, Wine & Spirits] count=2403 pages=50
326/969 beer
[Beer] count=283 pages=15
327/969 lager--pilsner
[Lager & Pilsner] count=122 pages=7
328/969 ale--ipa
[Ale & IPA] count=63 pages=4
329/969 craft-beer
[Craft Beer] count=66 pages=4
330/969 dark-beer-stout
[Dark Beer & Stout] count=23 pages=2
331/969 cider-1
[Cider] count=27 pages=2
332/969 shandy,-radler--flavoured-beer
[Shandy, Radler & Flavoured Beer] count=37 pages=2
333/969 wine-12
[Wine] count=1141 pages=50
334/969 dessert-wine
[Dessert Wine] count=15 pages=1
335/969 rose
[Rose Wine] count=58 pages=3
336/969 red
[Red Wine] count=726 pages=37
337/969 white
[White Wine] count=336 pages=17
338/969 champagne--sparkling-wine-1
[Champagne & Sparkling Wine] count=146 pages=8
339/969 champagne
[Champagne] count=36 pages=2
340/969 sparkling-wine
[Sparkling Wine] count=110 pages=6
341/969 spirits
[Spirits] count=522 pages=27
342/969 tequilla
[Tequila] count=10 pages=1
343/969 whisky
[Whisky] count=102 pages=6
344/969 chinese-liquor
[Chinese Liquor] count=11 pages=1
345/969 vermouth
[Vermouth] count=9 pages=1
346/969 liqueur
[Liqueur] count=52 pages=3
347/969 rum-1
[Rum] count=15 pages=1
348/969 soju-and-sake-1
[Soju & Sake] count=161 pages=9
349/969 cocktails
[Cocktails] count=47 pages=3
350/969 vodka
[Vodka] count=22 pages=2
351/969 gin-3
[Gin] count=50 pages=3
352/969 brandy-and-cognac
[Brandy & Cognac] count=28 pages=2
353/969 non-alcoholic
[Non Alcoholic] count=42 pages=3
354/969 non-alcoholic-beer
[Non Alcoholic Beer] count=15 pages=1
355/969 non-alcoholic-wine--spirits
[Non Alcoholic Wine & Spirits] count=27 pages=2
356/969 drinking-accessories
[Drinking Accessories] count=269 pages=14
357/969 corkscrew---bottle-opener
[Corkscrew & Bottle Opener] count=18 pages=1
358/969 drinking-glass
[Drinking Glass] count=220 pages=11
359/969 wine-system
[Wine System] count=31 pages=2
360/969 food-cupboard-6
[Food Cupboard] count=2638 pages=50
361/969 breakfast-1
[Breakfast] count=593 pages=30
362/969 pancake-mix
[Pancake Mix] count=23 pages=2
363/969 protein-bars
[Protein Bars] count=137 pages=7
364/969 granola--muesli---oats
[Granola, Muesli & Oats] count=183 pages=10
365/969 kids-cereals
[Kids Cereals] count=62 pages=4
366/969 adult-cereals
[Adult Cereals] count=51 pages=3
367/969 instant-cereals
[Instant Cereals] count=71 pages=4
368/969 cereal-bars
[Cereal Bars] count=66 pages=4
369/969 ready-to-eat--1
[Ready-to-Eat] count=631 pages=32
370/969 instant-desserts
[Instant Desserts] count=17 pages=1
371/969 instant-soups
[Instant Soups] count=51 pages=3
372/969 instant-meals-1
[Instant Meals] count=69 pages=4
373/969 instant-rice
[Instant Rice] count=19 pages=1
374/969 instant-cups
[Instant Cups] count=164 pages=9
375/969 instant-noodles
[Instant Noodles] count=289 pages=15
376/969 instant-porridge
[Instant Porridge] count=23 pages=2
377/969 canned-food
[Canned Food] count=841 pages=43
378/969 abalone
[Canned Abalone] count=34 pages=2
379/969 sardines-mackerels
[Canned Sardines & Mackerels] count=63 pages=4
380/969 tuna-salmon
[Canned Tuna & Salmon] count=97 pages=5
381/969 fruits-desserts
[Canned Fruits & Desserts] count=81 pages=5
382/969 vegetables---1
[Canned Vegetables] count=310 pages=16
383/969 other-seafood
[Other Canned Seafood] count=77 pages=4
384/969 beans
[Canned Beans] count=62 pages=4
385/969 meat
[Canned Meat] count=121 pages=7
386/969 jams,-spreads--honey
[Jams, Spreads & Honey] count=580 pages=29
387/969 honey
[Honey] count=217 pages=11
388/969 jam
[Jam] count=118 pages=6
389/969 peanut-butter---nut-spread
[Peanut Butter & Nut Spread] count=129 pages=7
390/969 savoury-spread
[Savoury Spread] count=50 pages=3
391/969 maple-syrup
[Maple Syrup] count=16 pages=1
392/969 kaya
[Kaya] count=33 pages=2
393/969 chocolate-spread
[Chocolate Spread] count=18 pages=1
394/969 frozen
[Frozen] count=2251 pages=50
395/969 ice-cream-6
[Ice Cream] count=160 pages=8
396/969 ice-cream-packs
[Ice Cream Packs] count=75 pages=4
397/969 ice-cream-tubs
[Ice Cream Tubs] count=83 pages=5
398/969 frozen-yoghurt-1
[Frozen Yoghurt] count=2 pages=1
399/969 frozen-dessert
[Frozen Desserts] count=76 pages=4
400/969 frozen-cakes
[Frozen Cakes] count=29 pages=2
401/969 other-desserts
[Other Desserts] count=47 pages=3
402/969 frozen-food
[Frozen Food] count=930 pages=47
403/969 burger-patties
[Burger Patties] count=26 pages=2
404/969 chicken-delights
[Chicken Delights] count=124 pages=7
405/969 dim-sum
[Frozen Dim Sum] count=93 pages=5
406/969 dumplings-gyoza
[Dumplings & Gyoza] count=73 pages=4
407/969 frozen-soups
[Frozen Soups] count=22 pages=2
408/969 local-delights
[Local Delights] count=130 pages=7
409/969 nuggets
[Nuggets] count=30 pages=2
410/969 onion-rings
[Onion Rings] count=3 pages=1
411/969 otah-satay
[Otah & Satay] count=43 pages=3
412/969 pies-pizza
[Pies & Pizza] count=18 pages=1
413/969 ready-meals
[Ready Meals] count=302 pages=16
414/969 fries,-wedges--hash-browns
[Fries, Wedges & Hash Browns] count=68 pages=4
415/969 frozen-meat
[Frozen Meat] count=811 pages=41
416/969 franks-sausages
[Franks & Sausages] count=41 pages=3
417/969 frozen-beef-lamb
[Frozen Beef & Lamb] count=279 pages=14
418/969 frozen-chicken
[Frozen Chicken & Poultry] count=239 pages=12
419/969 frozen-pork
[Frozen Pork] count=207 pages=11
420/969 meatballs-others
[Meatballs & Others] count=45 pages=3
421/969 frozen-seafood
[Frozen Seafood] count=274 pages=14
422/969 frozen-breaded-seafood
[Frozen Breaded Seafood] count=59 pages=3
423/969 frozen-crabs-prawns
[Frozen Crabs & Prawns] count=113 pages=6
424/969 frozen-crab-sticks-fish-balls
[Frozen Crab Sticks & Fish Balls] count=129 pages=7
425/969 frozen-fish
[Frozen Fish] count=273 pages=14
426/969 frozen-shellfish-others
[Frozen Shellfish & Others] count=109 pages=6
427/969 fruits-vegetables
[Fruits & Vegetables] count=760 pages=38
428/969 fruits
[Fruits] count=225 pages=12
429/969 apples-pears
[Apples & Pears] count=47 pages=3
430/969 avocados-1
[Avocados] count=4 pages=1
431/969 berries-cherries
[Berries & Cherries] count=14 pages=1
432/969 citrus-fruits
[Citrus Fruits] count=27 pages=2
433/969 frozen-fruits
[Frozen Fruits] count=18 pages=1
434/969 kiwi-grapes
[Kiwi & Grapes] count=17 pages=1
435/969 stone-fruits
[Stone Fruits] count=15 pages=1
436/969 tropical-fruits
[Tropical Fruits] count=83 pages=5
437/969 vegetables
[Vegetables] count=535 pages=27
438/969 asparagus-sprouts
[Asparagus & Sprouts] count=16 pages=1
439/969 beans--peas
[Beans & Peas] count=14 pages=1
440/969 brinjals--gourds
[Brinjals & Gourds] count=14 pages=1
441/969 broccoli-cauliflowers
[Broccoli & Cauliflowers] count=16 pages=1
442/969 cabbages--lettuces
[Cabbages & Lettuces] count=32 pages=2
443/969 carrots-1
[Carrots] count=11 pages=1
444/969 celeries
[Celeries] count=4 pages=1
445/969 chillies-capsicums
[Chillies & Capsicums] count=19 pages=1
446/969 corns
[Corns] count=12 pages=1
447/969 cucumbers-lady-fingers
[Cucumbers & Lady Fingers] count=19 pages=1
448/969 frozen-vegetables
[Frozen Vegetables] count=85 pages=5
449/969 garlic-ginger-onions
[Garlic, Ginger & Onions] count=38 pages=2
450/969 leafy
[Leafy Vegetables] count=97 pages=5
451/969 mushrooms
[Mushrooms] count=47 pages=3
452/969 potatoes--roots
[Potatoes & Roots] count=46 pages=3
453/969 spices-herbs
[Spices & Herbs] count=31 pages=2
454/969 squashes
[Squashes] count=12 pages=1
455/969 tomatoes-1
[Tomatoes] count=24 pages=2
456/969 health--wellness
[Health & Wellness] count=3870 pages=50
457/969 vitamins--supplements
[Vitamins & Supplements] count=2403 pages=50
458/969 minerals
[Minerals] count=85 pages=5
459/969 weight-management
[Weight Management] count=109 pages=6
460/969 bone-care
[Bone Care] count=59 pages=3
461/969 eye-care-1
[Eye Care] count=66 pages=4
462/969 heart-care
[Heart Care] count=115 pages=6
463/969 immunity
[Immunity] count=214 pages=11
464/969 joint-care
[Joint Care] count=113 pages=6
465/969 men's-health
[Men's Health] count=46 pages=3
466/969 women's-health
[Women's Health] count=74 pages=4
467/969 skin--hair-supplements
[Skin & Hair Supplements] count=156 pages=8
468/969 vitality
[Vitality] count=163 pages=9
469/969 essence-of-chicken--fish
[Essence of Chicken & Fish] count=47 pages=3
470/969 bird's-nest-2
[Bird's Nest] count=111 pages=6
471/969 probiotics-2
[Probiotics] count=67 pages=4
472/969 sleep-aids
[Sleep Aids] count=40 pages=2
473/969 sports-nutrition
[Sports Nutrition] count=347 pages=18
474/969 superfoods
[Superfoods] count=51 pages=3
475/969 wellness-hampers
[Wellness Hampers] count=561 pages=29
476/969 vitamins-1
[Vitamins] count=56 pages=3
477/969 topical-medication
[Topical Medication] count=390 pages=20
478/969 antiseptics
[Antiseptics] count=33 pages=2
479/969 traditional-ointments
[Traditional Ointments] count=56 pages=3
480/969 fungal
[Fungal] count=12 pages=1
481/969 pain-relief
[Pain Relief] count=161 pages=9
482/969 eye,-ear--nasal-drops
[Eye, Ear & Nasal Drops] count=79 pages=4
483/969 insect-repellents
[Insect Repellents] count=49 pages=3
484/969 childrens-health--supplements
[Children's Health & Supplements] count=151 pages=8
485/969 infant-29
[Infant] count=8 pages=1
486/969 children's-pain-relief--fever
[Children's Pain Relief & Fever] count=12 pages=1
487/969 cough--cold-1
[Children's Cough & Cold] count=19 pages=1
488/969 vitamins--immunities
[Children's Vitamins & Immunities] count=81 pages=5
489/969 probiotics
[Children's Probiotics] count=8 pages=1
490/969 monitors--gadgets
[Monitors & Gadgets] count=11 pages=1
491/969 eye,-ear--nasal-drops-1
[Children's Eye, Ear & Nasal Drops] count=10 pages=1
492/969 mental-development-1
[Children's Mental Development] count=9 pages=1
493/969 oral-medication
[Oral Medication] count=159 pages=8
494/969 digestion--heartburn
[Digestion & Heartburn] count=58 pages=3
495/969 fever--pain-relief
[Fever & Pain Relief] count=31 pages=2
496/969 cough--cold
[Cough & Cold] count=63 pages=4
497/969 allergies
[Allergies] count=9 pages=1
498/969 sexual-health
[Sexual Health] count=56 pages=3
499/969 condoms
[Condoms] count=38 pages=2
500/969 lubricants
[Lubricants] count=10 pages=1
501/969 pregnancy--ovulation-kits
[Pregnancy & Ovulation Kits] count=8 pages=1
502/969 first-aid-1
[First Aids] count=235 pages=12
503/969 masks
[Masks] count=81 pages=5
504/969 first-aid-2
[First Aid] count=73 pages=4
505/969 plasters--bandages
[Plasters & Bandages] count=81 pages=5
506/969 health-monitors--aids
[Health Monitors & Aids] count=168 pages=9
507/969 diabetic-supplies
[Diabetic Supplies] count=27 pages=2
508/969 thermometers
[Thermometers] count=12 pages=1
509/969 blood-pressure-monitors
[Blood Pressure Monitors] count=8 pages=1
510/969 support--braces
[Support & Braces] count=114 pages=6
511/969 antigen-rapid-test
[Antigen Rapid Test (ART)] count=7 pages=1
512/969 eldercare
[Elder Care] count=313 pages=16
513/969 adult-diapers
[Adult Diapers] count=163 pages=9
514/969 feeding--mobility-aids
[Feeding & Mobility Aids] count=11 pages=1
515/969 light-bladder-leakage-pads
[Light Bladder Leakage Pads] count=39 pages=2
516/969 adult-milk-2
[Adult Milk] count=100 pages=5
517/969 housebrand-1
[Housebrand] count=721 pages=37
518/969 housebrand-baby-child-toys
[Baby, Child & Toys] count=25 pages=2
519/969 housebrand-diapers
[Diapers] count=14 pages=1
520/969 housebrand-milk-powder
[Milk Powder] count=5 pages=1
521/969 housebrand-dairy-chilled-eggs
[Dairy, Chilled & Eggs] count=27 pages=2
522/969 butter--margarine---spreads--1
[Butter, Margarine & Spreads] count=2 pages=1
523/969 housebrand-cheese
[Cheese] count=7 pages=1
524/969 housebrand-chilled-food
[Chilled Food] count=2 pages=1
525/969 housebrand-delicatessen
[Delicatessen] count=15 pages=1
526/969 fresh-milk-2
[Fresh Milk] count=1 pages=1
527/969 uht-milk-2
[UHT Milk] count=12 pages=1
528/969 housebrand-frozen
[Frozen] count=51 pages=3
529/969 housebrand-frozen-desserts
[Frozen Desserts] count=2 pages=1
530/969 housebrand-frozen-food
[Frozen Food] count=33 pages=2
531/969 housebrand-frozen-greens
[Frozen Greens] count=5 pages=1
532/969 frozen-meat--1
[Frozen Meat] count=1 pages=1
533/969 housebrand-frozen-seafood
[Frozen Seafood] count=3 pages=1
534/969 ice-cream-9
[Ice Cream] count=7 pages=1
535/969 housebrand-rice-noodles-cooking-ingredients
[Rice, Noodles & Cooking ingredients] count=134 pages=7
536/969 housebrand-baking-needs
[Baking Needs] count=10 pages=1
537/969 housebrand-condiments
[Condiments] count=15 pages=1
538/969 cooking-paste---sauces--1
[Cooking Paste & Sauces] count=11 pages=1
539/969 noodles-4
[Noodles] count=7 pages=1
540/969 housebrand-oil
[Oil] count=32 pages=2
541/969 pasta-3
[Pasta] count=6 pages=1
542/969 housebrand-rice
[Rice] count=28 pages=2
543/969 seasonings-hb
[Seasonings] count=13 pages=1
544/969 housebrand-sugar-sweeteners
[Sugar & Sweeteners] count=12 pages=1
545/969 housebrand-drinks
[Drinks] count=43 pages=3
546/969 housebrand-beverages
[Beverages] count=6 pages=1
547/969 housebrand-coffee
[Coffee] count=12 pages=1
548/969 housebrand-chilled-juices
[Juices] count=5 pages=1
549/969 housebrand-tea
[Tea] count=6 pages=1
550/969 housebrand-water
[Water] count=5 pages=1
551/969 housebrand-household
[Household] count=143 pages=8
552/969 housebrand-detergents
[Detergents] count=19 pages=1
553/969 housebrand-dishwashing
[Dishwashing] count=9 pages=1
554/969 housebrand-fresheners
[Fresheners] count=20 pages=1
555/969 housebrand-home-needs
[Home Needs] count=15 pages=1
556/969 housebrand-laundry-care
[Laundry Care] count=11 pages=1
557/969 housebrand-paper-tissue
[Paper & Tissue] count=48 pages=3
558/969 cleaning-products
[Cleaning Products] count=18 pages=1
559/969 health--wellness-1
[Health & Wellness] count=16 pages=1
560/969 elder-care
[Elder Care] count=16 pages=1
561/969 beauty--personal-care-1
[Beauty & Personal Care] count=72 pages=4
562/969 facial-care-1
[Facial Care] count=5 pages=1
563/969 feminine-care-1
[Feminine Care] count=12 pages=1
564/969 hair-care-4
[Hair Care] count=21 pages=2
565/969 hair-removal-3
[Hair Removal] count=4 pages=1
566/969 nail-care-1
[Nail Care] count=1 pages=1
567/969 oral-care-2
[Oral Care] count=11 pages=1
568/969 bakery-2
[Bakery] count=16 pages=1
569/969 breads-3
[Breads] count=16 pages=1
570/969 food-cupboard-7
[Food Cupboard] count=70 pages=4
571/969 housebrand-canned-food
[Canned Food] count=29 pages=2
572/969 housebrand-breakfast-cereals
[Breakfast] count=13 pages=1
573/969 jams,-spreads--honey-1
[Jams, Spreads & Honey] count=19 pages=1
574/969 ready-to-eat-4
[Ready-to-Eat] count=9 pages=1
575/969 snacks--confectionery-1
[Snacks & Confectionery] count=127 pages=7
576/969 housebrand-biscuits
[Biscuits] count=16 pages=1
577/969 housebrand-snacks
[Snacks] count=60 pages=3
578/969 dried-fruits--nuts-1
[Dried Fruits & Nuts] count=54 pages=3
579/969 household
[Household] count=15356 pages=50
580/969 laundry-care
[Laundry Care] count=305 pages=16
581/969 bleaches
[Bleaches] count=31 pages=2
582/969 fabric-conditioners
[Fabric Conditioners] count=80 pages=4
583/969 fabric-fresheners
[Fabric Fresheners] count=47 pages=3
584/969 laundry-aids
[Laundry Aids] count=52 pages=3
585/969 softeners
[Softeners] count=63 pages=4
586/969 stain-removers
[Stain Removers] count=32 pages=2
587/969 detergents
[Detergents] count=604 pages=31
588/969 liquid-detergents--1
[Liquid Detergents] count=329 pages=17
589/969 powder-detergents--1
[Powder Detergents] count=70 pages=4
590/969 laundry-capsules
[Laundry Capsules] count=205 pages=11
591/969 dishwashing
[Dishwashing] count=260 pages=13
592/969 dishwashing-liquid
[Dishwashing Liquids] count=209 pages=11
593/969 dishwashing-paste--tablets
[Dishwashing Paste & Tablets] count=39 pages=2
594/969 fruit--vegetable-wash
[Fruit & Vegetable Wash] count=12 pages=1
595/969 cleaning-products-1
[Cleaning Products] count=861 pages=44
596/969 air-conditioner-cleaners
[Air Conditioner Cleaners] count=11 pages=1
597/969 bathroom
[Bathroom Cleaners] count=198 pages=10
598/969 disinfectants
[Disinfectants] count=86 pages=5
599/969 drain--sink-declogger
[Drain & Sink Declogger] count=23 pages=2
600/969 floor
[Floor Cleaners] count=132 pages=7
601/969 glass-cleaners
[Glass Cleaners] count=36 pages=2
602/969 kitchen
[Kitchen Cleaners] count=130 pages=7
603/969 multi-purpose-cleaners
[Multi-Purpose Cleaners] count=171 pages=9
604/969 polish--wax
[Polish & Wax] count=43 pages=3
605/969 washing-machine-cleaners
[Washing Machine Cleaners] count=31 pages=2
606/969 cleaning-tools-1
[Cleaning Tools] count=1036 pages=50
607/969 brooms--dustpans
[Brooms & Dustpans] count=66 pages=4
608/969 cleaning-gloves
[Cleaning Gloves] count=95 pages=5
609/969 dustbins
[Dustbins] count=183 pages=10
610/969 dusters--lint-rollers
[Dusters & Lint Rollers] count=36 pages=2
611/969 mops--buckets
[Mops & Buckets] count=160 pages=8
612/969 sponges--scrubbers
[Sponges & Scrubbers] count=422 pages=22
613/969 squeegees--wipers
[Squeegees & Wipers] count=73 pages=4
614/969 fresheners
[Fresheners] count=719 pages=36
615/969 air-fresheners
[Air Fresheners] count=335 pages=17
616/969 car-fresheners
[Car Fresheners] count=24 pages=2
617/969 dehumidifiers
[Dehumidifiers] count=87 pages=5
618/969 deodorizers
[Deodorizers] count=107 pages=6
619/969 essential-oil
[Essential Oil] count=161 pages=9
620/969 scented-candles
[Scented Candles] count=6 pages=1
621/969 pest-control
[Pest Control] count=93 pages=5
622/969 baits--traps---devices
[Baits, Traps & Devices] count=38 pages=2
623/969 insecticides-insect-killers
[Insecticides & Insect Killers] count=56 pages=3
624/969 paper-tissue
[Paper & Tissue] count=471 pages=24
625/969 bathroom-tissues
[Bathroom Tissues] count=71 pages=4
626/969 dry-wet-wipes
[Dry & Wet Wipes] count=227 pages=12
627/969 facial-tissues
[Facial Tissues] count=132 pages=7
628/969 kitchen-towels
[Kitchen Towels] count=42 pages=3
629/969 kitchen-dining
[Kitchen & Dining] count=5079 pages=50
630/969 bakeware
[Bakeware] count=1013 pages=50
631/969 baking-paper-foil-wrap
[Baking Paper, Foil, Wrap] count=279 pages=14
632/969 cookware
[Cookware] count=474 pages=24
633/969 food-containers
[Food Containers] count=823 pages=42
634/969 garbage-bags---bin-liners
[Garbage Bags & Bin Liners] count=164 pages=9
635/969 kitchen-tools
[Kitchen Tools] count=2141 pages=50
636/969 storage-bags
[Storage Bags] count=185 pages=10
637/969 tableware-1
[Tableware] count=898 pages=45
638/969 bowls--plates
[Bowls & Plates] count=466 pages=24
639/969 coasters--placemats
[Coasters & Placemats] count=67 pages=4
640/969 cutlery-1
[Cutlery] count=258 pages=13
641/969 serveware
[Serveware] count=107 pages=6
642/969 drinkware
[Drinkware] count=820 pages=41
643/969 cups--mugs
[Cups & Mugs] count=289 pages=15
644/969 jugs--pitchers
[Jugs & Pitchers] count=163 pages=9
645/969 tumblers--water-bottles
[Tumblers & Water Bottles] count=368 pages=19
646/969 home-needs
[Home Needs] count=3105 pages=50
647/969 bathroom-accessories
[Bathroom Accessories] count=461 pages=24
648/969 carriers-trolleys
[Carriers & Trolleys] count=105 pages=6
649/969 furniture
[Furniture] count=316 pages=16
650/969 home-travel-storage
[Home & Travel Storage] count=645 pages=33
651/969 home-improvement---diy
[Home Improvement & DIY] count=618 pages=31
652/969 hooks-organizers
[Hooks & Organizers] count=252 pages=13
653/969 laundry-accessories
[Laundry Accessories] count=453 pages=23
654/969 towel---tablecloth
[Towel & Tablecloth] count=261 pages=14
655/969 bedding-needs
[Bedding Needs] count=973 pages=49
656/969 bedsheets
[Bedsheets] count=288 pages=15
657/969 bolsters--pillows
[Bolsters & Pillows] count=209 pages=11
658/969 pillows--mattress-protectors
[Pillow & Mattress Protectors] count=305 pages=16
659/969 pillow-cases
[Pillow Cases] count=75 pages=4
660/969 quilts
[Quilts] count=96 pages=5
661/969 prayer-essentials
[Prayer Essentials] count=140 pages=7
662/969 joss-paper-and-sticks
[Joss Paper & Sticks] count=139 pages=7
663/969 specialty-oils
[Specialty Oils] count=1 pages=1
664/969 meat-seafood
[Meat & Seafood] count=1237 pages=50
665/969 chicken
[Chicken] count=209 pages=11
666/969 fresh-chicken
[Fresh Chicken & Poultry] count=209 pages=11
667/969 pork
[Pork] count=191 pages=10
668/969 fresh-pork
[Fresh Pork] count=191 pages=10
669/969 beef-lamb-1
[Beef & Lamb] count=231 pages=12
670/969 fresh-meat---lamb-
[Fresh Beef & Lamb] count=231 pages=12
671/969 fish---seafood
[Fish & Seafood] count=591 pages=30
672/969 chilled-fish-balls-fish-cakes
[Chilled Fish Balls & Fish Cakes] count=24 pages=2
673/969 fresh-fish---seafood
[Fresh Fish & Seafood] count=142 pages=8
674/969 meatballs
[Meatballs] count=12 pages=1
675/969 beef-meatball
[Beef Meatball] count=6 pages=1
676/969 chicken-meatball
[Chicken Meatball] count=4 pages=1
677/969 pet-supplies
[Pet Supplies] count=2551 pages=50
678/969 for-dogs
[For Dogs] count=1213 pages=50
679/969 dog-dry-food
[Dog Dry Food] count=170 pages=9
680/969 dog-wet-food
[Dog Wet Food] count=132 pages=7
681/969 dog-treats
[Dog Treats] count=375 pages=19
682/969 dog-grooming
[Dog Grooming] count=143 pages=8
683/969 dog-healthcare
[Dog Healthcare] count=65 pages=4
684/969 dog-supplements
[Dog Supplements] count=31 pages=2
685/969 dog-toys
[Dog Toys] count=65 pages=4
686/969 dog-cleaning--maintenance
[Dog Cleaning & Maintenance] count=102 pages=6
687/969 dog-accessories
[Dog Accessories] count=130 pages=7
688/969 for-cats
[For Cats] count=1107 pages=50
689/969 cat-dry-food
[Cat Dry Food] count=155 pages=8
690/969 cat-wet-food
[Cat Wet Food] count=407 pages=21
691/969 cat-treats
[Cat Treats] count=147 pages=8
692/969 cat-grooming
[Cat Grooming] count=15 pages=1
693/969 cat-healthcare
[Cat Healthcare] count=7 pages=1
694/969 cat-supplements
[Cat Supplements] count=22 pages=2
695/969 cat-toys
[Cat Toys] count=105 pages=6
696/969 cat-litters
[Cat Litters] count=172 pages=9
697/969 cat-cleaning--maintenance
[Cat Cleaning & Maintenance] count=40 pages=2
698/969 cat-accessories
[Cat Accessories] count=38 pages=2
699/969 for-small-pets-1
[For Small Pets] count=179 pages=9
700/969 for-reptiles-2
[For Reptiles] count=1 pages=1
701/969 for-hamsters,-chinchillas,-guinea-pigs--gerbils
[For Hamsters, Chinchillas, Guinea Pigs & Gerbils] count=148 pages=8
702/969 for-birds-1
[For Birds] count=25 pages=2
703/969 for-rabbits
[For Rabbits] count=7 pages=1
704/969 for-aquatic-animals-1
[For Aquatic Animals] count=78 pages=4
705/969 aquatic-animal-food-1
[Aquatic Animal Food] count=20 pages=1
706/969 aquatic-animal-healthcare
[Aquatic Animal Healthcare] count=1 pages=1
707/969 aquatic-animal-cleaning--maintenance
[Aquatic Animal Cleaning & Maintenance] count=56 pages=3
708/969 filtration--circulation
[Filtration & Circulation] count=1 pages=1
709/969 rice-noodles-cooking-ingredients
[Rice, Noodles & Cooking Ingredients] count=7217 pages=50
710/969 baking-needs
[Baking Needs] count=1577 pages=50
711/969 baking-chocolate--cocoa
[Baking Chocolate & Cocoa] count=125 pages=7
712/969 baking-powder--soda
[Baking Powder & Soda] count=42 pages=3
713/969 breadcrumbs
[Breadcrumbs & Tempura Flour] count=62 pages=4
714/969 cake--cookie-mix
[Cake & Cookie Mix] count=63 pages=4
715/969 coconut-products
[Coconut Products] count=47 pages=3
716/969 dried-fruits,-nuts--sprinkles
[Dried Fruits, Nuts & Sprinkles] count=138 pages=7
717/969 essence--flavours
[Essence & Flavours] count=263 pages=14
718/969 flour
[Flour] count=306 pages=16
719/969 food-colouring--icing
[Food Colouring & Icing] count=373 pages=19
720/969 gelatin,-gum--yeast
[Gelatin, Gum & Yeast] count=70 pages=4
721/969 jelly-powder-mix
[Jelly Powder & Mix] count=88 pages=5
722/969 rice
[Rice] count=376 pages=19
723/969 black--brown---red-rice
[Black, Brown & Red Rice] count=81 pages=5
724/969 glutinous-rice
[Glutinous Rice] count=13 pages=1
725/969 japanese-rice
[Japanese Rice] count=32 pages=2
726/969 multi-grains---quinoa
[Multi Grains & Quinoa] count=66 pages=4
727/969 white-rice
[White Rice] count=185 pages=10
728/969 noodles--1
[Noodles] count=375 pages=19
729/969 cooking-noodles
[Cooking Noodles] count=218 pages=11
730/969 fresh-chilled
[Fresh & Chilled Noodles] count=55 pages=3
731/969 vermicelli
[Vermicelli] count=102 pages=6
732/969 pasta--1
[Pasta] count=318 pages=16
733/969 farfalle---shapes
[Farfalle & Shapes] count=32 pages=2
734/969 fusilli---spirals
[Fusilli & Spirals] count=54 pages=3
735/969 lasagna-sheets
[Lasagna Sheets] count=8 pages=1
736/969 macaroni---shells
[Macaroni & Shells] count=40 pages=2
737/969 spaghetti---linguine
[Spaghetti & Linguine] count=119 pages=6
738/969 penne
[Penne] count=37 pages=2
739/969 instant-pasta-1
[Instant Pasta] count=28 pages=2
740/969 sugar-sweeteners
[Sugar & Sweeteners] count=315 pages=16
741/969 creamer
[Creamers] count=14 pages=1
742/969 granulated-sugar
[Granulated Sugar] count=39 pages=2
743/969 icing---caster-sugar
[Icing & Caster Sugar] count=19 pages=1
744/969 raw---brown-sugar
[Raw & Brown Sugar] count=63 pages=4
745/969 sugar-cubes--sticks---crystals
[Sugar Cubes, Sticks & Crystals] count=25 pages=2
746/969 sweeteners
[Sweeteners] count=156 pages=8
747/969 oil
[Oil] count=423 pages=22
748/969 canola-oil
[Canola Oil] count=20 pages=1
749/969 coconut-oil
[Coconut Oil] count=26 pages=2
750/969 cooking-oil
[Cooking Oil] count=35 pages=2
751/969 corn-soya-bean-oil
[Corn & Soya Bean Oil] count=13 pages=1
752/969 grapeseed-oil
[Grapeseed Oil] count=5 pages=1
753/969 olive-oil
[Olive Oil] count=140 pages=7
754/969 sesame-oil
[Sesame Oil] count=56 pages=3
755/969 specialty-oil
[Specialty Oil] count=89 pages=5
756/969 sunflower-oil
[Sunflower Oil] count=29 pages=2
757/969 vegetable-oil
[Vegetable Oil] count=17 pages=1
758/969 cooking-paste---sauces
[Cooking Paste & Sauces] count=853 pages=43
759/969 chili-paste---sambal
[Chili Paste & Sambal] count=83 pages=5
760/969 cooking-paste
[Cooking Paste] count=518 pages=26
761/969 pasta-sauces
[Pasta Sauces] count=135 pages=7
762/969 pesto
[Pesto] count=36 pages=2
763/969 tomato-paste---puree
[Tomato Paste & Puree] count=35 pages=2
764/969 soybean-paste
[Soybean Paste] count=47 pages=3
765/969 condiments
[Condiments] count=987 pages=50
766/969 bbq---teriyaki-sauce
[BBQ & Teriyaki Sauce] count=53 pages=3
767/969 chili-sauce
[Chili Sauce] count=88 pages=5
768/969 chutney---relish
[Chutney & Relish] count=85 pages=5
769/969 cooking-wine-vinegar
[Cooking Wine] count=78 pages=4
770/969 dark-soy-sauce
[Dark Soy Sauce] count=69 pages=4
771/969 fish-sauce
[Fish Sauce] count=23 pages=2
772/969 light-soy-sauce
[Light Soy Sauce] count=155 pages=8
773/969 mayonnaise
[Mayonnaise] count=42 pages=3
774/969 mustard
[Mustard] count=10 pages=1
775/969 oyster---abalone-sauce
[Oyster & Abalone Sauce] count=60 pages=3
776/969 salad-dressing
[Salad Dressing] count=96 pages=5
777/969 tomato-sauce
[Tomato Sauce] count=34 pages=2
778/969 vinegar
[Vinegar] count=194 pages=10
779/969 seasonings
[Seasonings] count=1081 pages=50
780/969 herbs
[Herbs] count=133 pages=7
781/969 salt
[Salt] count=102 pages=6
782/969 seasoning
[Seasoning] count=437 pages=22
783/969 spices
[Spices] count=409 pages=21
784/969 soups
[Soups] count=192 pages=10
785/969 broths-stocks
[Broths & Stocks] count=95 pages=5
786/969 canned-tetra
[Canned & Tetra Soups] count=20 pages=1
787/969 instant-bases
[Instant Bases] count=77 pages=4
788/969 dried-food
[Dried Food] count=722 pages=37
789/969 beans-seeds-nuts
[Beans, Seeds & Nuts] count=325 pages=17
790/969 chinese-herbs-others
[Chinese Herbs & Others] count=281 pages=15
791/969 dried-mushroom
[Dried Mushroom] count=71 pages=4
792/969 dried-seafood
[Dried Seafood] count=45 pages=3
793/969 snacks--confectionery
[Snacks & Confectionery] count=4221 pages=50
794/969 sweets-1
[Sweets] count=491 pages=25
795/969 mochi
[Mochi] count=27 pages=2
796/969 marshmallow---nougat
[Marshmallow & Nougat] count=24 pages=2
797/969 lollipops---hard-candy
[Lollipops & Hard Candy] count=72 pages=4
798/969 soft---chewy-candy
[Soft & Chewy Candy] count=79 pages=4
799/969 mints-lozenges
[Mints & Lozenges] count=115 pages=6
800/969 gummies-pastilles
[Gummies & Pastilles] count=140 pages=7
801/969 assorted-candies
[Assorted Candies] count=38 pages=2
802/969 chocolates-1
[Chocolates] count=426 pages=22
803/969 chocolate-pouches
[Chocolate Pouches] count=79 pages=4
804/969 assorted-chocolates
[Assorted Chocolates] count=15 pages=1
805/969 multi-pack-chocolates
[Multi Pack Chocolates] count=55 pages=3
806/969 chocolate-boxes---gifts
[Chocolate Boxes & Gifts] count=92 pages=5
807/969 chocolate-bars---blocks
[Chocolate Bars & Blocks] count=194 pages=10
808/969 biscuits
[Biscuits] count=1077 pages=50
809/969 other-cookies
[Other Cookies] count=146 pages=8
810/969 chocolate-cookies
[Chocolate Cookies] count=107 pages=6
811/969 butter-cookies
[Butter Cookies] count=57 pages=3
812/969 oat-biscuits
[Oat Biscuits] count=28 pages=2
813/969 digestive-marie
[Digestive & Marie] count=43 pages=3
814/969 assorted-packs
[Assorted Biscuits] count=76 pages=4
815/969 biscuit-sticks
[Pretzels & Biscuit Sticks] count=86 pages=5
816/969 creamed-filled
[Creamed & Filled] count=182 pages=10
817/969 wafers-others
[Wafers] count=153 pages=8
818/969 crackers
[Crackers] count=206 pages=11
819/969 snacks
[Snacks] count=1405 pages=50
820/969 fish--prawn-snacks
[Fish & Prawn Snacks] count=187 pages=10
821/969 indian-snacks
[Indian Snacks] count=97 pages=5
822/969 fruit--vegetable-chips
[Fruit & Vegetable Chips] count=122 pages=7
823/969 potato-chips
[Potato Chips & Crisps] count=266 pages=14
824/969 savoury-snacks
[Savoury Snacks] count=86 pages=5
825/969 dips
[Dips] count=45 pages=3
826/969 rice-crackers
[Rice Crackers] count=87 pages=5
827/969 corn-chips-tortillas
[Corn Chips & Tortillas] count=104 pages=6
828/969 seaweed-floss
[Seaweed & Floss] count=100 pages=5
829/969 jellies-puddings
[Jellies & Puddings] count=99 pages=5
830/969 other-snacks
[Other Snacks] count=172 pages=9
831/969 popcorns
[Popcorns] count=41 pages=3
832/969 dried-fruits--nuts
[Dried Fruits & Nuts] count=825 pages=42
833/969 almonds
[Almonds] count=77 pages=4
834/969 cashews
[Cashews] count=74 pages=4
835/969 chestnuts
[Chestnuts] count=9 pages=1
836/969 dried--preserved-fruits
[Dried & Preserved Fruits] count=308 pages=16
837/969 macadamia
[Macadamia] count=18 pages=1
838/969 mixed-nuts
[Mixed Nuts] count=148 pages=8
839/969 peanuts--groundnuts
[Peanuts & Groundnuts] count=78 pages=4
840/969 pecans
[Pecans] count=12 pages=1
841/969 pistachios
[Pistachios] count=41 pages=3
842/969 sunflower,-melon--pumpkin-seeds
[Sunflower, Melon & Pumpkin Seeds] count=41 pages=3
843/969 walnuts
[Walnuts] count=19 pages=1
844/969 electrical--lifestyle
[Lifestyle] count=7191 pages=50
845/969 party-supplies
[Party Supplies] count=1021 pages=50
846/969 balloons
[Balloons] count=113 pages=6
847/969 cake-toppers
[Cake Toppers] count=54 pages=3
848/969 candles
[Candles] count=41 pages=3
849/969 gift-bags--wrappers
[Gift Bags & Wrappers] count=52 pages=3
850/969 party-costumes
[Party Costumes] count=82 pages=5
851/969 party-decorations
[Party Decorations] count=647 pages=33
852/969 party-favours
[Party Favours] count=7 pages=1
853/969 pinatas
[Pinatas] count=24 pages=2
854/969 greeting-cards
[Greeting Cards] count=2 pages=1
855/969 partyware
[Partyware] count=500 pages=25
856/969 disposable-bowls--plates
[Disposable Bowls & Plates] count=217 pages=11
857/969 disposable-cutlery
[Disposable Cutlery] count=91 pages=5
858/969 food-trays-1
[Food Trays] count=33 pages=2
859/969 napkins
[Napkins] count=31 pages=2
860/969 paper--plastic-cups
[Paper & Plastic Cups] count=92 pages=5
861/969 straws--stirrers
[Straws & Stirrers] count=36 pages=2
862/969 automotive
[Automotive] count=70 pages=4
863/969 bicycle-accessories
[Bicycle Accessories] count=27 pages=2
864/969 car-accessories
[Car Accessories] count=43 pages=3
865/969 outdoor
[Outdoor] count=348 pages=18
866/969 bbq-accessories
[BBQ Accessories] count=68 pages=4
867/969 cooler-box
[Cooler Box] count=75 pages=4
868/969 umbrella
[Umbrella] count=10 pages=1
869/969 sports---fitness-
[Sports & Fitness] count=195 pages=10
870/969 fashion--accessories
[Fashion & Accessories] count=448 pages=23
871/969 bags--wallets
[Bags & Wallets] count=359 pages=18
872/969 men's-fashion
[Men's Fashion] count=63 pages=4
873/969 women's-fashion
[Women's Fashion] count=26 pages=2
874/969 games--toys
[Games & Toys] count=784 pages=40
875/969 building-sets
[Building Sets] count=495 pages=25
876/969 action-figures
[Action Figures] count=25 pages=2
877/969 board--card-games
[Board & Card Games] count=264 pages=14
878/969 batteries
[Batteries] count=139 pages=7
879/969 alkaline-lithium-batteries
[Alkaline & Lithium Batteries] count=116 pages=6
880/969 rechargeable-batteries
[Rechargeable Batteries] count=23 pages=2
881/969 stationery-5
[Stationery] count=1753 pages=50
882/969 correction-tapes--erasers
[Correction Tapes & Erasers] count=33 pages=2
883/969 note-books--pads
[Note Books & Pads] count=84 pages=5
884/969 scissors--cutters
[Scissors & Cutters] count=65 pages=4
885/969 arts---crafts
[Arts & Crafts] count=417 pages=21
886/969 files
[Files] count=140 pages=7
887/969 writing-materials
[Writing Materials] count=364 pages=19
888/969 tapes---adhesives
[Tapes & Adhesives] count=229 pages=12
889/969 office---school-essentials
[Office & School Essentials] count=421 pages=22
890/969 gardening-3
[Gardening] count=1523 pages=50
891/969 fertilisers
[Fertilisers] count=52 pages=3
892/969 pesticides-1
[Pesticides] count=22 pages=2
893/969 pots--planters
[Pots & Planters] count=52 pages=3
894/969 potting-soil
[Potting Soil] count=23 pages=2
895/969 watering-systems--garden-hoses
[Watering Systems & Garden Hoses] count=58 pages=3
896/969 gardening-seeds
[Gardening Seeds] count=174 pages=9
897/969 gardening-tools-1
[Gardening Tools] count=85 pages=5
898/969 fresh-flowers-and-plants-1
[Fresh Flowers & Plants] count=1057 pages=50
899/969 travel-essentials-1
[Travel Essentials] count=342 pages=18
900/969 luggage-1
[Luggage] count=342 pages=18
901/969 collectibles
[Collectibles] count=263 pages=14
902/969 coin-mints
[Coin Mints] count=263 pages=14
903/969 electronics-5
[Electronics] count=5882 pages=50
904/969 home-appliances-3
[Home Appliances] count=1097 pages=50
905/969 lighting-bulbs-and-lamps
[Lighting, Bulbs & Lamps] count=122 pages=7
906/969 security-cameras
[Security Cameras] count=42 pages=3
907/969 air-dehumidifiers-and-purifiers
[Air Dehumidifiers & Purifiers] count=70 pages=4
908/969 vacuum-cleaners-1
[Vacuum Cleaners] count=266 pages=14
909/969 water-heaters
[Water Heaters] count=38 pages=2
910/969 massagers-1
[Massagers] count=140 pages=7
911/969 irons-and-garment-steamers
[Irons & Garment Steamers] count=39 pages=2
912/969 fans-1
[Fans] count=354 pages=18
913/969 air-cooler-and-air-conditioner
[Air Cooler & Portable Aircon] count=19 pages=1
914/969 doorbells
[Doorbells] count=7 pages=1
915/969 smart-wearables-and-audio-technology
[Smart Wearables & Audio Technology] count=792 pages=40
916/969 portable-fans
[Portable Fans] count=87 pages=5
917/969 smart-ring-1
[Smart Ring] count=12 pages=1
918/969 smart-watches
[Smart Watches] count=141 pages=8
919/969 earbuds
[Earbuds] count=235 pages=12
920/969 headphones-and-headsets
[Headphones & Headsets] count=317 pages=16
921/969 cameras-and-drones
[Cameras & Drones] count=242 pages=13
922/969 camera-accessories
[Camera Accessories] count=118 pages=6
923/969 drones
[Drones] count=11 pages=1
924/969 cameras-1
[Cameras] count=113 pages=6
925/969 computer-and-home-office
[Computer & Home Office] count=1108 pages=50
926/969 memory-and-sd-card-1
[Memory & SD Card] count=60 pages=3
927/969 printers-and-ink-1
[Printers & Ink] count=42 pages=3
928/969 microphones
[Microphones] count=31 pages=2
929/969 mouse-pads-and-mats
[Mouse Pads & Mats] count=38 pages=2
930/969 mouse
[Mouse] count=173 pages=9
931/969 keyboard
[Keyboard] count=176 pages=9
932/969 webcam
[Webcams] count=32 pages=2
933/969 extension-and-adaptors
[Extension & Adaptors] count=161 pages=9
934/969 computer-docks-hubs-and-accessories
[Computer Docks, Hubs & Accessories] count=160 pages=8
935/969 gaming-chair
[Gaming Chair] count=26 pages=2
936/969 wi-fi-and-networking
[Wi-Fi & Networking] count=76 pages=4
937/969 monitors-2
[Monitors] count=63 pages=4
938/969 laptops
[Laptops] count=26 pages=2
939/969 music-instruments
[Music Instruments] count=44 pages=3
940/969 television-and-gaming-entertainment
[Television & Gaming Entertainment] count=772 pages=39
941/969 video-consoles-1
[Video Consoles] count=244 pages=13
942/969 television-4
[Television] count=43 pages=3
943/969 speakers-and-sound-bars
[Speakers & Sound Bars] count=217 pages=11
944/969 video-games-3
[Video Games] count=261 pages=14
945/969 projectors
[Projectors] count=7 pages=1
946/969 cooking-appliances
[Cooking Appliances] count=933 pages=47
947/969 ovens-and-microwaves
[Ovens & Microwaves] count=90 pages=5
948/969 multi-cookers-2
[Multi Cookers] count=159 pages=8
949/969 hand-and-stand-mixers
[Hand & Stand Mixers] count=33 pages=2
950/969 rice-cookers-1
[Rice Cookers] count=132 pages=7
951/969 food-steamers
[Food Steamers] count=21 pages=2
952/969 kettles-and-air-pots
[Kettles & Air Pots] count=147 pages=8
953/969 toasters-1
[Toasters] count=51 pages=3
954/969 stove-and-induction-hobs
[Stove & Induction Hobs] count=86 pages=5
955/969 blender-and-juicers
[Blender & Juicers] count=153 pages=8
956/969 air-fryers-1
[Air Fryers] count=61 pages=4
957/969 kitchen-appliances-1
[Kitchen Appliances] count=306 pages=16
958/969 refrigerators-and-freezers
[Refrigerators & Freezers] count=50 pages=3
959/969 washing-machines-and-dishwashers-1
[Washing Machines & Dishwashers] count=21 pages=2
960/969 water-dispensers-and-purifiers
[Water Dispensers & Purifiers] count=75 pages=4
961/969 coffee-machines-1
[Coffee Machines] count=131 pages=7
962/969 wine-chillers
[Wine Chillers] count=29 pages=2
963/969 mobile-phones-tablets-and-accessories
[Mobile Phones, Tablets & Accessories] count=632 pages=32
964/969 tablets
[Tablets] count=41 pages=3
965/969 mobile-phones-5
[Mobile Phones] count=166 pages=9
966/969 powerbank-and-chargers
[Powerbank & Chargers] count=131 pages=7
967/969 phone-cases-and-accessories
[Phone Cases & Accessories] count=155 pages=8
968/969 cables-1
[Cables] count=137 pages=7
969/969 e-books-and-digital-dictionaries
[E-Books & Digital Dictionaries] count=2 pages=1
{
  "elapsed_seconds": 5824.1,
  "total_scraped": 71758,
  "total_ingested": 0,
  "total_updated": 0,
  "total_failed": 0,
  "unique_products": 71758,
  "output_file": "data/fairprice_scrape/products_20260515_170545.jsonl"
}
