[2026-06-19T04:15:01Z] [BUY-53336] ingestion-healthcheck overall=unhealthy ok=1 warn=1 crit=1 exit=2 report=/paperclip/instances/default/workspaces/476c8023-3635-45bb-9f71-db6f4f5700e1/buywhere-api/data/reports/ingestion-healthcheck-20260619T041501Z.json
[2026-06-19T04:30:01Z] [BUY-53336] ingestion-healthcheck overall=unhealthy ok=1 warn=1 crit=1 exit=2 report=/paperclip/instances/default/workspaces/476c8023-3635-45bb-9f71-db6f4f5700e1/buywhere-api/data/reports/ingestion-healthcheck-20260619T043002Z.json
[2026-06-19T04:45:01Z] [BUY-53336] ingestion-healthcheck overall=unhealthy ok=1 warn=1 crit=1 exit=2 report=/paperclip/instances/default/workspaces/476c8023-3635-45bb-9f71-db6f4f5700e1/buywhere-api/data/reports/ingestion-healthcheck-20260619T044502Z.json
[2026-06-19T05:00:01Z] [BUY-53336] ingestion-healthcheck overall=unhealthy ok=1 warn=1 crit=1 exit=2 report=/paperclip/instances/default/workspaces/476c8023-3635-45bb-9f71-db6f4f5700e1/buywhere-api/data/reports/ingestion-healthcheck-20260619T050002Z.json
[2026-06-19T05:15:01Z] [BUY-53336] ingestion-healthcheck overall=unhealthy ok=1 warn=1 crit=1 exit=2 report=/paperclip/instances/default/workspaces/476c8023-3635-45bb-9f71-db6f4f5700e1/buywhere-api/data/reports/ingestion-healthcheck-20260619T051502Z.json
[2026-06-19T05:30:01Z] [BUY-53336] ingestion-healthcheck overall=unhealthy ok=1 warn=1 crit=1 exit=2 report=/paperclip/instances/default/workspaces/476c8023-3635-45bb-9f71-db6f4f5700e1/buywhere-api/data/reports/ingestion-healthcheck-20260619T053001Z.json
[2026-06-19T05:45:01Z] [BUY-53336] ingestion-healthcheck overall=unhealthy ok=1 warn=1 crit=1 exit=2 report=/paperclip/instances/default/workspaces/476c8023-3635-45bb-9f71-db6f4f5700e1/buywhere-api/data/reports/ingestion-healthcheck-20260619T054502Z.json
[2026-06-19T06:00:01Z] [BUY-53336] ingestion-healthcheck overall=unhealthy ok=1 warn=1 crit=1 exit=2 report=/paperclip/instances/default/workspaces/476c8023-3635-45bb-9f71-db6f4f5700e1/buywhere-api/data/reports/ingestion-healthcheck-20260619T060002Z.json
[2026-06-19T06:15:01Z] [BUY-53336] ingestion-healthcheck overall=unhealthy ok=1 warn=1 crit=1 exit=2 report=/paperclip/instances/default/workspaces/476c8023-3635-45bb-9f71-db6f4f5700e1/buywhere-api/data/reports/ingestion-healthcheck-20260619T061502Z.json
[2026-06-19T06:30:01Z] [BUY-53336] ingestion-healthcheck overall=unhealthy ok=1 warn=1 crit=1 exit=2 report=/paperclip/instances/default/workspaces/476c8023-3635-45bb-9f71-db6f4f5700e1/buywhere-api/data/reports/ingestion-healthcheck-20260619T063001Z.json
[2026-06-19T06:45:01Z] [BUY-53336] ingestion-healthcheck overall=unhealthy ok=1 warn=1 crit=1 exit=2 report=/paperclip/instances/default/workspaces/476c8023-3635-45bb-9f71-db6f4f5700e1/buywhere-api/data/reports/ingestion-healthcheck-20260619T064501Z.json
[2026-06-19T07:00:01Z] [BUY-53336] ingestion-healthcheck overall=unhealthy ok=1 warn=1 crit=1 exit=2 report=/paperclip/instances/default/workspaces/476c8023-3635-45bb-9f71-db6f4f5700e1/buywhere-api/data/reports/ingestion-healthcheck-20260619T070002Z.json
[2026-06-19T07:15:01Z] [BUY-53336] ingestion-healthcheck overall=unhealthy ok=1 warn=1 crit=1 exit=2 report=/paperclip/instances/default/workspaces/476c8023-3635-45bb-9f71-db6f4f5700e1/buywhere-api/data/reports/ingestion-healthcheck-20260619T071501Z.json
[2026-06-19T07:30:01Z] [BUY-53336] ingestion-healthcheck overall=unhealthy ok=1 warn=1 crit=1 exit=2 report=/paperclip/instances/default/workspaces/476c8023-3635-45bb-9f71-db6f4f5700e1/buywhere-api/data/reports/ingestion-healthcheck-20260619T073002Z.json
[2026-06-19T07:45:01Z] [BUY-53336] ingestion-healthcheck overall=unhealthy ok=1 warn=1 crit=1 exit=2 report=/paperclip/instances/default/workspaces/476c8023-3635-45bb-9f71-db6f4f5700e1/buywhere-api/data/reports/ingestion-healthcheck-20260619T074502Z.json
[2026-06-19T08:00:01Z] [BUY-53336] ingestion-healthcheck overall=unhealthy ok=1 warn=1 crit=1 exit=2 report=/paperclip/instances/default/workspaces/476c8023-3635-45bb-9f71-db6f4f5700e1/buywhere-api/data/reports/ingestion-healthcheck-20260619T080002Z.json
[2026-06-19T08:15:01Z] [BUY-53336] ingestion-healthcheck overall=unhealthy ok=1 warn=1 crit=1 exit=2 report=/paperclip/instances/default/workspaces/476c8023-3635-45bb-9f71-db6f4f5700e1/buywhere-api/data/reports/ingestion-healthcheck-20260619T081502Z.json
[2026-06-19T08:30:01Z] [BUY-53336] ingestion-healthcheck overall=unhealthy ok=1 warn=1 crit=1 exit=2 report=/paperclip/instances/default/workspaces/476c8023-3635-45bb-9f71-db6f4f5700e1/buywhere-api/data/reports/ingestion-healthcheck-20260619T083001Z.json
[2026-06-19T08:45:01Z] [BUY-53336] ingestion-healthcheck overall=unhealthy ok=1 warn=1 crit=1 exit=2 report=/paperclip/instances/default/workspaces/476c8023-3635-45bb-9f71-db6f4f5700e1/buywhere-api/data/reports/ingestion-healthcheck-20260619T084502Z.json
[2026-06-19T09:00:01Z] [BUY-53336] ingestion-healthcheck overall=unhealthy ok=1 warn=1 crit=1 exit=2 report=/paperclip/instances/default/workspaces/476c8023-3635-45bb-9f71-db6f4f5700e1/buywhere-api/data/reports/ingestion-healthcheck-20260619T090001Z.json
[2026-06-19T09:15:01Z] [BUY-53336] ingestion-healthcheck overall=unhealthy ok=1 warn=1 crit=1 exit=2 report=/paperclip/instances/default/workspaces/476c8023-3635-45bb-9f71-db6f4f5700e1/buywhere-api/data/reports/ingestion-healthcheck-20260619T091502Z.json
[2026-06-19T09:30:01Z] [BUY-53336] ingestion-healthcheck overall=unhealthy ok=1 warn=1 crit=1 exit=2 report=/paperclip/instances/default/workspaces/476c8023-3635-45bb-9f71-db6f4f5700e1/buywhere-api/data/reports/ingestion-healthcheck-20260619T093002Z.json
[2026-06-19T09:45:01Z] [BUY-53336] ingestion-healthcheck overall=unhealthy ok=1 warn=1 crit=1 exit=2 report=/paperclip/instances/default/workspaces/476c8023-3635-45bb-9f71-db6f4f5700e1/buywhere-api/data/reports/ingestion-healthcheck-20260619T094501Z.json
[2026-06-19T10:00:01Z] [BUY-53336] ingestion-healthcheck overall=unhealthy ok=1 warn=1 crit=1 exit=2 report=/paperclip/instances/default/workspaces/476c8023-3635-45bb-9f71-db6f4f5700e1/buywhere-api/data/reports/ingestion-healthcheck-20260619T100001Z.json
[2026-06-19T10:15:01Z] [BUY-53336] ingestion-healthcheck overall=unhealthy ok=1 warn=1 crit=1 exit=2 report=/paperclip/instances/default/workspaces/476c8023-3635-45bb-9f71-db6f4f5700e1/buywhere-api/data/reports/ingestion-healthcheck-20260619T101501Z.json
[2026-06-19T10:30:01Z] [BUY-53336] ingestion-healthcheck overall=unhealthy ok=1 warn=1 crit=1 exit=2 report=/paperclip/instances/default/workspaces/476c8023-3635-45bb-9f71-db6f4f5700e1/buywhere-api/data/reports/ingestion-healthcheck-20260619T103001Z.json
[2026-06-19T10:45:01Z] [BUY-53336] ingestion-healthcheck overall=unhealthy ok=1 warn=1 crit=1 exit=2 report=/paperclip/instances/default/workspaces/476c8023-3635-45bb-9f71-db6f4f5700e1/buywhere-api/data/reports/ingestion-healthcheck-20260619T104501Z.json
[2026-06-19T11:00:01Z] [BUY-53336] ingestion-healthcheck overall=unhealthy ok=1 warn=1 crit=1 exit=2 report=/paperclip/instances/default/workspaces/476c8023-3635-45bb-9f71-db6f4f5700e1/buywhere-api/data/reports/ingestion-healthcheck-20260619T110001Z.json
[2026-06-19T11:15:01Z] [BUY-53336] ingestion-healthcheck overall=unhealthy ok=1 warn=1 crit=1 exit=2 report=/paperclip/instances/default/workspaces/476c8023-3635-45bb-9f71-db6f4f5700e1/buywhere-api/data/reports/ingestion-healthcheck-20260619T111501Z.json
[2026-06-19T11:30:01Z] [BUY-53336] ingestion-healthcheck overall=unhealthy ok=1 warn=1 crit=1 exit=2 report=/paperclip/instances/default/workspaces/476c8023-3635-45bb-9f71-db6f4f5700e1/buywhere-api/data/reports/ingestion-healthcheck-20260619T113001Z.json
[2026-06-19T11:45:01Z] [BUY-53336] ingestion-healthcheck overall=unhealthy ok=1 warn=1 crit=1 exit=2 report=/paperclip/instances/default/workspaces/476c8023-3635-45bb-9f71-db6f4f5700e1/buywhere-api/data/reports/ingestion-healthcheck-20260619T114501Z.json
[2026-06-19T12:00:02Z] [BUY-53336] ingestion-healthcheck overall=unhealthy ok=1 warn=1 crit=1 exit=2 report=/paperclip/instances/default/workspaces/476c8023-3635-45bb-9f71-db6f4f5700e1/buywhere-api/data/reports/ingestion-healthcheck-20260619T120002Z.json
[2026-06-19T12:15:01Z] [BUY-53336] ingestion-healthcheck overall=unhealthy ok=1 warn=1 crit=1 exit=2 report=/paperclip/instances/default/workspaces/476c8023-3635-45bb-9f71-db6f4f5700e1/buywhere-api/data/reports/ingestion-healthcheck-20260619T121501Z.json
[2026-06-19T12:30:01Z] [BUY-53336] ingestion-healthcheck overall=unhealthy ok=1 warn=1 crit=1 exit=2 report=/paperclip/instances/default/workspaces/476c8023-3635-45bb-9f71-db6f4f5700e1/buywhere-api/data/reports/ingestion-healthcheck-20260619T123002Z.json
[2026-06-19T12:45:01Z] [BUY-53336] ingestion-healthcheck overall=unhealthy ok=1 warn=1 crit=1 exit=2 report=/paperclip/instances/default/workspaces/476c8023-3635-45bb-9f71-db6f4f5700e1/buywhere-api/data/reports/ingestion-healthcheck-20260619T124501Z.json
[2026-06-19T13:00:01Z] [BUY-53336] ingestion-healthcheck overall=unhealthy ok=1 warn=1 crit=1 exit=2 report=/paperclip/instances/default/workspaces/476c8023-3635-45bb-9f71-db6f4f5700e1/buywhere-api/data/reports/ingestion-healthcheck-20260619T130002Z.json
[2026-06-19T13:15:01Z] [BUY-53336] ingestion-healthcheck overall=unhealthy ok=1 warn=1 crit=1 exit=2 report=/paperclip/instances/default/workspaces/476c8023-3635-45bb-9f71-db6f4f5700e1/buywhere-api/data/reports/ingestion-healthcheck-20260619T131502Z.json
[2026-06-19T13:30:01Z] [BUY-53336] ingestion-healthcheck overall=unhealthy ok=1 warn=1 crit=1 exit=2 report=/paperclip/instances/default/workspaces/476c8023-3635-45bb-9f71-db6f4f5700e1/buywhere-api/data/reports/ingestion-healthcheck-20260619T133001Z.json
[2026-06-19T13:45:02Z] [BUY-53336] ingestion-healthcheck overall=unhealthy ok=1 warn=1 crit=1 exit=2 report=/paperclip/instances/default/workspaces/476c8023-3635-45bb-9f71-db6f4f5700e1/buywhere-api/data/reports/ingestion-healthcheck-20260619T134502Z.json
[2026-06-19T14:00:01Z] [BUY-53336] ingestion-healthcheck overall=unhealthy ok=1 warn=1 crit=1 exit=2 report=/paperclip/instances/default/workspaces/476c8023-3635-45bb-9f71-db6f4f5700e1/buywhere-api/data/reports/ingestion-healthcheck-20260619T140001Z.json
[2026-06-19T14:15:01Z] [BUY-53336] ingestion-healthcheck overall=unhealthy ok=1 warn=1 crit=1 exit=2 report=/paperclip/instances/default/workspaces/476c8023-3635-45bb-9f71-db6f4f5700e1/buywhere-api/data/reports/ingestion-healthcheck-20260619T141502Z.json
[2026-06-19T14:30:01Z] [BUY-53336] ingestion-healthcheck overall=unhealthy ok=1 warn=1 crit=1 exit=2 report=/paperclip/instances/default/workspaces/476c8023-3635-45bb-9f71-db6f4f5700e1/buywhere-api/data/reports/ingestion-healthcheck-20260619T143002Z.json
[2026-06-19T14:45:01Z] [BUY-53336] ingestion-healthcheck overall=unhealthy ok=1 warn=1 crit=1 exit=2 report=/paperclip/instances/default/workspaces/476c8023-3635-45bb-9f71-db6f4f5700e1/buywhere-api/data/reports/ingestion-healthcheck-20260619T144501Z.json
[2026-06-19T15:00:01Z] [BUY-53336] ingestion-healthcheck overall=unhealthy ok=1 warn=1 crit=1 exit=2 report=/paperclip/instances/default/workspaces/476c8023-3635-45bb-9f71-db6f4f5700e1/buywhere-api/data/reports/ingestion-healthcheck-20260619T150001Z.json
[2026-06-19T15:15:01Z] [BUY-53336] ingestion-healthcheck overall=unhealthy ok=1 warn=1 crit=1 exit=2 report=/paperclip/instances/default/workspaces/476c8023-3635-45bb-9f71-db6f4f5700e1/buywhere-api/data/reports/ingestion-healthcheck-20260619T151502Z.json
[2026-06-19T15:30:01Z] [BUY-53336] ingestion-healthcheck overall=unhealthy ok=1 warn=1 crit=1 exit=2 report=/paperclip/instances/default/workspaces/476c8023-3635-45bb-9f71-db6f4f5700e1/buywhere-api/data/reports/ingestion-healthcheck-20260619T153001Z.json
[2026-06-19T15:45:01Z] [BUY-53336] ingestion-healthcheck overall=unhealthy ok=1 warn=1 crit=1 exit=2 report=/paperclip/instances/default/workspaces/476c8023-3635-45bb-9f71-db6f4f5700e1/buywhere-api/data/reports/ingestion-healthcheck-20260619T154501Z.json
[2026-06-19T16:00:01Z] [BUY-53336] ingestion-healthcheck overall=unhealthy ok=1 warn=1 crit=1 exit=2 report=/paperclip/instances/default/workspaces/476c8023-3635-45bb-9f71-db6f4f5700e1/buywhere-api/data/reports/ingestion-healthcheck-20260619T160001Z.json
[2026-06-19T16:15:01Z] [BUY-53336] ingestion-healthcheck overall=unhealthy ok=1 warn=1 crit=1 exit=2 report=/paperclip/instances/default/workspaces/476c8023-3635-45bb-9f71-db6f4f5700e1/buywhere-api/data/reports/ingestion-healthcheck-20260619T161501Z.json
Surf Chromium environment fixed:
  LD_LIBRARY_PATH: /home/paperclip/playwright-deps/lib:/home/paperclip/local/usr/lib/x86_64-linux-gnu:/home/paperclip/local-libs/usr/lib/x86_64-linux-gnu
  PLAYWRIGHT_BROWSERS_PATH: /home/paperclip/.cache/ms-playwright
  CHROME_BIN: /home/paperclip/.cache/ms-playwright/chromium-1223/chrome-linux64/chrome
[2026-06-19T16:30:01Z] [BUY-53336] ingestion-healthcheck overall=degraded ok=2 warn=2 crit=0 exit=1 report=/paperclip/instances/default/workspaces/476c8023-3635-45bb-9f71-db6f4f5700e1/buywhere-api/data/reports/ingestion-healthcheck-20260619T163004Z.json
Surf Chromium environment fixed:
  LD_LIBRARY_PATH: /home/paperclip/playwright-deps/lib:/home/paperclip/local/usr/lib/x86_64-linux-gnu:/home/paperclip/local-libs/usr/lib/x86_64-linux-gnu
  PLAYWRIGHT_BROWSERS_PATH: /home/paperclip/.cache/ms-playwright
  CHROME_BIN: /home/paperclip/.cache/ms-playwright/chromium-1223/chrome-linux64/chrome
[2026-06-19T16:45:01Z] [BUY-53336] ingestion-healthcheck overall=degraded ok=2 warn=2 crit=0 exit=1 report=/paperclip/instances/default/workspaces/476c8023-3635-45bb-9f71-db6f4f5700e1/buywhere-api/data/reports/ingestion-healthcheck-20260619T164504Z.json
Surf Chromium environment fixed:
  LD_LIBRARY_PATH: /home/paperclip/playwright-deps/lib:/home/paperclip/local/usr/lib/x86_64-linux-gnu:/home/paperclip/local-libs/usr/lib/x86_64-linux-gnu
  PLAYWRIGHT_BROWSERS_PATH: /home/paperclip/.cache/ms-playwright
  CHROME_BIN: /home/paperclip/.cache/ms-playwright/chromium-1223/chrome-linux64/chrome
[2026-06-19T17:00:01Z] [BUY-53336] ingestion-healthcheck overall=degraded ok=2 warn=2 crit=0 exit=1 report=/paperclip/instances/default/workspaces/476c8023-3635-45bb-9f71-db6f4f5700e1/buywhere-api/data/reports/ingestion-healthcheck-20260619T170004Z.json
Surf Chromium environment fixed:
  LD_LIBRARY_PATH: /home/paperclip/playwright-deps/lib:/home/paperclip/local/usr/lib/x86_64-linux-gnu:/home/paperclip/local-libs/usr/lib/x86_64-linux-gnu
  PLAYWRIGHT_BROWSERS_PATH: /home/paperclip/.cache/ms-playwright
  CHROME_BIN: /home/paperclip/.cache/ms-playwright/chromium-1223/chrome-linux64/chrome
[2026-06-19T17:15:01Z] [BUY-53336] ingestion-healthcheck overall=degraded ok=2 warn=2 crit=0 exit=1 report=/paperclip/instances/default/workspaces/476c8023-3635-45bb-9f71-db6f4f5700e1/buywhere-api/data/reports/ingestion-healthcheck-20260619T171504Z.json
Surf Chromium environment fixed:
  LD_LIBRARY_PATH: /home/paperclip/playwright-deps/lib:/home/paperclip/local/usr/lib/x86_64-linux-gnu:/home/paperclip/local-libs/usr/lib/x86_64-linux-gnu
  PLAYWRIGHT_BROWSERS_PATH: /home/paperclip/.cache/ms-playwright
  CHROME_BIN: /home/paperclip/.cache/ms-playwright/chromium-1223/chrome-linux64/chrome
[2026-06-19T17:30:01Z] [BUY-53336] ingestion-healthcheck overall=degraded ok=3 warn=1 crit=0 exit=1 report=/paperclip/instances/default/workspaces/476c8023-3635-45bb-9f71-db6f4f5700e1/buywhere-api/data/reports/ingestion-healthcheck-20260619T173004Z.json
Surf Chromium environment fixed:
  LD_LIBRARY_PATH: /home/paperclip/playwright-deps/lib:/home/paperclip/local/usr/lib/x86_64-linux-gnu:/home/paperclip/local-libs/usr/lib/x86_64-linux-gnu
  PLAYWRIGHT_BROWSERS_PATH: /home/paperclip/.cache/ms-playwright
  CHROME_BIN: /home/paperclip/.cache/ms-playwright/chromium-1223/chrome-linux64/chrome
[2026-06-19T17:45:01Z] [BUY-53336] ingestion-healthcheck overall=degraded ok=3 warn=1 crit=0 exit=1 report=/paperclip/instances/default/workspaces/476c8023-3635-45bb-9f71-db6f4f5700e1/buywhere-api/data/reports/ingestion-healthcheck-20260619T174504Z.json
Surf Chromium environment fixed:
  LD_LIBRARY_PATH: /home/paperclip/playwright-deps/lib:/home/paperclip/local/usr/lib/x86_64-linux-gnu:/home/paperclip/local-libs/usr/lib/x86_64-linux-gnu
  PLAYWRIGHT_BROWSERS_PATH: /home/paperclip/.cache/ms-playwright
  CHROME_BIN: /home/paperclip/.cache/ms-playwright/chromium-1223/chrome-linux64/chrome
Surf Chromium environment fixed:
  LD_LIBRARY_PATH: /home/paperclip/playwright-deps/lib:/home/paperclip/local/usr/lib/x86_64-linux-gnu:/home/paperclip/local-libs/usr/lib/x86_64-linux-gnu
  PLAYWRIGHT_BROWSERS_PATH: /home/paperclip/.cache/ms-playwright
  CHROME_BIN: /home/paperclip/.cache/ms-playwright/chromium-1223/chrome-linux64/chrome
[2026-06-19T18:00:01Z] [BUY-53336] ingestion-healthcheck overall=degraded ok=2 warn=2 crit=0 exit=1 report=/paperclip/instances/default/workspaces/476c8023-3635-45bb-9f71-db6f4f5700e1/buywhere-api/data/reports/ingestion-healthcheck-20260619T180004Z.json
[2026-06-19T18:00:01Z] [BUY-53336] ingestion-healthcheck overall=degraded ok=2 warn=2 crit=0 exit=1 report=/paperclip/instances/default/workspaces/476c8023-3635-45bb-9f71-db6f4f5700e1/buywhere-api/data/reports/ingestion-healthcheck-20260619T180004Z.json
Surf Chromium environment fixed:
  LD_LIBRARY_PATH: /home/paperclip/playwright-deps/lib:/home/paperclip/local/usr/lib/x86_64-linux-gnu:/home/paperclip/local-libs/usr/lib/x86_64-linux-gnu
  PLAYWRIGHT_BROWSERS_PATH: /home/paperclip/.cache/ms-playwright
  CHROME_BIN: /home/paperclip/.cache/ms-playwright/chromium-1223/chrome-linux64/chrome
Surf Chromium environment fixed:
  LD_LIBRARY_PATH: /home/paperclip/playwright-deps/lib:/home/paperclip/local/usr/lib/x86_64-linux-gnu:/home/paperclip/local-libs/usr/lib/x86_64-linux-gnu
  PLAYWRIGHT_BROWSERS_PATH: /home/paperclip/.cache/ms-playwright
  CHROME_BIN: /home/paperclip/.cache/ms-playwright/chromium-1223/chrome-linux64/chrome
[2026-06-19T18:15:01Z] [BUY-53336] ingestion-healthcheck overall=degraded ok=3 warn=1 crit=0 exit=1 report=/paperclip/instances/default/workspaces/476c8023-3635-45bb-9f71-db6f4f5700e1/buywhere-api/data/reports/ingestion-healthcheck-20260619T181504Z.json
[2026-06-19T18:15:01Z] [BUY-53336] ingestion-healthcheck overall=degraded ok=3 warn=1 crit=0 exit=1 report=/paperclip/instances/default/workspaces/476c8023-3635-45bb-9f71-db6f4f5700e1/buywhere-api/data/reports/ingestion-healthcheck-20260619T181504Z.json
Surf Chromium environment fixed:
  LD_LIBRARY_PATH: /home/paperclip/playwright-deps/lib:/home/paperclip/local/usr/lib/x86_64-linux-gnu:/home/paperclip/local-libs/usr/lib/x86_64-linux-gnu
  PLAYWRIGHT_BROWSERS_PATH: /home/paperclip/.cache/ms-playwright
  CHROME_BIN: /home/paperclip/.cache/ms-playwright/chromium-1223/chrome-linux64/chrome
Surf Chromium environment fixed:
  LD_LIBRARY_PATH: /home/paperclip/playwright-deps/lib:/home/paperclip/local/usr/lib/x86_64-linux-gnu:/home/paperclip/local-libs/usr/lib/x86_64-linux-gnu
  PLAYWRIGHT_BROWSERS_PATH: /home/paperclip/.cache/ms-playwright
  CHROME_BIN: /home/paperclip/.cache/ms-playwright/chromium-1223/chrome-linux64/chrome
[2026-06-19T18:30:01Z] [BUY-53336] ingestion-healthcheck overall=degraded ok=3 warn=1 crit=0 exit=1 report=/paperclip/instances/default/workspaces/476c8023-3635-45bb-9f71-db6f4f5700e1/buywhere-api/data/reports/ingestion-healthcheck-20260619T183004Z.json
[2026-06-19T18:30:01Z] [BUY-53336] ingestion-healthcheck overall=degraded ok=3 warn=1 crit=0 exit=1 report=/paperclip/instances/default/workspaces/476c8023-3635-45bb-9f71-db6f4f5700e1/buywhere-api/data/reports/ingestion-healthcheck-20260619T183004Z.json
Surf Chromium environment fixed:
  LD_LIBRARY_PATH: /home/paperclip/playwright-deps/lib:/home/paperclip/local/usr/lib/x86_64-linux-gnu:/home/paperclip/local-libs/usr/lib/x86_64-linux-gnu
  PLAYWRIGHT_BROWSERS_PATH: /home/paperclip/.cache/ms-playwright
  CHROME_BIN: /home/paperclip/.cache/ms-playwright/chromium-1223/chrome-linux64/chrome
Surf Chromium environment fixed:
  LD_LIBRARY_PATH: /home/paperclip/playwright-deps/lib:/home/paperclip/local/usr/lib/x86_64-linux-gnu:/home/paperclip/local-libs/usr/lib/x86_64-linux-gnu
  PLAYWRIGHT_BROWSERS_PATH: /home/paperclip/.cache/ms-playwright
  CHROME_BIN: /home/paperclip/.cache/ms-playwright/chromium-1223/chrome-linux64/chrome
[2026-06-19T18:45:01Z] [BUY-53336] ingestion-healthcheck overall=degraded ok=3 warn=1 crit=0 exit=1 report=/paperclip/instances/default/workspaces/476c8023-3635-45bb-9f71-db6f4f5700e1/buywhere-api/data/reports/ingestion-healthcheck-20260619T184505Z.json
[2026-06-19T18:45:01Z] [BUY-53336] ingestion-healthcheck overall=degraded ok=3 warn=1 crit=0 exit=1 report=/paperclip/instances/default/workspaces/476c8023-3635-45bb-9f71-db6f4f5700e1/buywhere-api/data/reports/ingestion-healthcheck-20260619T184505Z.json
