[2026-06-19T10:21:40Z] BUY-48198 watchdog start before_pct=84 free_gb=31.6
[2026-06-19T10:21:40Z] starting workspace=/paperclip/instances/default/workspaces/476c8023-3635-45bb-9f71-db6f4f5700e1/buywhere-api apply=1 keep_hours=48 alert_pct=90
[2026-06-19T10:21:40Z] starting workspace=/paperclip/instances/default/workspaces/3ec8f6dd-1735-4479-9825-a2c42edac34c apply=1 keep_hours=48 alert_pct=90
[2026-06-19T10:21:40Z] BUY-48198 wc cleanup complete rc=0 workspace=all after_pct=84 free_gb=31.6 report=/paperclip/instances/default/workspaces/logs/buy53095_wc_cycle_cleanup_report.json
[2026-06-19T10:21:40Z] starting apply=1 root=/paperclip/instances/default/workspaces log_retention_days=2 run_retention_days=3 heartbeat_retention_min=360 disk_artifact_retention_days=2 alert_pct=90
[2026-06-19T10:21:40Z] skip-undeletable kind=pycache-dir kb=4 path=/paperclip/instances/default/workspaces/7fb55262-e658-45e2-88c0-b0e8ccc5ad6c/scripts/__pycache__
[2026-06-19T10:21:40Z] skip-undeletable kind=pycache-file kb=24 path=/paperclip/instances/default/workspaces/7fb55262-e658-45e2-88c0-b0e8ccc5ad6c/scripts/__pycache__/ingested_marker.cpython-312.pyc
[2026-06-19T10:21:40Z] skip-undeletable kind=pycache-file kb=37 path=/paperclip/instances/default/workspaces/7fb55262-e658-45e2-88c0-b0e8ccc5ad6c/scripts/__pycache__/ingest_buy30620_lanes.cpython-312.pyc
[2026-06-19T10:21:46Z] skip-undeletable kind=pycache-dir kb=4 path=/paperclip/instances/default/workspaces/3ec8f6dd-1735-4479-9825-a2c42edac34c/scripts/__pycache__
[2026-06-19T10:21:46Z] skip-undeletable kind=pycache-file kb=26 path=/paperclip/instances/default/workspaces/3ec8f6dd-1735-4479-9825-a2c42edac34c/scripts/__pycache__/ingest_buy30620_lanes.cpython-312.pyc
[2026-06-19T10:21:48Z] deleted kind=pycache-dir kb=4 path=/paperclip/instances/default/workspaces/69c8da36-58c5-418c-8e0d-329089c80ff1/wt-os1176-resend-wire-on-orch/backend/app/routers/__pycache__
[2026-06-19T10:21:48Z] deleted kind=pycache-file kb=1 path=/paperclip/instances/default/workspaces/69c8da36-58c5-418c-8e0d-329089c80ff1/wt-os1176-resend-wire-on-orch/backend/app/__pycache__/__init__.cpython-312.pyc
[2026-06-19T10:21:48Z] deleted kind=pycache-file kb=2 path=/paperclip/instances/default/workspaces/69c8da36-58c5-418c-8e0d-329089c80ff1/wt-os1176-resend-wire-on-orch/backend/app/__pycache__/database.cpython-312.pyc
[2026-06-19T10:21:48Z] deleted kind=pycache-file kb=5 path=/paperclip/instances/default/workspaces/69c8da36-58c5-418c-8e0d-329089c80ff1/wt-os1176-resend-wire-on-orch/backend/app/__pycache__/email.cpython-312.pyc
[2026-06-19T10:21:48Z] deleted kind=pycache-file kb=9 path=/paperclip/instances/default/workspaces/69c8da36-58c5-418c-8e0d-329089c80ff1/wt-os1176-resend-wire-on-orch/backend/app/__pycache__/resend_client.cpython-312.pyc
[2026-06-19T10:21:48Z] deleted kind=pycache-file kb=18 path=/paperclip/instances/default/workspaces/69c8da36-58c5-418c-8e0d-329089c80ff1/wt-os1176-resend-wire-on-orch/backend/app/__pycache__/archetype_engine.cpython-312.pyc
[2026-06-19T10:21:48Z] deleted kind=pycache-file kb=2 path=/paperclip/instances/default/workspaces/69c8da36-58c5-418c-8e0d-329089c80ff1/wt-os1176-resend-wire-on-orch/backend/app/__pycache__/logging_config.cpython-312.pyc
[2026-06-19T10:21:48Z] deleted kind=pycache-file kb=7 path=/paperclip/instances/default/workspaces/69c8da36-58c5-418c-8e0d-329089c80ff1/wt-os1176-resend-wire-on-orch/backend/app/__pycache__/config.cpython-312.pyc
[2026-06-19T10:21:48Z] deleted kind=pycache-file kb=4 path=/paperclip/instances/default/workspaces/69c8da36-58c5-418c-8e0d-329089c80ff1/wt-os1176-resend-wire-on-orch/backend/app/__pycache__/dependencies.cpython-312.pyc
[2026-06-19T10:21:48Z] deleted kind=pycache-file kb=4 path=/paperclip/instances/default/workspaces/69c8da36-58c5-418c-8e0d-329089c80ff1/wt-os1176-resend-wire-on-orch/backend/app/__pycache__/models.cpython-312.pyc
[2026-06-19T10:21:48Z] deleted kind=pycache-file kb=3 path=/paperclip/instances/default/workspaces/69c8da36-58c5-418c-8e0d-329089c80ff1/wt-os1176-resend-wire-on-orch/backend/app/__pycache__/security.cpython-312.pyc
[2026-06-19T10:21:48Z] deleted kind=pycache-file kb=18 path=/paperclip/instances/default/workspaces/69c8da36-58c5-418c-8e0d-329089c80ff1/wt-os1176-resend-wire-on-orch/backend/tests/__pycache__/test_resend_client.cpython-312-pytest-9.0.3.pyc
[2026-06-19T10:21:54Z] summary apply=1 scanned=25 removed=12 skipped_undeletable=5 failed=0 reclaimed_kb=77 report=/paperclip/instances/default/workspaces/logs/buy53114_worker_wc_cycle_cleanup_report.json
[2026-06-19T10:21:54Z] BUY-53114 worker cleanup complete rc=0 after_pct=84 free_gb=31.6 report=/paperclip/instances/default/workspaces/logs/buy53114_worker_wc_cycle_cleanup_report.json
{
  "generated_at": "2026-06-19T10:21:54.940Z",
  "status": "PASS",
  "blocked_reason": null,
  "filesystem": "/dev/vda1",
  "mount_path": "/",
  "free_bytes": 33905979392,
  "total_bytes": 206900281344,
  "warn_bytes": 21474836480,
  "critical_bytes": 5368709120,
  "consecutive_critical": 0,
  "consecutive_required": 1,
  "cooldown_ms": 14400000,
  "last_incident_id": null,
  "last_incident_identifier": null,
  "last_incident_at": null,
  "incident": null,
  "snapshot_dir": "data/buy-53513-disk-monitor-2026-06-19T102139Z",
  "source_identifier": "BUY-48198",
  "execution_identifier": "BUY-53513",
  "alert_issue_identifier": "BUY-30808",
  "notes": [
    "free=31.6 GB (33905979392 B) warn<20.0 GB critical<5.0 GB"
  ]
}
[2026-06-19T10:21:54Z] BUY-48198 watchdog complete rc=0
