[2026-06-19T14:54:24Z] BUY-48198 watchdog start
[2026-06-19T14:54:24Z] BUY-48198 wc cleanup completed rc=0
[2026-06-19T14:54:24Z] starting apply=1 root=/paperclip/instances/default/workspaces log_retention_days=2 run_retention_days=3 heartbeat_retention_min=360 disk_artifact_retention_days=2 trash_archive_minutes=360 trash_archive_min_kb=262144 trash_archive_dirname=_trash_archives alert_pct=90
[2026-06-19T14:54:24Z] skip-undeletable kind=pycache-dir kb=4 path=/paperclip/instances/default/workspaces/7fb55262-e658-45e2-88c0-b0e8ccc5ad6c/scripts/__pycache__
[2026-06-19T14:54:24Z] skip-undeletable kind=pycache-file kb=24 path=/paperclip/instances/default/workspaces/7fb55262-e658-45e2-88c0-b0e8ccc5ad6c/scripts/__pycache__/ingested_marker.cpython-312.pyc
[2026-06-19T14:54:25Z] skip-undeletable kind=pycache-file kb=37 path=/paperclip/instances/default/workspaces/7fb55262-e658-45e2-88c0-b0e8ccc5ad6c/scripts/__pycache__/ingest_buy30620_lanes.cpython-312.pyc
[2026-06-19T14:54:27Z] deleted kind=stale-pid kb=1 path=/paperclip/instances/default/workspaces/476c8023-3635-45bb-9f71-db6f4f5700e1/buywhere-api/data/.buy31015-deep-page.pid
[2026-06-19T14:54:30Z] skip-undeletable kind=pycache-dir kb=4 path=/paperclip/instances/default/workspaces/3ec8f6dd-1735-4479-9825-a2c42edac34c/scripts/__pycache__
[2026-06-19T14:54:31Z] skip-undeletable kind=pycache-file kb=26 path=/paperclip/instances/default/workspaces/3ec8f6dd-1735-4479-9825-a2c42edac34c/scripts/__pycache__/ingest_buy30620_lanes.cpython-312.pyc
[2026-06-19T14:54:38Z] summary apply=1 scanned=13 removed=1 skipped_undeletable=5 failed=0 reclaimed_kb=1 report=/paperclip/instances/default/workspaces/logs/buy53114_worker_wc_cycle_cleanup_report.json
[2026-06-19T14:54:38Z] BUY-48198 worker artifact cleanup completed rc=0
{
  "generated_at": "2026-06-19T14:54:38.656Z",
  "status": "PASS",
  "filesystem": "/dev/vda1",
  "mount_path": "/",
  "free_gb": 30.7,
  "size_bytes": 206900281344,
  "available_bytes": 33015472128,
  "warn_gb": 20,
  "critical_gb": 5,
  "incident_created": false,
  "notes": [
    "Filesystem /dev/vda1 mounted at /",
    "30.7 GB free (85% used)",
    "Disk space healthy"
  ]
}
[2026-06-19T14:54:38Z] BUY-48198 watchdog complete rc=0
