[2026-06-19T10:27:33Z] BUY-48198 watchdog start before_pct=84 free_gb=31.5
[2026-06-19T10:27:34Z] starting workspace=/paperclip/instances/default/workspaces/476c8023-3635-45bb-9f71-db6f4f5700e1/buywhere-api apply=1 keep_hours=48 alert_pct=90
[2026-06-19T10:27:34Z] starting workspace=/paperclip/instances/default/workspaces/3ec8f6dd-1735-4479-9825-a2c42edac34c apply=1 keep_hours=48 alert_pct=90
[2026-06-19T10:27:34Z] BUY-48198 wc cleanup complete rc=0 workspace=all after_pct=84 free_gb=31.5 report=/paperclip/instances/default/workspaces/logs/buy53095_wc_cycle_cleanup_report.json
[2026-06-19T10:27:34Z] starting apply=1 root=/paperclip/instances/default/workspaces log_retention_days=2 run_retention_days=3 heartbeat_retention_min=360 disk_artifact_retention_days=2 alert_pct=90
[2026-06-19T10:27:34Z] skip-undeletable kind=pycache-dir kb=4 path=/paperclip/instances/default/workspaces/7fb55262-e658-45e2-88c0-b0e8ccc5ad6c/scripts/__pycache__
[2026-06-19T10:27:34Z] skip-undeletable kind=pycache-file kb=24 path=/paperclip/instances/default/workspaces/7fb55262-e658-45e2-88c0-b0e8ccc5ad6c/scripts/__pycache__/ingested_marker.cpython-312.pyc
[2026-06-19T10:27:34Z] skip-undeletable kind=pycache-file kb=37 path=/paperclip/instances/default/workspaces/7fb55262-e658-45e2-88c0-b0e8ccc5ad6c/scripts/__pycache__/ingest_buy30620_lanes.cpython-312.pyc
[2026-06-19T10:27:37Z] deleted kind=stale-pid kb=1 path=/paperclip/instances/default/workspaces/476c8023-3635-45bb-9f71-db6f4f5700e1/buywhere-api/data/.buy31015-deep-page.pid
[2026-06-19T10:27:39Z] skip-undeletable kind=pycache-dir kb=4 path=/paperclip/instances/default/workspaces/3ec8f6dd-1735-4479-9825-a2c42edac34c/scripts/__pycache__
[2026-06-19T10:27:39Z] skip-undeletable kind=pycache-file kb=26 path=/paperclip/instances/default/workspaces/3ec8f6dd-1735-4479-9825-a2c42edac34c/scripts/__pycache__/ingest_buy30620_lanes.cpython-312.pyc
[2026-06-19T10:27:48Z] summary apply=1 scanned=14 removed=1 skipped_undeletable=5 failed=0 reclaimed_kb=1 report=/paperclip/instances/default/workspaces/logs/buy53114_worker_wc_cycle_cleanup_report.json
[2026-06-19T10:27:48Z] BUY-53114 worker cleanup complete rc=0 after_pct=84 free_gb=31.5 report=/paperclip/instances/default/workspaces/logs/buy53114_worker_wc_cycle_cleanup_report.json
{
  "generated_at": "2026-06-19T10:27:48.576Z",
  "status": "PASS",
  "blocked_reason": null,
  "filesystem": "/dev/vda1",
  "mount_path": "/",
  "free_bytes": 33820200960,
  "total_bytes": 206900281344,
  "warn_bytes": 21474836480,
  "critical_bytes": 5368709120,
  "consecutive_critical": 0,
  "consecutive_required": 1,
  "cooldown_ms": 14400000,
  "last_incident_id": null,
  "last_incident_identifier": null,
  "last_incident_at": null,
  "incident": null,
  "snapshot_dir": "/paperclip/instances/default/workspaces/476c8023-3635-45bb-9f71-db6f4f5700e1/buywhere-api/data/buy-53515-disk-monitor-2026-06-19T102733Z",
  "source_identifier": "BUY-48198",
  "execution_identifier": "BUY-53515",
  "alert_issue_identifier": "BUY-30808",
  "notes": [
    "free=31.5 GB (33820200960 B) warn<20.0 GB critical<5.0 GB"
  ]
}
[2026-06-19T10:27:48Z] BUY-48198 watchdog complete rc=0
