[2026-08-28T04:22:09.868Z] Connecting to catalog DB...
[2026-08-28T04:22:12.134Z] No stale sessions detected.
[2026-08-28T04:25:01.360Z] Connecting to catalog DB...
[2026-08-28T04:25:02.198Z] No stale sessions detected.
[2026-08-28T04:30:03.382Z] Connecting to catalog DB...
[2026-08-28T04:30:03.969Z] No stale sessions detected.
[2026-08-28T04:35:02.365Z] Connecting to catalog DB...
[2026-08-28T04:35:02.568Z] No stale sessions detected.
[2026-08-28T04:40:01.578Z] Connecting to catalog DB...
[2026-08-28T04:40:01.669Z] No stale sessions detected.
[2026-08-28T04:45:02.631Z] Connecting to catalog DB...
[2026-08-28T04:45:02.784Z] No stale sessions detected.
[2026-08-28T04:50:01.554Z] Connecting to catalog DB...
[2026-08-28T04:50:01.765Z] No stale sessions detected.
[2026-08-28T04:55:02.027Z] Connecting to catalog DB...
[2026-08-28T04:55:02.162Z] No stale sessions detected.
[2026-08-28T05:00:02.108Z] Connecting to catalog DB...
[2026-08-28T05:00:02.850Z] No stale sessions detected.
[2026-08-28T05:05:01.631Z] Connecting to catalog DB...
[2026-08-28T05:05:01.787Z] No stale sessions detected.
[2026-08-28T05:10:01.640Z] Connecting to catalog DB...
[2026-08-28T05:10:01.781Z] No stale sessions detected.
[2026-08-28T05:15:02.253Z] Connecting to catalog DB...
[2026-08-28T05:15:02.487Z] No stale sessions detected.
[2026-08-28T05:20:01.551Z] Connecting to catalog DB...
[2026-08-28T05:20:01.631Z] No stale sessions detected.
[2026-08-28T05:25:02.276Z] Connecting to catalog DB...
[2026-08-28T05:25:02.449Z] No stale sessions detected.
[2026-08-28T05:30:02.749Z] Connecting to catalog DB...
[2026-08-28T05:30:04.523Z] No stale sessions detected.
[2026-08-28T05:35:01.903Z] Connecting to catalog DB...
[2026-08-28T05:35:01.987Z] No stale sessions detected.
[2026-08-28T05:40:01.843Z] Connecting to catalog DB...
[2026-08-28T05:40:01.938Z] No stale sessions detected.
[2026-08-28T05:45:02.724Z] Connecting to catalog DB...
[2026-08-28T05:45:02.837Z] No stale sessions detected.
[2026-08-28T05:50:01.413Z] Connecting to catalog DB...
[2026-08-28T05:50:01.483Z] No stale sessions detected.
[2026-08-28T05:55:01.912Z] Connecting to catalog DB...
[2026-08-28T05:55:01.983Z] No stale sessions detected.
[2026-08-28T06:00:04.255Z] Connecting to catalog DB...
[2026-08-28T06:00:04.502Z] No stale sessions detected.
[2026-08-28T06:05:01.247Z] Connecting to catalog DB...
[2026-08-28T06:05:01.331Z] No stale sessions detected.
[2026-08-28T06:10:02.424Z] Connecting to catalog DB...
[2026-08-28T06:10:02.601Z] No stale sessions detected.
[2026-08-28T06:15:03.079Z] Connecting to catalog DB...
[2026-08-28T06:15:03.627Z] No stale sessions detected.
[2026-08-28T06:20:02.286Z] Connecting to catalog DB...
[2026-08-28T06:20:02.479Z] No stale sessions detected.
[2026-08-28T06:25:01.634Z] Connecting to catalog DB...
[2026-08-28T06:25:01.742Z] No stale sessions detected.
[2026-08-28T06:30:05.270Z] Connecting to catalog DB...
[2026-08-28T06:30:07.241Z] No stale sessions detected.
[2026-08-28T06:35:02.201Z] Connecting to catalog DB...
[2026-08-28T06:35:03.018Z] No stale sessions detected.
[2026-08-28T06:40:02.165Z] Connecting to catalog DB...
[2026-08-28T06:40:02.454Z] No stale sessions detected.
[2026-08-28T06:45:02.527Z] Connecting to catalog DB...
[2026-08-28T06:45:04.118Z] No stale sessions detected.
[2026-08-28T06:50:02.607Z] Connecting to catalog DB...
[2026-08-28T06:50:02.803Z] No stale sessions detected.
[2026-08-28T06:55:02.173Z] Connecting to catalog DB...
[2026-08-28T06:55:02.369Z] No stale sessions detected.
[2026-08-28T07:00:04.482Z] Connecting to catalog DB...
[2026-08-28T07:00:05.031Z] No stale sessions detected.
[2026-08-28T07:05:02.207Z] Connecting to catalog DB...
[2026-08-28T07:05:02.437Z] No stale sessions detected.
[2026-08-28T07:10:01.858Z] Connecting to catalog DB...
[2026-08-28T07:10:01.993Z] No stale sessions detected.
[2026-08-28T07:15:03.344Z] Connecting to catalog DB...
[2026-08-28T07:15:03.974Z] No stale sessions detected.
[2026-08-28T07:20:03.509Z] Connecting to catalog DB...
[2026-08-28T07:20:03.812Z] No stale sessions detected.
[2026-08-28T07:25:02.180Z] Connecting to catalog DB...
[2026-08-28T07:25:02.358Z] No stale sessions detected.
[2026-08-28T07:30:02.220Z] Connecting to catalog DB...
[2026-08-28T07:30:03.074Z] No stale sessions detected.
[2026-08-28T07:35:01.381Z] Connecting to catalog DB...
[2026-08-28T07:35:03.002Z] No stale sessions detected.
[2026-08-28T07:40:02.299Z] Connecting to catalog DB...
[2026-08-28T07:40:02.402Z] No stale sessions detected.
[2026-08-28T07:45:02.044Z] Connecting to catalog DB...
[2026-08-28T07:45:02.178Z] No stale sessions detected.
[2026-08-28T07:50:02.072Z] Connecting to catalog DB...
[2026-08-28T07:50:02.139Z] Found 1 stale session(s) (threshold 15m):
[2026-08-28T07:50:02.139Z]   pid=1474071 user=ingest_rw state=active age=18m app= query=
      WITH oldest AS (
        SELECT id
        FROM merchants
        WHERE onboarding_stage = 'discovered'
          AND scrape_error IS NOT NULL AND scrape_error != ''
         AND scrape_error N
[2026-08-28T07:50:02.144Z]   cancelled pid=1474071
[2026-08-28T07:50:02.144Z] Waiting 60s for cancellations to propagate...
[2026-08-28T07:51:02.566Z]   TERMINATED pid=1474071 (survived cancel, age=55s)
[2026-08-28T07:51:02.566Z] Done — 1 cancelled, 1 terminated.
[2026-08-28T07:55:01.840Z] Connecting to catalog DB...
[2026-08-28T07:55:01.962Z] No stale sessions detected.
[2026-08-28T08:00:03.307Z] Connecting to catalog DB...
[2026-08-28T08:00:03.874Z] No stale sessions detected.
[2026-08-28T08:05:02.061Z] Connecting to catalog DB...
[2026-08-28T08:05:02.165Z] No stale sessions detected.
[2026-08-28T08:10:01.746Z] Connecting to catalog DB...
[2026-08-28T08:10:01.864Z] No stale sessions detected.
[2026-08-28T08:15:02.086Z] Connecting to catalog DB...
[2026-08-28T08:15:02.458Z] No stale sessions detected.
[2026-08-28T08:20:01.700Z] Connecting to catalog DB...
[2026-08-28T08:20:01.790Z] No stale sessions detected.
[2026-08-28T08:25:02.322Z] Connecting to catalog DB...
[2026-08-28T08:25:02.591Z] No stale sessions detected.
[2026-08-28T08:30:04.067Z] Connecting to catalog DB...
[2026-08-28T08:30:04.648Z] No stale sessions detected.
[2026-08-28T08:35:02.777Z] Connecting to catalog DB...
[2026-08-28T08:35:03.102Z] No stale sessions detected.
[2026-08-28T08:40:02.883Z] Connecting to catalog DB...
[2026-08-28T08:40:03.143Z] No stale sessions detected.
[2026-08-28T08:45:02.369Z] Connecting to catalog DB...
[2026-08-28T08:45:02.724Z] No stale sessions detected.
[2026-08-28T08:50:02.264Z] Connecting to catalog DB...
[2026-08-28T08:50:02.331Z] No stale sessions detected.
[2026-08-28T08:55:01.675Z] Connecting to catalog DB...
[2026-08-28T08:55:01.754Z] No stale sessions detected.
[2026-08-28T09:00:02.326Z] Connecting to catalog DB...
[2026-08-28T09:00:02.548Z] No stale sessions detected.
[2026-08-28T09:05:01.938Z] Connecting to catalog DB...
[2026-08-28T09:05:02.158Z] No stale sessions detected.
[2026-08-28T09:10:02.227Z] Connecting to catalog DB...
[2026-08-28T09:10:02.369Z] No stale sessions detected.
[2026-08-28T09:15:02.209Z] Connecting to catalog DB...
[2026-08-28T09:15:02.516Z] No stale sessions detected.
[2026-08-28T09:20:01.754Z] Connecting to catalog DB...
[2026-08-28T09:20:01.869Z] No stale sessions detected.
[2026-08-28T09:25:01.935Z] Connecting to catalog DB...
[2026-08-28T09:25:02.008Z] No stale sessions detected.
[2026-08-28T09:30:02.766Z] Connecting to catalog DB...
[2026-08-28T09:30:03.032Z] No stale sessions detected.
[2026-08-28T09:35:02.316Z] Connecting to catalog DB...
[2026-08-28T09:35:02.615Z] No stale sessions detected.
[2026-08-28T09:40:02.322Z] Connecting to catalog DB...
[2026-08-28T09:40:02.428Z] No stale sessions detected.
[2026-08-28T09:45:02.402Z] Connecting to catalog DB...
[2026-08-28T09:45:02.635Z] No stale sessions detected.
[2026-08-28T09:50:02.288Z] Connecting to catalog DB...
[2026-08-28T09:50:02.390Z] No stale sessions detected.
[2026-08-28T09:55:02.211Z] Connecting to catalog DB...
[2026-08-28T09:55:02.959Z] No stale sessions detected.
[2026-08-28T10:00:03.170Z] Connecting to catalog DB...
[2026-08-28T10:00:03.561Z] No stale sessions detected.
[2026-08-28T10:05:02.074Z] Connecting to catalog DB...
[2026-08-28T10:05:02.149Z] No stale sessions detected.
[2026-08-28T10:10:02.346Z] Connecting to catalog DB...
[2026-08-28T10:10:02.446Z] No stale sessions detected.
[2026-08-28T10:15:01.739Z] Connecting to catalog DB...
[2026-08-28T10:15:02.117Z] No stale sessions detected.
[2026-08-28T10:20:01.755Z] Connecting to catalog DB...
[2026-08-28T10:20:01.836Z] No stale sessions detected.
[2026-08-28T10:25:01.456Z] Connecting to catalog DB...
[2026-08-28T10:25:01.543Z] No stale sessions detected.
[2026-08-28T10:30:02.892Z] Connecting to catalog DB...
[2026-08-28T10:30:03.003Z] No stale sessions detected.
[2026-08-28T10:35:01.586Z] Connecting to catalog DB...
[2026-08-28T10:35:01.667Z] No stale sessions detected.
[2026-08-28T10:40:02.068Z] Connecting to catalog DB...
[2026-08-28T10:40:02.257Z] No stale sessions detected.
[2026-08-28T10:45:01.452Z] Connecting to catalog DB...
[2026-08-28T10:45:01.770Z] No stale sessions detected.
[2026-08-28T10:50:02.326Z] Connecting to catalog DB...
[2026-08-28T10:50:02.391Z] No stale sessions detected.
[2026-08-28T10:55:01.432Z] Connecting to catalog DB...
[2026-08-28T10:55:01.497Z] No stale sessions detected.
[2026-08-28T11:00:02.505Z] Connecting to catalog DB...
[2026-08-28T11:00:02.714Z] No stale sessions detected.
[2026-08-28T11:05:01.255Z] Connecting to catalog DB...
[2026-08-28T11:05:01.320Z] No stale sessions detected.
[2026-08-28T11:10:01.783Z] Connecting to catalog DB...
[2026-08-28T11:10:09.075Z] FATAL: read ECONNRESET
[2026-08-28T11:15:01.927Z] Connecting to catalog DB...
[2026-08-28T11:15:02.072Z] No stale sessions detected.
[2026-08-28T11:20:02.305Z] Connecting to catalog DB...
[2026-08-28T11:20:02.418Z] No stale sessions detected.
[2026-08-28T11:25:01.557Z] Connecting to catalog DB...
[2026-08-28T11:25:01.673Z] No stale sessions detected.
[2026-08-28T11:30:02.532Z] Connecting to catalog DB...
[2026-08-28T11:30:02.728Z] No stale sessions detected.
[2026-08-28T11:35:01.767Z] Connecting to catalog DB...
[2026-08-28T11:35:01.851Z] No stale sessions detected.
[2026-08-28T11:40:01.931Z] Connecting to catalog DB...
[2026-08-28T11:40:02.023Z] No stale sessions detected.
[2026-08-28T11:45:02.282Z] Connecting to catalog DB...
[2026-08-28T11:45:02.406Z] No stale sessions detected.
[2026-08-28T11:50:01.573Z] Connecting to catalog DB...
[2026-08-28T11:50:01.682Z] No stale sessions detected.
[2026-08-28T11:55:01.493Z] Connecting to catalog DB...
[2026-08-28T11:55:01.583Z] No stale sessions detected.
[2026-08-28T12:00:01.897Z] Connecting to catalog DB...
[2026-08-28T12:00:02.163Z] No stale sessions detected.
[2026-08-28T12:05:01.817Z] Connecting to catalog DB...
[2026-08-28T12:05:02.033Z] No stale sessions detected.
[2026-08-28T12:10:02.324Z] Connecting to catalog DB...
[2026-08-28T12:10:02.393Z] No stale sessions detected.
[2026-08-28T12:15:01.387Z] Connecting to catalog DB...
[2026-08-28T12:15:01.536Z] No stale sessions detected.
[2026-08-28T12:20:02.389Z] Connecting to catalog DB...
[2026-08-28T12:20:02.502Z] No stale sessions detected.
[2026-08-28T12:25:01.445Z] Connecting to catalog DB...
[2026-08-28T12:25:01.514Z] No stale sessions detected.
